02-10 06:09:32.947  1798  4877 D _V_VivoFloatWindowManager: bindWindowToActivityRecordIfNeeded, win=Window{com.vivo.floatingball:3e7f965 u0 FloatingBallExpandedView} task=null
02-10 06:09:32.950  1798  4877 D _V_InsetsSourceProvider: Window{com.android.systemui:d0a75a6 u0 StatusBar} updateControlForTarget Window{com.vivo.floatingball:3e7f965 u0 FloatingBallExpandedView}
02-10 06:09:32.952  1798  4877 D _V_InsetsSourceProvider: Window{com.android.systemui:c2e2762 u0 NavigationBar0} updateControlForTarget Window{com.vivo.floatingball:3e7f965 u0 FloatingBallExpandedView}
02-10 06:09:32.955  1798  4877 D WindowManager: updateFocusedWindowLocked: dc focus: Window{com.vivo.floatingball:3e7f965 u0 FloatingBallExpandedView}
02-10 06:09:34.003  1798  1816 D WindowManager: updateFocusedWindowLocked begin: mTopFocusedDisplayId: 0  ,updateInputWindows: true  ,focus: Window{com.vivo.floatingball:3e7f965 u0 FloatingBallExpandedView}
02-10 06:09:34.004  1798  1816 D WindowManager: updateFocusedWindowLocked: dc focus: Window{com.vivo.floatingball:3e7f965 u0 FloatingBallExpandedView}
02-10 06:09:34.029  1798  5322 D WindowManager: updateFocusedWindowLocked begin: mTopFocusedDisplayId: 0  ,updateInputWindows: true  ,focus: Window{com.vivo.floatingball:3e7f965 u0 FloatingBallExpandedView}
02-10 06:09:34.030  1798  5322 D WindowManager: updateFocusedWindowLocked: dc focus: Window{com.vivo.floatingball:3e7f965 u0 FloatingBallExpandedView}
02-10 06:09:34.364  1798  4676 D WindowManager: updateFocusedWindowLocked begin: mTopFocusedDisplayId: 0  ,updateInputWindows: true  ,focus: Window{com.vivo.floatingball:3e7f965 u0 FloatingBallExpandedView}
02-10 06:09:34.364  1798  4676 D WindowManager: updateFocusedWindowLocked: dc focus: Window{com.vivo.floatingball:3e7f965 u0 FloatingBallExpandedView}
02-10 06:09:34.367  1798  4676 I WindowManager: Relayout Window{com.vivo.floatingball:3e7f965 u0 FloatingBallExpandedView}: oldVis=0, newVis=0, requestedWidth=720, requestedHeight=1600, attrs.width=-1, attrs.height=-1, compatFrame = Rect(0, 0 - 720, 1600), mAttrs.privateFlags = 12000002, mInvGlobalScale = 1.0
02-10 06:09:34.377  1798  1825 D TAG     : setFocusedWindow: displayId: 0  ,name: 3e7f965 FloatingBallExpandedView
02-10 06:09:34.688  1798  2875 D WindowManager: updateFocusedWindowLocked begin: mTopFocusedDisplayId: 0  ,updateInputWindows: true  ,focus: Window{com.vivo.floatingball:3e7f965 u0 FloatingBallExpandedView}
02-10 06:09:34.689  1798  2875 D WindowManager: updateFocusedWindowLocked: dc focus: Window{com.vivo.floatingball:3e7f965 u0 FloatingBallExpandedView}
02-10 06:09:34.706  1798  1817 D _V_WindowManager: finishDrawingWindow: Window{com.vivo.floatingball:3e7f965 u0 FloatingBallExpandedView} mDrawState=DRAW_PENDING
02-10 06:09:34.850  1798  2871 D WindowManager: updateFocusedWindowLocked begin: mTopFocusedDisplayId: 0  ,updateInputWindows: true  ,focus: Window{com.vivo.floatingball:3e7f965 u0 FloatingBallExpandedView}
02-10 06:09:34.850  1798  2871 D WindowManager: updateFocusedWindowLocked: dc focus: Window{com.vivo.floatingball:3e7f965 u0 FloatingBallExpandedView}
02-10 06:09:34.926  1798  5319 D WindowManager: updateFocusedWindowLocked begin: mTopFocusedDisplayId: 0  ,updateInputWindows: true  ,focus: Window{com.vivo.floatingball:3e7f965 u0 FloatingBallExpandedView}
02-10 06:09:34.937  1798  5319 I WindowManager: Relayout Window{com.vivo.floatingball:3e7f965 u0 FloatingBallExpandedView}: oldVis=0, newVis=8, requestedWidth=720, requestedHeight=1600, attrs.width=null, attrs.height=null, compatFrame = Rect(0, 0 - 720, 1600), mAttrs.privateFlags = null, mInvGlobalScale = 1.0
02-10 06:09:45.965  1798  1822 D DeviceIdleController: Adding AppId 10185 to temp whitelist. New entry: false
02-10 06:09:47.204  1798  1816 I ActivityManager: Killing 3804:com.google.android.permissioncontroller/u999a219 (adj 965): empty #17
02-10 06:09:50.560  1798  4958 I ActivityManager: Killing 6129:com.vivo.doubletimezoneclock/u0a138 (adj 965): empty #17
02-10 06:09:51.709  1798  2875 I ActivityManager: Killing 4773:com.android.printspooler/u0a158 (adj 965): empty #17
02-10 06:09:57.567  1798  1851 I ActivityManager: Killing 3433:com.bbk.updater/u0a154 (adj 965): Not important process
02-10 06:10:01.225  1798  4878 I ActivityManager: Killing 4679:com.android.keychain/1000 (adj 965): empty #17
02-10 06:10:02.332  1798  5959 I ActivityManager: Killing 5990:com.google.android.webview:webview_service/u0a202 (adj 965): empty #17
02-10 06:10:02.965  1798  2201 D _V_VivoPowerManagerService: button light 0 111 trun off
02-10 06:10:02.965  1798  2201 D _V_VivoPowerManagerService: button light 0 111 trun off
02-10 06:10:08.848  1798  2875 I ActivityManager: Killing 6596:com.vivo.timerwidget/u0a244 (adj 965): empty #17
02-10 06:10:09.103  1798  2875 I ActivityManager: Killing 7599:com.vivo.widget.gallery/u0a171 (adj 965): empty #17
02-10 06:10:10.480  1798  2873 I ActivityManager: Killing 7560:com.vivo.networkimprove/u0a135 (adj 965): empty #17
02-10 06:10:14.656  1798  2717 I ActivityManager: Killing 7229:com.simejikeyboard:push/u0a504 (adj 965): empty #17
02-10 06:10:16.965  1798  1825 D _V_BarAnimController: notifyBarReparent status reparent to ActivityRecord{da31d01 u0 com.whatsapp.w4b/com.whatsapp.Main t92567 d0}
02-10 06:10:16.965  1798  1825 D WindowManager: canReceiveKeys: false.
02-10 06:10:19.236  1798  5322 I ActivityManager: Killing 8289:blibli.mobile.commerce/u0a28 (adj 965): empty #17
02-10 06:10:25.901  1798  4677 I ActivityManager: Killing 8799:com.android.deskclock/u0a107 (adj 965): empty #17
02-10 06:10:27.989  1798  2875 I ActivityManager: Killing 8823:com.android.dynsystem/1000 (adj 965): empty #17
02-10 06:10:28.416  1798  2875 I ActivityManager: Killing 8842:com.android.managedprovisioning/u0a80 (adj 965): empty #17
02-10 06:10:28.965  1798  1962 D DeviceIdleController: Setting wakelock temp whitelist to [1000, 1001, 2000, 10071, 10072, 10132, 10149, 10154, 10173, 10180, 10183, 10185, 10187, 10192, 10193, 10194, 10197, 10199, 10207, 10220, 10221]
02-10 06:10:30.228  1798  5320 I ActivityManager: Killing 8584:com.facebook.system/u0a61 (adj 965): empty #17
02-10 06:10:33.539  1798  1851 I ActivityManager: Killing 8313:com.facebook.appmanager/u0a132 (adj 965): Not important process
02-10 06:10:47.965  1798  4676 D _V_VivoPowerManagerService: button light 0 111 trun off
02-10 06:10:51.965  1798  2717 D _V_VivoWidgetAppControllx: mWidgetStartSwitch is false
02-10 06:11:02.440  1798  5319 I ActivityManager: Killing 11083:com.mediatek.batterywarning/u0a246 (adj 965): empty #17
02-10 06:11:04.052  1798  4677 I ActivityManager: Killing 11196:com.vivo.game/u0a127 (adj 965): empty #17
02-10 06:11:04.647  1798  1816 I ActivityManager: Killing 11301:com.vivo.omacp/1001 (adj 965): empty #17
02-10 06:11:22.463 14409 14409 F DEBUG   :       #00 pc 000000000004ff74  /apex/com.android.runtime/lib64/bionic/libc.so (abort+180) (BuildId: 3cf600896578484f9ee24df4f1e36b7d)
02-10 06:11:22.476 14409 14409 F DEBUG   :       #21 pc 0000000000048a00  /apex/com.android.runtime/lib64/bionic/libc.so (__libc_init+96) (BuildId: 3cf600896578484f9ee24df4f1e36b7d)
02-10 06:11:54.089 16843 16965 E ActivityThread: Failed to find provider info for com.facebook.appmanager.nekodirect
02-10 06:12:27.965  1798 19255 D _V_VibrationThread: nextStep.calculateWaitTime is 0
02-10 06:12:27.965  1798 19255 D _V_VibrationThread: consume step
02-10 06:12:27.965  1798 19255 D VibrationThread: Running amplitude step with 0ms latency.
02-10 06:12:27.965  1798 19255 D _V_VibrationThread: stepSegmentStep{amplitude=1.0, frequency=NaN, duration=300}
02-10 06:12:27.965  1798 19255 D VibrationThread: Turning on vibrator 1 for 300ms
02-10 06:12:27.965  1798 19255 D _V_VibratorManagerService: Turn vibrator on for 300 s, vibrationId:76
02-10 06:12:33.546  1798  1816 I ActivityManager: Killing 17855:com.pure.indosat.care:pushservice/u0a457 (adj 965): empty #17
02-10 06:12:38.965  1798  2875 W _V_PackageManager: setEnabledSetting  packageName:com.google.android.gms className:com.google.android.gms.constellation.ui.ConstellationSettingsActivity newState:1 userId:999 callingPackage:null callingUid:99910186 callingPid:4236
02-10 06:12:43.965  1798  5319 D CompatibilityChangeReporter: Compat change id reported: 168419799; UID 10003; state: DISABLED
02-10 06:13:55.965  1798  2882 W _V_PackageManager: setEnabledSetting  packageName:com.facebook.appmanager className:com.facebook.oxygen.appmanager.firstparty.tos.ShouldAcceptTos newState:2 userId:0 callingPackage:null callingUid:10132 callingPid:24008
02-10 06:30:34.965  1798  2191 E _V_RichTapVibratorService: getExtension == null
02-10 06:38:49.965  1798  4955 D _V_VivoPowerManagerService: button light 0 111 trun off
02-10 06:54:27.965  1798  2191 E _V_RichTapVibratorService: getExtension == null
02-10 07:02:58.763 26600 26600 F DEBUG   :       #00 pc 000000000004ff74  /apex/com.android.runtime/lib64/bionic/libc.so (abort+180) (BuildId: 3cf600896578484f9ee24df4f1e36b7d)
02-10 07:02:58.764 26600 26600 F DEBUG   :       #21 pc 0000000000048a00  /apex/com.android.runtime/lib64/bionic/libc.so (__libc_init+96) (BuildId: 3cf600896578484f9ee24df4f1e36b7d)
02-10 07:08:34.115 31022 31022 F DEBUG   :       #00 pc 000000000004ff74  /apex/com.android.runtime/lib64/bionic/libc.so (abort+180) (BuildId: 3cf600896578484f9ee24df4f1e36b7d)
02-10 07:08:34.117 31022 31022 F DEBUG   :       #21 pc 0000000000048a00  /apex/com.android.runtime/lib64/bionic/libc.so (__libc_init+96) (BuildId: 3cf600896578484f9ee24df4f1e36b7d)
02-10 07:12:52.965  1798  4878 E _V_RichTapVibratorService: getExtension == null
02-10 07:42:52.965  1798  2732 E _V_RichTapVibratorService: getExtension == null
02-10 07:44:33.900  1333  1333 E wificond: vivo add tx_good 7539 tx_bad 0 rx_good 9653 tx_retry 183 tx_retry_times 0
02-10 07:47:10.965  1798  4676 E _V_RichTapVibratorService: getExtension == null
02-10 07:50:03.874  1333  1333 E wificond: vivo add tx_good 9656 tx_bad 0 rx_good 12936 tx_retry 193 tx_retry_times 0
02-10 07:51:44.965  1798  1798 E NotificationListeners: notification listener ComponentInfo{com.gbwhatsapp/com.san.a.NotifyM} could not be unbound
02-10 07:51:44.965  1798  1798 E NotificationListeners: java.lang.IllegalArgumentException: Service not registered: com.android.server.notification.ManagedServices$1@5405fde
02-10 07:51:44.965  1798  1798 E NotificationListeners: 	at android.app.LoadedApk.forgetServiceDispatcher(LoadedApk.java:1973)
02-10 07:51:44.965  1798  1798 E NotificationListeners: 	at android.app.ContextImpl.unbindService(ContextImpl.java:2074)
02-10 07:51:44.965  1798  1798 E NotificationListeners: 	at com.android.server.notification.ManagedServices.unbindService(ManagedServices.java:1678)
02-10 07:51:44.965  1798  1798 E NotificationListeners: 	at com.android.server.notification.ManagedServices.registerServiceLocked(ManagedServices.java:1478)
02-10 07:51:44.965  1798  1798 E NotificationListeners: 	at com.android.server.notification.ManagedServices.registerServiceLocked(ManagedServices.java:1454)
02-10 07:51:44.965  1798  1798 E NotificationListeners: 	at com.android.server.notification.ManagedServices.registerService(ManagedServices.java:1440)
02-10 07:51:44.965  1798  1798 E NotificationListeners: 	at com.android.server.notification.ManagedServices.registerService(ManagedServices.java:1434)
02-10 07:51:44.965  1798  1798 E NotificationListeners: 	at com.android.server.notification.ManagedServices.bindToServices(ManagedServices.java:1420)
02-10 07:51:44.965  1798  1798 E NotificationListeners: 	at com.android.server.notification.ManagedServices.rebindServices(ManagedServices.java:1357)
02-10 07:51:44.965  1798  1798 E NotificationListeners: 	at com.android.server.notification.ManagedServices.onPackagesChanged(ManagedServices.java:944)
02-10 07:51:44.965  1798  1798 E NotificationListeners: 	at com.android.server.notification.NotificationManagerService$NotificationListeners.onPackagesChanged(NotificationManagerService.java:11333)
02-10 07:51:44.965  1798  1798 E NotificationListeners: 	at com.android.server.notification.NotificationManagerService.handleOnPackageChanged(NotificationManagerService.java:9222)
02-10 07:51:44.965  1798  1798 E NotificationListeners: 	at com.android.server.notification.NotificationManagerService$WorkerHandler.handleMessage(NotificationManagerService.java:9268)
02-10 07:51:44.965  1798  1798 E NotificationListeners: 	at android.os.Handler.dispatchMessage(Handler.java:106)
02-10 07:51:44.965  1798  1798 E NotificationListeners: 	at android.os.Looper.loopOnce(Looper.java:233)
02-10 07:51:44.965  1798  1798 E NotificationListeners: 	at android.os.Looper.loop(Looper.java:334)
02-10 07:51:44.965  1798  1798 E NotificationListeners: 	at com.android.server.SystemServer.run(SystemServer.java:1018)
02-10 07:51:44.965  1798  1798 E NotificationListeners: 	at com.android.server.SystemServer.main(SystemServer.java:656)
02-10 07:51:44.965  1798  1798 E NotificationListeners: 	at java.lang.reflect.Method.invoke(Native Method)
02-10 07:51:44.965  1798  1798 E NotificationListeners: 	at com.android.internal.os.RuntimeInit$MethodAndArgsCaller.run(RuntimeInit.java:582)
02-10 07:51:44.965  1798  1798 E NotificationListeners: 	at com.android.internal.os.ZygoteInit.main(ZygoteInit.java:1046)
02-10 08:08:23.965  1333  1333 E wificond: vivo add tx_good 21030 tx_bad 0 rx_good 40262 tx_retry 620 tx_retry_times 0
02-10 08:11:36.965  1798  5320 E _V_RichTapVibratorService: getExtension == null
02-10 08:16:48.656  1333  1333 E wificond: vivo add tx_good 29652 tx_bad 0 rx_good 54342 tx_retry 839 tx_retry_times 0
02-10 08:16:51.682  1333  1333 E wificond: vivo add tx_good 29654 tx_bad 0 rx_good 54344 tx_retry 839 tx_retry_times 0
02-10 08:16:54.716  1333  1333 E wificond: vivo add tx_good 29654 tx_bad 0 rx_good 54344 tx_retry 839 tx_retry_times 0
02-10 08:16:57.740  1333  1333 E wificond: vivo add tx_good 29656 tx_bad 0 rx_good 54346 tx_retry 839 tx_retry_times 0
02-10 08:17:00.764  1333  1333 E wificond: vivo add tx_good 29659 tx_bad 0 rx_good 54349 tx_retry 839 tx_retry_times 0
02-10 08:36:40.536  1333  1333 E wificond: vivo add tx_good 39383 tx_bad 0 rx_good 66965 tx_retry 1010 tx_retry_times 0
02-10 08:36:52.618  1333  1333 E wificond: vivo add tx_good 39659 tx_bad 0 rx_good 67223 tx_retry 1010 tx_retry_times 0
02-10 09:00:26.832  1333  1333 E wificond: vivo add tx_good 46965 tx_bad 0 rx_good 76840 tx_retry 1143 tx_retry_times 0
02-10 09:20:00.965  1798  1798 E _V_RichTapVibratorService: getExtension == null
02-10 09:30:42.965  1333  1333 E wificond: Failed to get NL80211_STA_INFO_AIRTIME_LINK_METRIC as txretrytimes
02-10 09:30:42.965  1333  1333 E wificond: vivo add tx_good 4488 tx_bad 0 rx_good 4489 tx_retry 94 tx_retry_times 0
02-10 09:44:57.469  1333  1333 E wificond: vivo add tx_good 20965 tx_bad 0 rx_good 34735 tx_retry 257 tx_retry_times 0
02-10 09:56:40.965  1333  1333 E wificond: Failed to get NL80211_STA_INFO_AIRTIME_LINK_METRIC as txretrytimes
02-10 09:56:40.965  1333  1333 E wificond: vivo add tx_good 22040 tx_bad 0 rx_good 35855 tx_retry 272 tx_retry_times 0
02-10 10:00:15.965  1333  1333 E wificond: Failed to get NL80211_STA_INFO_AIRTIME_LINK_METRIC as txretrytimes
02-10 10:05:31.714   908   908 F DEBUG   :       #00 pc 000000000004ff74  /apex/com.android.runtime/lib64/bionic/libc.so (abort+180) (BuildId: 3cf600896578484f9ee24df4f1e36b7d)
02-10 10:05:31.716   908   908 F DEBUG   :       #21 pc 0000000000048a00  /apex/com.android.runtime/lib64/bionic/libc.so (__libc_init+96) (BuildId: 3cf600896578484f9ee24df4f1e36b7d)
02-10 10:16:12.965  1798  1798 E _V_BBKTouchScreenServiceService: packageName:null
02-10 10:23:25.435  1333  1333 E wificond: vivo add tx_good 24965 tx_bad 0 rx_good 38961 tx_retry 293 tx_retry_times 0
02-10 10:23:28.465  1333  1333 E wificond: vivo add tx_good 24966 tx_bad 0 rx_good 38965 tx_retry 293 tx_retry_times 0
02-10 10:29:50.557  1333  1333 E wificond: vivo add tx_good 25615 tx_bad 0 rx_good 39653 tx_retry 299 tx_retry_times 0
02-10 10:29:53.596  1333  1333 E wificond: vivo add tx_good 25615 tx_bad 0 rx_good 39653 tx_retry 299 tx_retry_times 0
02-10 10:29:56.628  1333  1333 E wificond: vivo add tx_good 25615 tx_bad 0 rx_good 39653 tx_retry 299 tx_retry_times 0
02-10 10:29:59.662  1333  1333 E wificond: vivo add tx_good 25615 tx_bad 0 rx_good 39656 tx_retry 299 tx_retry_times 0
02-10 10:30:02.687  1333  1333 E wificond: vivo add tx_good 25617 tx_bad 0 rx_good 39658 tx_retry 299 tx_retry_times 0
02-10 10:30:05.721  1333  1333 E wificond: vivo add tx_good 25617 tx_bad 0 rx_good 39658 tx_retry 299 tx_retry_times 0
02-10 10:57:01.965  1333  1333 E wificond: Failed to get NL80211_STA_INFO_AIRTIME_LINK_METRIC as txretrytimes
02-10 10:57:01.965  1333  1333 E wificond: vivo add tx_good 27203 tx_bad 0 rx_good 42486 tx_retry 325 tx_retry_times 0
02-10 10:59:07.301  9561  9561 F DEBUG   :       #00 pc 000000000004ff74  /apex/com.android.runtime/lib64/bionic/libc.so (abort+180) (BuildId: 3cf600896578484f9ee24df4f1e36b7d)
02-10 10:59:07.303  9561  9561 F DEBUG   :       #21 pc 0000000000048a00  /apex/com.android.runtime/lib64/bionic/libc.so (__libc_init+96) (BuildId: 3cf600896578484f9ee24df4f1e36b7d)
02-10 11:10:10.980 11914 11914 F DEBUG   :       #00 pc 000000000004ff74  /apex/com.android.runtime/lib64/bionic/libc.so (abort+180) (BuildId: 3cf600896578484f9ee24df4f1e36b7d)
02-10 11:10:10.985 11914 11914 F DEBUG   :       #21 pc 0000000000048a00  /apex/com.android.runtime/lib64/bionic/libc.so (__libc_init+96) (BuildId: 3cf600896578484f9ee24df4f1e36b7d)
02-10 11:11:07.714  1333  1333 E wificond: vivo add tx_good 29652 tx_bad 0 rx_good 45151 tx_retry 349 tx_retry_times 0
02-10 11:13:05.999  1333  1333 E wificond: vivo add tx_good 29965 tx_bad 0 rx_good 45507 tx_retry 350 tx_retry_times 0
02-10 11:14:39.965  1333  1333 E wificond: Failed to get NL80211_STA_INFO_AIRTIME_LINK_METRIC as txretrytimes
02-10 11:19:21.947  1333  1333 E wificond: vivo add tx_good 31056 tx_bad 0 rx_good 46965 tx_retry 366 tx_retry_times 0
02-10 11:25:22.840  1333  1333 E wificond: vivo add tx_good 32845 tx_bad 0 rx_good 49653 tx_retry 411 tx_retry_times 0
02-10 11:25:25.871  1333  1333 E wificond: vivo add tx_good 32845 tx_bad 0 rx_good 49653 tx_retry 411 tx_retry_times 0
02-10 11:25:28.908  1333  1333 E wificond: vivo add tx_good 32846 tx_bad 0 rx_good 49654 tx_retry 411 tx_retry_times 0
02-10 11:39:28.656  1333  1333 E wificond: vivo add tx_good 33757 tx_bad 0 rx_good 50965 tx_retry 421 tx_retry_times 0
02-10 11:57:15.965  1333  1333 E wificond: Failed to get NL80211_STA_INFO_AIRTIME_LINK_METRIC as txretrytimes
02-10 12:30:29.396 20965 20965 F libc    : Fatal signal 6 (SIGABRT), code -1 (SI_QUEUE) in tid 20965 (app_process), pid 20965 (app_process)
02-10 12:30:29.997 20986 20986 F DEBUG   : pid: 20965, tid: 20965, name: app_process  >>> app_process <<<
02-10 12:30:29.997 20986 20986 F DEBUG   :       #00 pc 000000000004ff74  /apex/com.android.runtime/lib64/bionic/libc.so (abort+180) (BuildId: 3cf600896578484f9ee24df4f1e36b7d)
02-10 12:30:29.998 20986 20986 F DEBUG   :       #21 pc 0000000000048a00  /apex/com.android.runtime/lib64/bionic/libc.so (__libc_init+96) (BuildId: 3cf600896578484f9ee24df4f1e36b7d)
02-10 12:52:17.965  1333  1333 E wificond: Failed to get NL80211_STA_INFO_AIRTIME_LINK_METRIC as txretrytimes
02-10 12:56:53.965  1333  1333 E wificond: Failed to get NL80211_STA_INFO_AIRTIME_LINK_METRIC as txretrytimes
02-10 13:21:54.936  1333  1333 E wificond: vivo add tx_good 41260 tx_bad 0 rx_good 59657 tx_retry 538 tx_retry_times 0
02-10 13:21:57.967  1333  1333 E wificond: vivo add tx_good 41260 tx_bad 0 rx_good 59659 tx_retry 538 tx_retry_times 0
02-10 14:42:54.965  1798  2893 D JobServiceContext: doCallback of : JobStatus{7f073a8 #u999a300/4 com.whatsapp/.push.RegistrationIntentService u=999 s=99910300 TIME=none:-71ms READY} v:VERB_EXECUTING
02-10 14:42:54.965  1798  2893 D _V_VivoPowerManagerService: button light 0 222 trun off
02-10 15:17:04.926 28512 28512 F DEBUG   :       #00 pc 000000000004ff74  /apex/com.android.runtime/lib64/bionic/libc.so (abort+180) (BuildId: 3cf600896578484f9ee24df4f1e36b7d)
02-10 15:17:04.926 28512 28512 F DEBUG   :       #21 pc 0000000000048a00  /apex/com.android.runtime/lib64/bionic/libc.so (__libc_init+96) (BuildId: 3cf600896578484f9ee24df4f1e36b7d)
02-10 15:44:37.347  1798  2882 W ActivityManager: Unbind failed: could not find connection for android.os.BinderProxy@f965197
02-10 15:57:02.965  1333  1333 E wificond: vivo add tx_good 399 tx_bad 0 rx_good 340 tx_retry 31 tx_retry_times 0
02-10 16:24:20.537  1333  1333 E wificond: vivo add tx_good 9657 tx_bad 117 rx_good 7373 tx_retry 4705 tx_retry_times 0
02-10 16:57:28.965  1333  1333 E wificond: Failed to get NL80211_STA_INFO_AIRTIME_LINK_METRIC as txretrytimes
02-10 16:57:28.965  1333  1333 E wificond: vivo add tx_good 18758 tx_bad 0 rx_good 17637 tx_retry 6937 tx_retry_times 0
02-10 16:59:50.965  1333  1333 E wificond: Failed to get NL80211_STA_INFO_AIRTIME_LINK_METRIC as txretrytimes
02-10 16:59:50.965  1333  1333 E wificond: vivo add tx_good 19969 tx_bad 0 rx_good 18654 tx_retry 7225 tx_retry_times 0
02-10 17:11:37.965  1798  2166 E _V_VivoDisplayOverlayController: sendTransaction failed ! Exception is : java.lang.SecurityException
02-10 17:18:39.089  6934  6934 F DEBUG   :       #00 pc 000000000004ff74  /apex/com.android.runtime/lib64/bionic/libc.so (abort+180) (BuildId: 3cf600896578484f9ee24df4f1e36b7d)
02-10 17:18:39.089  6934  6934 F DEBUG   :       #21 pc 0000000000048a00  /apex/com.android.runtime/lib64/bionic/libc.so (__libc_init+96) (BuildId: 3cf600896578484f9ee24df4f1e36b7d)
02-10 17:19:36.028  1333  1333 E wificond: vivo add tx_good 30965 tx_bad 0 rx_good 28277 tx_retry 9755 tx_retry_times 0
02-10 17:21:03.698  1333  1333 E wificond: vivo add tx_good 32831 tx_bad 0 rx_good 29965 tx_retry 10074 tx_retry_times 0
02-10 17:28:55.329  1333  1333 E wificond: vivo add tx_good 39653 tx_bad 0 rx_good 36405 tx_retry 11825 tx_retry_times 0
02-10 17:28:58.356  1333  1333 E wificond: vivo add tx_good 39658 tx_bad 0 rx_good 36410 tx_retry 11831 tx_retry_times 0
02-10 17:29:01.375  1333  1333 E wificond: vivo add tx_good 39658 tx_bad 0 rx_good 36412 tx_retry 11831 tx_retry_times 0
02-10 17:46:23.638  1333  1333 E wificond: vivo add tx_good 58965 tx_bad 0 rx_good 51722 tx_retry 16106 tx_retry_times 0
02-10 17:51:16.965  1798  2873 E _V_RichTapVibratorService: getExtension == null
02-10 18:22:17.540  1333  1333 E wificond: vivo add tx_good 9422 tx_bad 0 rx_good 9657 tx_retry 4541 tx_retry_times 0
02-10 18:23:21.965  1798  2439 E _V_RichTapVibratorService: getExtension == null
02-10 18:25:12.965  1798  2439 E _V_InputMethodManagerService: mCurId=com.simejikeyboard/com.baidu.simeji.SimejiIME ,mCurMethodId=com.simejikeyboard/com.baidu.simeji.SimejiIME
02-10 18:29:39.965  1798  4009 D _V_VibrationThread: nextStep.calculateWaitTime is 0
02-10 18:29:39.965  1798  4009 D _V_VibrationThread: consume step
02-10 18:29:39.965  1798  4009 D VibrationThread: Running complete vibration step on vibrator 1
02-10 18:29:39.965  1798  4009 D _V_VibrationThread: StepQueue add OffStep
02-10 18:29:39.965  1798  4009 D _V_VibrationThread: status = FINISHED, call onVibrationCompleted
02-10 18:29:39.965  1798  4009 D VibratorManagerService: Vibration 5526 finished with status FINISHED
02-10 18:29:39.965  1798  1974 D _V_VivoVibratorManagerServiceImpl: collect vibrator map={intensity=1.0, times=5, module=com.simejikeyboard, pattern=-1}
02-10 18:29:39.965  1798  4009 D _V_VibrationThread: nextStep.calculateWaitTime is 999
02-10 18:29:39.965  1798  4009 D _V_VibrationThread: need to delay 999ms
02-10 18:29:39.965  1798  4009 D _V_VibrationThread:                                 
02-10 18:29:39.965  1798  4009 D _V_VibrationThread:                                 
02-10 18:29:39.965  1798  9759 D VibratorManagerService: Vibration 5526 on vibrator 1 complete, notifying thread
02-10 18:29:39.965  1798  9759 D VibrationThread: Vibration complete reported by vibrator 1
02-10 18:29:39.965  1798  9759 D _V_VibrationThread: mPendingOnVibratorCompleteSteps.offer
02-10 18:29:39.965  1798  4009 D _V_VibrationThread: consume step
02-10 18:29:39.965  1798  4009 D VibrationThread: Turning off vibrator 1
02-10 18:29:39.965  1798  4009 D _V_VibratorManagerService: Turn vibrator off
02-10 18:39:03.387  1333  1333 E wificond: vivo add tx_good 37540 tx_bad 0 rx_good 33918 tx_retry 19654 tx_retry_times 0
02-10 18:43:46.965  1798  1817 E _V_InputMethodManagerService: mCurId=com.simejikeyboard/com.baidu.simeji.SimejiIME ,mCurMethodId=com.simejikeyboard/com.baidu.simeji.SimejiIME
02-10 18:46:13.965  1798  4882 E _V_RichTapVibratorService: getExtension == null
02-10 18:52:24.972  1333  1333 E wificond: vivo add tx_good 12093 tx_bad 0 rx_good 9655 tx_retry 5928 tx_retry_times 0
02-10 18:55:19.298  1333  1333 E wificond: vivo add tx_good 965 tx_bad 0 rx_good 556 tx_retry 447 tx_retry_times 0
02-10 18:55:43.469  1333  1333 E wificond: vivo add tx_good 1613 tx_bad 0 rx_good 965 tx_retry 805 tx_retry_times 0
02-10 19:04:54.295  1333  1333 E wificond: vivo add tx_good 965 tx_bad 0 rx_good 538 tx_retry 344 tx_retry_times 0
02-10 19:15:10.188  1333  1333 E wificond: vivo add tx_good 8772 tx_bad 8 rx_good 6965 tx_retry 5310 tx_retry_times 0
02-10 19:49:26.000  1333  1333 E wificond: vivo add tx_good 18841 tx_bad 6 rx_good 19657 tx_retry 8740 tx_retry_times 0
02-10 19:50:26.416  1333  1333 E wificond: vivo add tx_good 19658 tx_bad 6 rx_good 20352 tx_retry 9167 tx_retry_times 0
02-10 19:52:53.965  1333  1333 E wificond: Failed to get NL80211_STA_INFO_AIRTIME_LINK_METRIC as txretrytimes
02-10 19:52:53.965  1333  1333 E wificond: vivo add tx_good 205 tx_bad 0 rx_good 136 tx_retry 69 tx_retry_times 0
02-10 19:55:00.899  1333  1333 E wificond: vivo add tx_good 965 tx_bad 0 rx_good 707 tx_retry 527 tx_retry_times 0
02-10 20:03:55.965  1333  1333 E wificond: vivo add tx_good 5250 tx_bad 5 rx_good 4075 tx_retry 2044 tx_retry_times 0
02-10 20:27:08.872  1333  1333 E wificond: vivo add tx_good 17548 tx_bad 15 rx_good 15408 tx_retry 6965 tx_retry_times 0
02-10 20:43:56.965  1798  1825 D _V_BarAnimController: updateRecentsAnimInputConsumer show=false
02-10 20:49:04.965  1333  1333 E wificond: Failed to get NL80211_STA_INFO_AIRTIME_LINK_METRIC as txretrytimes
02-10 20:49:04.965  1333  1333 E wificond: vivo add tx_good 10479 tx_bad 1 rx_good 8489 tx_retry 3366 tx_retry_times 0
02-10 20:56:29.965  1333  1333 E wificond: Failed to get NL80211_STA_INFO_AIRTIME_LINK_METRIC as txretrytimes
02-10 20:56:29.965  1333  1333 E wificond: vivo add tx_good 14372 tx_bad 1 rx_good 11452 tx_retry 4986 tx_retry_times 0
02-10 21:01:15.855  1333  1333 E wificond: vivo add tx_good 965 tx_bad 1 rx_good 692 tx_retry 316 tx_retry_times 0
02-10 21:01:30.965  1333  1333 E wificond: Failed to get NL80211_STA_INFO_AIRTIME_LINK_METRIC as txretrytimes
02-10 21:10:34.442 27018 27018 F DEBUG   :       #00 pc 000000000004ff74  /apex/com.android.runtime/lib64/bionic/libc.so (abort+180) (BuildId: 3cf600896578484f9ee24df4f1e36b7d)
02-10 21:10:34.445 27018 27018 F DEBUG   :       #21 pc 0000000000048a00  /apex/com.android.runtime/lib64/bionic/libc.so (__libc_init+96) (BuildId: 3cf600896578484f9ee24df4f1e36b7d)
02-10 21:35:04.965  1333  1333 E wificond: Failed to get NL80211_STA_INFO_AIRTIME_LINK_METRIC as txretrytimes
02-10 21:35:04.965  1333  1333 E wificond: vivo add tx_good 11848 tx_bad 4 rx_good 9455 tx_retry 4320 tx_retry_times 0
02-10 21:35:09.965  1798  2439 E _V_InputMethodManagerService: mCurId=com.simejikeyboard/com.baidu.simeji.SimejiIME ,mCurMethodId=com.simejikeyboard/com.baidu.simeji.SimejiIME
02-10 21:40:29.030  1333  1333 E wificond: vivo add tx_good 1965 tx_bad 1 rx_good 1604 tx_retry 302 tx_retry_times 0
02-10 21:42:14.646  1333  1333 E wificond: vivo add tx_good 5965 tx_bad 7 rx_good 5387 tx_retry 1048 tx_retry_times 0
02-10 21:56:29.611  1333  1333 E wificond: vivo add tx_good 4640 tx_bad 0 rx_good 2230 tx_retry 1965 tx_retry_times 0
02-10 22:20:45.965  1333  1333 E wificond: Failed to get NL80211_STA_INFO_AIRTIME_LINK_METRIC as txretrytimes
02-10 22:20:45.965  1333  1333 E wificond: vivo add tx_good 4747 tx_bad 0 rx_good 7248 tx_retry 2360 tx_retry_times 0
02-10 22:50:21.598   586   586 F DEBUG   :       #00 pc 000000000004ff74  /apex/com.android.runtime/lib64/bionic/libc.so (abort+180) (BuildId: 3cf600896578484f9ee24df4f1e36b7d)
02-10 22:50:21.599   586   586 F DEBUG   :       #21 pc 0000000000048a00  /apex/com.android.runtime/lib64/bionic/libc.so (__libc_init+96) (BuildId: 3cf600896578484f9ee24df4f1e36b7d)
02-10 22:54:15.164  1333  1333 E wificond: vivo add tx_good 9658 tx_bad 0 rx_good 8465 tx_retry 4735 tx_retry_times 0
02-10 22:57:55.531  1333  1333 E wificond: vivo add tx_good 11243 tx_bad 0 rx_good 9965 tx_retry 5577 tx_retry_times 0
02-10 23:17:52.732  1333  1333 E wificond: vivo add tx_good 893 tx_bad 0 rx_good 965 tx_retry 18 tx_retry_times 0
02-10 23:18:10.834  1333  1333 E wificond: vivo add tx_good 965 tx_bad 0 rx_good 1025 tx_retry 19 tx_retry_times 0
02-10 23:37:35.965  1798  2874 E _V_RichTapVibratorService: getExtension == null
02-10 23:53:01.965  1333  1333 E wificond: Failed to get NL80211_STA_INFO_AIRTIME_LINK_METRIC as txretrytimes
02-10 23:53:01.965  1333  1333 E wificond: vivo add tx_good 16333 tx_bad 0 rx_good 16773 tx_retry 1161 tx_retry_times 0
02-10 23:59:47.059  1333  1333 E wificond: vivo add tx_good 17965 tx_bad 0 rx_good 18434 tx_retry 1316 tx_retry_times 0
02-11 00:01:53.965  1333  1333 E wificond: Failed to get NL80211_STA_INFO_AIRTIME_LINK_METRIC as txretrytimes
02-11 00:05:18.965  1798  5319 E _V_InputMethodManagerService: mCurId=com.simejikeyboard/com.baidu.simeji.SimejiIME ,mCurMethodId=com.simejikeyboard/com.baidu.simeji.SimejiIME
02-11 00:05:59.965  1798  4882 E _V_RichTapVibratorService: getExtension == null
02-11 00:43:05.965  1798  2191 E _V_RichTapVibratorService: getExtension == null
02-11 00:44:18.009  1333  1333 E wificond: vivo add tx_good 30602 tx_bad 0 rx_good 29650 tx_retry 3115 tx_retry_times 0
02-11 00:44:21.031  1333  1333 E wificond: vivo add tx_good 30605 tx_bad 0 rx_good 29655 tx_retry 3115 tx_retry_times 0
02-11 00:44:24.056  1333  1333 E wificond: vivo add tx_good 30612 tx_bad 0 rx_good 29659 tx_retry 3115 tx_retry_times 0
02-11 00:45:54.866  1333  1333 E wificond: vivo add tx_good 30965 tx_bad 0 rx_good 30050 tx_retry 3235 tx_retry_times 0
02-11 00:45:57.901  1333  1333 E wificond: vivo add tx_good 30965 tx_bad 0 rx_good 30050 tx_retry 3236 tx_retry_times 0
02-11 01:02:54.965  1333  1333 E wificond: vivo add tx_good 36074 tx_bad 0 rx_good 35086 tx_retry 4291 tx_retry_times 0
02-11 01:11:17.090  1333  1333 E wificond: vivo add tx_good 38023 tx_bad 0 rx_good 36965 tx_retry 4748 tx_retry_times 0
02-11 01:14:10.533  1798  1834 E DiscreteRegistry: Deleting file 1675965680659tl
02-11 01:16:19.620  1333  1333 E wificond: vivo add tx_good 39023 tx_bad 0 rx_good 37965 tx_retry 4919 tx_retry_times 0
02-11 01:25:17.984  1333  1333 E wificond: vivo add tx_good 40724 tx_bad 0 rx_good 39650 tx_retry 5130 tx_retry_times 0
02-11 01:25:21.014  1333  1333 E wificond: vivo add tx_good 40724 tx_bad 0 rx_good 39657 tx_retry 5130 tx_retry_times 0
02-11 01:25:24.032  1333  1333 E wificond: vivo add tx_good 40726 tx_bad 0 rx_good 39658 tx_retry 5131 tx_retry_times 0
02-11 01:25:27.054  1333  1333 E wificond: vivo add tx_good 40729 tx_bad 0 rx_good 39658 tx_retry 5132 tx_retry_times 0
02-11 01:30:08.393  1333  1333 E wificond: vivo add tx_good 42965 tx_bad 0 rx_good 41917 tx_retry 5386 tx_retry_times 0
02-11 02:05:31.204  1333  1333 E wificond: vivo add tx_good 65497 tx_bad 0 rx_good 68965 tx_retry 9029 tx_retry_times 0
02-11 02:18:39.290  1333  1333 E wificond: vivo add tx_good 69275 tx_bad 0 rx_good 73143 tx_retry 9655 tx_retry_times 0
02-11 02:20:43.284  1333  1333 E wificond: vivo add tx_good 69653 tx_bad 0 rx_good 73561 tx_retry 9712 tx_retry_times 0
02-11 02:43:16.351  1333  1333 E wificond: vivo add tx_good 9652 tx_bad 0 rx_good 12361 tx_retry 1711 tx_retry_times 0
02-11 02:45:35.359  1333  1333 E wificond: vivo add tx_good 11965 tx_bad 0 rx_good 15008 tx_retry 1881 tx_retry_times 0
02-11 02:49:02.312  1798 28400 E DiscreteRegistry: Deleting file 1675971999653tl
02-11 02:50:16.313  1333  1333 E wificond: vivo add tx_good 24965 tx_bad 0 rx_good 48840 tx_retry 2064 tx_retry_times 0
02-11 03:03:48.965  1333  1333 E wificond: Failed to get NL80211_STA_INFO_AIRTIME_LINK_METRIC as txretrytimes
02-11 03:05:58.965  1333  1333 E wificond: vivo add tx_good 50793 tx_bad 0 rx_good 166879 tx_retry 3823 tx_retry_times 0
02-11 03:12:39.965  1798  1824 V InputMethodMenuController: Hide switching menu
02-11 03:19:52.965  1333  1333 E wificond: Failed to get NL80211_STA_INFO_AIRTIME_LINK_METRIC as txretrytimes
02-11 03:19:52.965  1333  1333 E wificond: vivo add tx_good 66707 tx_bad 0 rx_good 239322 tx_retry 4082 tx_retry_times 0
02-11 03:21:23.694  1333  1333 E wificond: vivo add tx_good 67087 tx_bad 0 rx_good 239654 tx_retry 4082 tx_retry_times 0
02-11 03:21:26.718  1333  1333 E wificond: vivo add tx_good 67092 tx_bad 0 rx_good 239659 tx_retry 4082 tx_retry_times 0
02-11 03:25:10.718  1333  1333 E wificond: vivo add tx_good 68965 tx_bad 0 rx_good 241678 tx_retry 4103 tx_retry_times 0
02-11 03:30:07.244  1333  1333 E wificond: vivo add tx_good 70161 tx_bad 0 rx_good 243965 tx_retry 4109 tx_retry_times 0
02-11 03:42:12.965  1798  2874 D WindowManager: canReceiveKeys:true  ,displayContent Display 0 info=DisplayInfo{"Layar Bawaan", displayId 0", displayGroupId 0, FLAG_SECURE, FLAG_SUPPORTS_PROTECTED_BUFFERS, FLAG_TRUSTED, real 720 x 1600, largest app 1475 x 1461, smallest app 720 x 660, appVsyncOff 2400001, presDeadline 28600000, mode 1, defaultMode 1, modes [{id=1, width=720, height=1600, fps=60.0, alternativeRefreshRates=[]}], hdrCapabilities HdrCapabilities{mSupportedHdrTypes=[], mMaxLuminance=500.0, mMaxAverageLuminance=500.0, mMinLuminance=0.0}, userDisabledHdrTypes [], minimalPostProcessingSupported false, rotation 0, state ON, type INTERNAL, uniqueId "local:0", app 720 x 1475, density 300 (269.21 x 269.21) dpi, layerStack 0, colorMode 0, supportedColorModes [0], address {port=0}, deviceProductInfo null, removeMode 0, refreshRateOverride 0.0, brightnessMinimum 0.0, brightnessMaximum 1.0, brightnessDefault 0.4,CurvedDisplayCut [mEnableCurveCut=false,mCurvedDisplayCutPackage=null]} rootTasks=[WindowedMagnification:0:31@21216252, HideDisplayCutout:32:35@112194195, Leaf:36:36@164252546]  ,isOnTop :true  ,isTrusted: true  ,fromUserTouch: false
02-11 03:42:12.965  1798  2874 D WindowManager: updateFocusedWindowLocked: dc focus: Window{94ffa8b u0 com.nand.addtext/com.nand.addtext.ui.home.HomeActivity}
02-11 03:42:12.965  1798  2874 D WindowManager: updateFocusedWindowLocked:  mTopFocusedDisplayId0  ,topFocusedDisplayId: 0
02-11 03:42:12.965  1798  2874 D WindowManager: -------------updateFocusedWindowLocked end -------------
02-11 03:42:12.965  1798  2874 I WindowManager: Relayout Window{94ffa8b u0 com.nand.addtext/com.nand.addtext.ui.home.HomeActivity}: oldVis=4, newVis=0, requestedWidth=720, requestedHeight=1600, attrs.width=-1, attrs.height=-1, compatFrame = Rect(0, 0 - 720, 1600), mAttrs.privateFlags = 12020040, mInvGlobalScale = 1.0
02-11 03:43:28.720  1333  1333 E wificond: vivo add tx_good 79656 tx_bad 0 rx_good 256289 tx_retry 4262 tx_retry_times 0
02-11 03:46:21.209  1333  1333 E wificond: vivo add tx_good 80348 tx_bad 0 rx_good 256965 tx_retry 4264 tx_retry_times 0
02-11 03:54:01.082  1333  1333 E wificond: vivo add tx_good 81965 tx_bad 0 rx_good 258466 tx_retry 4280 tx_retry_times 0
02-11 03:55:01.584  1333  1333 E wificond: vivo add tx_good 82965 tx_bad 0 rx_good 259435 tx_retry 4289 tx_retry_times 0
02-11 03:56:17.194  1333  1333 E wificond: vivo add tx_good 83192 tx_bad 0 rx_good 259652 tx_retry 4306 tx_retry_times 0
02-11 03:56:20.216  1333  1333 E wificond: vivo add tx_good 83193 tx_bad 0 rx_good 259653 tx_retry 4306 tx_retry_times 0
02-11 03:56:23.239  1333  1333 E wificond: vivo add tx_good 83194 tx_bad 0 rx_good 259654 tx_retry 4306 tx_retry_times 0
02-11 03:56:26.252  1333  1333 E wificond: vivo add tx_good 83198 tx_bad 0 rx_good 259655 tx_retry 4306 tx_retry_times 0
02-11 04:24:58.965  1333  1333 E wificond: Failed to get NL80211_STA_INFO_AIRTIME_LINK_METRIC as txretrytimes
02-11 04:24:58.965  1333  1333 E wificond: vivo add tx_good 86798 tx_bad 0 rx_good 262924 tx_retry 4321 tx_retry_times 0
02-11 04:30:13.664  1333  1333 E wificond: vivo add tx_good 89653 tx_bad 0 rx_good 265390 tx_retry 4326 tx_retry_times 0
02-11 04:30:16.690  1333  1333 E wificond: vivo add tx_good 89653 tx_bad 0 rx_good 265390 tx_retry 4326 tx_retry_times 0
02-11 04:30:19.709  1333  1333 E wificond: vivo add tx_good 89653 tx_bad 0 rx_good 265390 tx_retry 4326 tx_retry_times 0
02-11 04:30:22.738  1333  1333 E wificond: vivo add tx_good 89654 tx_bad 0 rx_good 265391 tx_retry 4326 tx_retry_times 0
02-11 04:30:25.760  1333  1333 E wificond: vivo add tx_good 89655 tx_bad 0 rx_good 265392 tx_retry 4326 tx_retry_times 0
02-11 04:30:28.787  1333  1333 E wificond: vivo add tx_good 89659 tx_bad 0 rx_good 265392 tx_retry 4326 tx_retry_times 0
02-11 04:38:02.965  1798  2664 E _V_InputMethodManagerService: mCurId=com.simejikeyboard/com.baidu.simeji.SimejiIME ,mCurMethodId=com.simejikeyboard/com.baidu.simeji.SimejiIME
02-11 04:40:31.048  1333  1333 E wificond: vivo add tx_good 90965 tx_bad 0 rx_good 266372 tx_retry 4329 tx_retry_times 0
02-11 04:52:06.965  1798  2873 E _V_RichTapVibratorService: getExtension == null
02-11 04:52:47.990  1333  1333 E wificond: vivo add tx_good 3965 tx_bad 0 rx_good 3408 tx_retry 77 tx_retry_times 0
02-11 06:45:40.147  1798  4676 V InputMethodManagerService: Disabling: SessionState{uid 10171 pid 17294 method 441d83e session 8869654 channel ClientState{a9ec2c1 uid=10171 pid=17294 displayId=0} (server)}
02-11 07:15:55.926 31314 31314 F DEBUG   :       #00 pc 000000000004ff74  /apex/com.android.runtime/lib64/bionic/libc.so (abort+180) (BuildId: 3cf600896578484f9ee24df4f1e36b7d)
02-11 07:15:55.927 31314 31314 F DEBUG   :       #21 pc 0000000000048a00  /apex/com.android.runtime/lib64/bionic/libc.so (__libc_init+96) (BuildId: 3cf600896578484f9ee24df4f1e36b7d)
02-11 07:47:03.454  1333  1333 E wificond: vivo add tx_good 4721 tx_bad 0 rx_good 3965 tx_retry 3288 tx_retry_times 0
02-11 07:47:06.478  1333  1333 E wificond: vivo add tx_good 4721 tx_bad 0 rx_good 3965 tx_retry 3288 tx_retry_times 0
02-11 07:47:09.496  1333  1333 E wificond: vivo add tx_good 4734 tx_bad 0 rx_good 3965 tx_retry 3292 tx_retry_times 0
02-11 07:51:35.965  1798  1824 D WindowManager: onPointerDownOutsideFocusLocked: touchedToken: android.os.BinderProxy@557b109  ,touchedWindow: null
02-11 07:56:28.920  1333  1333 E wificond: vivo add tx_good 10257 tx_bad 0 rx_good 9651 tx_retry 5366 tx_retry_times 0
02-11 08:07:03.965  1798  2664 E _V_RichTapVibratorService: getExtension == null
02-11 08:15:50.612  1333  1333 E wificond: vivo add tx_good 18661 tx_bad 0 rx_good 17564 tx_retry 8965 tx_retry_times 0
02-11 08:18:30.965  1798  4877 E _V_InputMethodManagerService: mCurId=com.simejikeyboard/com.baidu.simeji.SimejiIME ,mCurMethodId=com.simejikeyboard/com.baidu.simeji.SimejiIME
02-11 08:25:27.359  1333  1333 E wificond: vivo add tx_good 9652 tx_bad 0 rx_good 8433 tx_retry 4745 tx_retry_times 0
02-11 08:26:21.697  1333  1333 E wificond: vivo add tx_good 10953 tx_bad 0 rx_good 9651 tx_retry 5363 tx_retry_times 0
02-11 08:44:42.493  1798  5321 I ActivityManager: Killing 15095:com.android.carrierdefaultapp/u0a95 (adj 965): empty #17
02-11 08:46:22.965  1798  2717 E _V_RichTapVibratorService: getExtension == null
02-11 08:49:51.965  1798  4881 E _V_RichTapVibratorService: getExtension == null
02-11 08:50:05.965  1798  2664 E _V_RichTapVibratorService: getExtension == null
02-11 08:59:38.906  1333  1333 E wificond: vivo add tx_good 9965 tx_bad 0 rx_good 8317 tx_retry 3353 tx_retry_times 0
02-11 09:08:17.857 25864 25965 E ActivityThread: Failed to find provider info for com.ushareit.app.BeylaIdProvider
02-11 09:36:54.536  1333  1333 E wificond: vivo add tx_good 20731 tx_bad 0 rx_good 19659 tx_retry 8920 tx_retry_times 0
02-11 09:53:38.281  1798  1844 I ActivityManager: Start proc 9965:com.tokopedia.tkpd/u0a229 for service {com.tokopedia.tkpd/androidx.work.impl.background.systemjob.SystemJobService}
02-11 10:09:35.965  1333  1333 E wificond: Failed to get NL80211_STA_INFO_AIRTIME_LINK_METRIC as txretrytimes
02-11 10:09:35.965  1333  1333 E wificond: vivo add tx_good 6493 tx_bad 3 rx_good 8783 tx_retry 3667 tx_retry_times 0
02-11 10:10:42.374 18312 18312 F DEBUG   :       #00 pc 000000000004ff74  /apex/com.android.runtime/lib64/bionic/libc.so (abort+180) (BuildId: 3cf600896578484f9ee24df4f1e36b7d)
02-11 10:10:42.376 18312 18312 F DEBUG   :       #21 pc 0000000000048a00  /apex/com.android.runtime/lib64/bionic/libc.so (__libc_init+96) (BuildId: 3cf600896578484f9ee24df4f1e36b7d)
02-11 10:10:42.453  1333  1333 E wificond: vivo add tx_good 7184 tx_bad 3 rx_good 9654 tx_retry 4038 tx_retry_times 0
02-11 10:24:57.118  1333  1333 E wificond: vivo add tx_good 22848 tx_bad 3 rx_good 32045 tx_retry 9651 tx_retry_times 0
02-11 10:30:34.471  1798  2172 I _V_VivoLocalDisplayAdapter: setLcmBacklight lcmFloat = 0.073277965; setBrightness = 150, mPhysicalDisplayId = 0, mSupportSmoothBrightness = false
02-11 10:30:34.471  1798  2172 I _V_VivoLightsService: lcmFloat = 0.073277965; setBrightness = 150
02-11 10:30:35.004  1798  1878 I _V_Sensor_VRampAnimator: oldCurrent = 80; current = 77; currentFloat = 0.059356965; target = 66; animate = 77; rate = 600; gap = 20; step = 3; scale = 1.0
02-11 10:30:35.004  1798  1878 I _V_DisplayPowerState: colorfade judge brightness brightness: 0.059356965
02-11 10:30:35.004  1798  2172 D DisplayPowerState: Updating screen state: id=0, state=ON, backlight=0.059356965, sdrBacklight=1.0, mInvisibleBrightChange = false, mStateChangingOn = false
02-11 10:30:35.005  1798  2172 D _V_shuangping0705: updateDisplayStateLocked : displayId = 0 ; mGlobalDisplayState = 2 ; mGlobalDisplayBrightness = 0.059356965 ; mOverrideState = 2 ; mOverrideBrighetness = -1
02-11 10:30:35.005  1798  1878 I _V_DisplayPowerState: colorfade judge brightness brightness: 0.059356965
02-11 10:30:35.006  1798  1878 I _V_DisplayPowerState: colorfade judge brightness brightness: 0.059356965
02-11 10:30:35.736  1798  2172 I _V_VivoLocalDisplayAdapter: setLcmBacklight lcmFloat = 0.099658035; setBrightness = 204, mPhysicalDisplayId = 0, mSupportSmoothBrightness = false
02-11 10:30:35.737  1798  2172 I _V_VivoLightsService: lcmFloat = 0.099658035; setBrightness = 204
02-11 10:33:36.915  1333  1333 E wificond: vivo add tx_good 30994 tx_bad 3 rx_good 41965 tx_retry 13818 tx_retry_times 0
02-11 10:41:13.723  6219  6219 F DEBUG   :       #00 pc 000000000004ff74  /apex/com.android.runtime/lib64/bionic/libc.so (abort+180) (BuildId: 3cf600896578484f9ee24df4f1e36b7d)
02-11 10:41:13.724  6219  6219 F DEBUG   :       #21 pc 0000000000048a00  /apex/com.android.runtime/lib64/bionic/libc.so (__libc_init+96) (BuildId: 3cf600896578484f9ee24df4f1e36b7d)
02-11 11:02:57.943  1333  1333 E wificond: vivo add tx_good 69200 tx_bad 3 rx_good 76379 tx_retry 29657 tx_retry_times 0
02-11 11:11:04.655  1333  1333 E wificond: vivo add tx_good 79657 tx_bad 3 rx_good 84656 tx_retry 34839 tx_retry_times 0
02-11 11:15:45.965  1333  1333 E wificond: Failed to get NL80211_STA_INFO_AIRTIME_LINK_METRIC as txretrytimes
02-11 11:15:45.965  1333  1333 E wificond: vivo add tx_good 81605 tx_bad 3 rx_good 86631 tx_retry 36035 tx_retry_times 0
02-11 11:28:14.446  1798  1798 E NotificationListeners: java.lang.IllegalArgumentException: Service not registered: com.android.server.notification.ManagedServices$1@bded965
02-11 12:55:08.965  1333  1333 E wificond: Failed to get NL80211_STA_INFO_AIRTIME_LINK_METRIC as txretrytimes
02-11 12:55:08.965  1333  1333 E wificond: vivo add tx_good 7878 tx_bad 0 rx_good 7538 tx_retry 4101 tx_retry_times 0
02-11 12:56:09.329  1333  1333 E wificond: vivo add tx_good 7965 tx_bad 0 rx_good 7616 tx_retry 4174 tx_retry_times 0
02-11 13:06:01.965  1333  1333 E wificond: vivo add tx_good 2132 tx_bad 0 rx_good 1915 tx_retry 1413 tx_retry_times 0
02-11 13:11:00.965  1333  1333 E wificond: Failed to get NL80211_STA_INFO_AIRTIME_LINK_METRIC as txretrytimes
02-11 13:15:19.047  1798  5321 D _V_ActivityTaskManager: startPausingLocked r: ActivityRecord{e2272ae u0 com.whatsapp.w4b/com.whatsapp.Conversation t92965 d0} ,caller by com.android.server.wm.Task.startPausingLocked:6528 com.android.server.wm.Task.resumeTopActivityInnerLocked:7209 com.android.server.wm.Task.resumeTopActivityUncheckedLocked:7007 com.android.server.wm.RootWindowContainer.resumeFocusedTasksTopActivities:2702 com.android.server.wm.ActivityStarter.startActivityInner:2482 com.android.server.wm.ActivityStarter.startActivityUnchecked:2063 com.android.server.wm.ActivityStarter.executeRequest:1639 com.android.server.wm.ActivityStarter.execute:849 com.android.server.wm.ActivityTaskManagerService.startActivityAsUser:1390 com.android.server.wm.ActivityTaskManagerService.startActivityAsUser:1347 com.android.server.wm.ActivityTaskManagerService.startActivity:1322 android.app.IActivityTaskManager$Stub.onTransact:1113 
02-11 13:15:19.050  1798  5321 I _V_TaskOrganizerController:  onTaskInfoChanged { taskId=92965 ,topActivity=ComponentInfo{com.whatsapp.w4b/com.whatsapp.Conversation} ,resizeMode=1 ,topActivityType=1 ,of windowConfiguration={ mBounds=Rect(0, 0 - 720, 1600) mAppBounds=Rect(0, 46 - 720, 1521) mMaxBounds=Rect(0, 0 - 720, 1600) mWindowingMode=fullscreen mDisplayWindowingMode=fullscreen mActivityType=standard mAlwaysOnTop=undefined mRotation=ROTATION_0} }
02-11 13:15:19.082  1798  4877 D _V_BarAnimController: setActivityVisibilityBeforeCommit ActivityRecord{7bee4ea u0 com.whatsapp.w4b/com.whatsapp.mediaview.MediaViewActivity t92965 d0} null
02-11 13:15:19.085  1798  4877 D _V_BarAnimController: setActivityVisibilityBeforeCommit ActivityRecord{7bee4ea u0 com.whatsapp.w4b/com.whatsapp.mediaview.MediaViewActivity t92965 d0} null
02-11 13:15:19.087  1798  4877 D _V_BarAnimController: setActivityVisibilityBeforeCommit ActivityRecord{7bee4ea u0 com.whatsapp.w4b/com.whatsapp.mediaview.MediaViewActivity t92965 d0} null
02-11 13:15:19.090  1798  4877 I _V_TaskOrganizerController:  onTaskInfoChanged { taskId=92965 ,topActivity=ComponentInfo{com.whatsapp.w4b/com.whatsapp.mediaview.MediaViewActivity} ,resizeMode=1 ,topActivityType=1 ,of windowConfiguration={ mBounds=Rect(0, 0 - 720, 1600) mAppBounds=Rect(0, 46 - 720, 1521) mMaxBounds=Rect(0, 0 - 720, 1600) mWindowingMode=fullscreen mDisplayWindowingMode=fullscreen mActivityType=standard mAlwaysOnTop=undefined mRotation=ROTATION_0} }
02-11 13:15:19.147  1798  1825 I _V_TaskOrganizerController:  onTaskInfoChanged { taskId=92965 ,topActivity=ComponentInfo{com.whatsapp.w4b/com.whatsapp.mediaview.MediaViewActivity} ,resizeMode=1 ,topActivityType=1 ,of windowConfiguration={ mBounds=Rect(0, 0 - 720, 1600) mAppBounds=Rect(0, 46 - 720, 1521) mMaxBounds=Rect(0, 0 - 720, 1600) mWindowingMode=fullscreen mDisplayWindowingMode=fullscreen mActivityType=standard mAlwaysOnTop=undefined mRotation=ROTATION_0} }
02-11 13:15:26.965  1798  1798 E _V_BBKTouchScreenServiceService: packageName:null
02-11 13:15:40.965  1798  4882 E _V_RichTapVibratorService: getExtension == null
02-11 14:24:27.965  1333  1333 E wificond: Failed to get NL80211_STA_INFO_AIRTIME_LINK_METRIC as txretrytimes
02-11 14:24:27.965  1333  1333 E wificond: vivo add tx_good 3282 tx_bad 0 rx_good 3109 tx_retry 173 tx_retry_times 0
02-11 14:31:07.965  1798 21445 D _V_CapacityKeyService: called ServiceState is [B@3bc64de
02-11 14:40:06.965  1333  1333 E wificond: vivo add tx_good 521 tx_bad 0 rx_good 481 tx_retry 10 tx_retry_times 0
02-11 14:43:08.965  1798  5320 E _V_RichTapVibratorService: getExtension == null
02-11 15:01:15.616 10619 10619 F DEBUG   :       #00 pc 000000000004ff74  /apex/com.android.runtime/lib64/bionic/libc.so (abort+180) (BuildId: 3cf600896578484f9ee24df4f1e36b7d)
02-11 15:01:15.617 10619 10619 F DEBUG   :       #21 pc 0000000000048a00  /apex/com.android.runtime/lib64/bionic/libc.so (__libc_init+96) (BuildId: 3cf600896578484f9ee24df4f1e36b7d)
02-11 15:01:16.965  1798  1993 D _V_VivoPowerManagerService: button light 0 111 trun off
02-11 15:24:47.262  1798  1824 I ActivityManager: Killing 15669:com.vivo.website/u0a110 (adj 965): empty #17
02-11 15:26:32.965  1798  1817 E _V_InputMethodManagerService: mCurId=com.simejikeyboard/com.baidu.simeji.SimejiIME ,mCurMethodId=com.simejikeyboard/com.baidu.simeji.SimejiIME
02-11 15:36:48.315  1333  1333 E wificond: vivo add tx_good 9659 tx_bad 0 rx_good 11670 tx_retry 342 tx_retry_times 0
02-11 15:37:34.965  1798  4676 E _V_RichTapVibratorService: getExtension == null
02-11 16:03:19.965  1798  2873 E _V_RichTapVibratorService: getExtension == null
02-11 16:09:18.917  1333  1333 E wificond: vivo add tx_good 5959 tx_bad 0 rx_good 5965 tx_retry 315 tx_retry_times 0
02-11 16:11:25.965  1333  1333 E wificond: Failed to get NL80211_STA_INFO_AIRTIME_LINK_METRIC as txretrytimes
02-11 16:11:25.965  1333  1333 E wificond: vivo add tx_good 7203 tx_bad 0 rx_good 7072 tx_retry 477 tx_retry_times 0
02-11 16:17:53.172  1333  1333 E wificond: vivo add tx_good 9656 tx_bad 0 rx_good 9661 tx_retry 638 tx_retry_times 0
02-11 16:21:55.070  1333  1333 E wificond: vivo add tx_good 11489 tx_bad 0 rx_good 11200 tx_retry 965 tx_retry_times 0
02-11 16:39:24.965  2477  2509 E ActivityThread: Failed to find provider info for com.vivo.awarecontext.awareeventprovider
02-11 16:41:10.098  1333  1333 E wificond: vivo add tx_good 19652 tx_bad 0 rx_good 18865 tx_retry 2847 tx_retry_times 0
02-11 16:44:02.463  1333  1333 E wificond: vivo add tx_good 21016 tx_bad 0 rx_good 19654 tx_retry 3198 tx_retry_times 0
