02-11 22:58:32.757   965 16466 E AudioALSAPlaybackHandlerNormal: open() Could not open audioDSP lib
02-11 22:58:48.613   965 16466 E AudioALSAPlaybackHandlerNormal: open_audiodsp_preset() Preset file can't be opened
02-11 22:58:48.613   965 16466 E AudioALSAPlaybackHandlerNormal: open_audiodsp() Could not load the preset file, it might be sktv3 algo, return here.
02-11 22:58:48.613   965 16466 E AudioALSAPlaybackHandlerNormal: open() Could not open audioDSP lib
02-11 22:58:50.149 11873 13983 E BufferQueueProducer: BQDUMP  default-size=[555x312] default-format=1 BQDUMP  transform-hint=00 frame-counter=1965
02-11 22:58:50.161 11873 13983 E BufferQueueProducer: BQDUMP  default-size=[555x312] default-format=1 BQDUMP  transform-hint=00 frame-counter=1965
02-11 22:59:03.114   993  1066 I libPowerHal: [perfLockAcq] idx:0 hdl:111965 hint:25 pid:993 duration:10000 lock_user:mtkpower@1.0-se => ret_hdl:111965
02-11 22:59:03.262   993  1066 I libPowerHal: [perfLockRel] hdl:111965, idx:0
02-11 22:59:17.275   965 16466 E AudioALSAPlaybackHandlerNormal: open_audiodsp_preset() Preset file can't be opened
02-11 22:59:17.276   965 16466 E AudioALSAPlaybackHandlerNormal: open_audiodsp() Could not load the preset file, it might be sktv3 algo, return here.
02-11 22:59:17.276   965 16466 E AudioALSAPlaybackHandlerNormal: open() Could not open audioDSP lib
02-11 22:59:17.332   965 16466 E AudioALSAPlaybackHandlerBase: -getHardwareBufferInfo(), pcm_get_htimestamp fail, ret = -1, pcm_get_error =  flag = 0x8
02-11 22:59:27.616   965 16466 E AudioALSAPlaybackHandlerNormal: open_audiodsp_preset() Preset file can't be opened
02-11 22:59:27.616   965 16466 E AudioALSAPlaybackHandlerNormal: open_audiodsp() Could not load the preset file, it might be sktv3 algo, return here.
02-11 22:59:27.616   965 16466 E AudioALSAPlaybackHandlerNormal: open() Could not open audioDSP lib
02-11 22:59:27.674   965 16466 E AudioALSAPlaybackHandlerBase: -getHardwareBufferInfo(), pcm_get_htimestamp fail, ret = -1, pcm_get_error =  flag = 0x8
02-11 22:59:29.976   965 16466 E AudioALSAPlaybackHandlerNormal: open_audiodsp_preset() Preset file can't be opened
02-11 22:59:29.976   965 16466 E AudioALSAPlaybackHandlerNormal: open_audiodsp() Could not load the preset file, it might be sktv3 algo, return here.
02-11 22:59:29.976   965 16466 E AudioALSAPlaybackHandlerNormal: open() Could not open audioDSP lib
02-11 22:59:38.836   965  4416 E AudioALSAPlaybackHandlerNormal: open_audiodsp_preset() Preset file can't be opened
02-11 22:59:38.836   965  4416 E AudioALSAPlaybackHandlerNormal: open_audiodsp() Could not load the preset file, it might be sktv3 algo, return here.
02-11 22:59:38.836   965  4416 E AudioALSAPlaybackHandlerNormal: open() Could not open audioDSP lib
02-11 22:59:38.848   965  4416 E AudioALSAPlaybackHandlerBase: -getHardwareBufferInfo(), pcm_get_htimestamp fail, ret = -1, pcm_get_error =  flag = 0x6
02-11 22:59:38.854   965  4416 E AudioALSAPlaybackHandlerBase: -getHardwareBufferInfo(), pcm_get_htimestamp fail, ret = -1, pcm_get_error =  flag = 0x6
02-11 22:59:39.061   965  3463 E AudioALSAPlaybackHandlerNormal: open_audiodsp_preset() Preset file can't be opened
02-11 22:59:39.061   965  3463 E AudioALSAPlaybackHandlerNormal: open_audiodsp() Could not load the preset file, it might be sktv3 algo, return here.
02-11 22:59:39.061   965  3463 E AudioALSAPlaybackHandlerNormal: open() Could not open audioDSP lib
02-11 22:59:39.092   965  3463 E AudioALSAPlaybackHandlerBase: -getHardwareBufferInfo(), pcm_get_htimestamp fail, ret = -1, pcm_get_error =  flag = 0x8000
02-11 22:59:39.102   965  3463 E AudioALSAPlaybackHandlerBase: -getHardwareBufferInfo(), pcm_get_htimestamp fail, ret = -1, pcm_get_error =  flag = 0x8000
02-11 22:59:44.068   965  1100 E AudioALSAStreamOut: setVolume(), playbackhandler NULL, ret = -38
02-11 22:59:44.079   965  1100 E AudioALSAStreamOut: setVolume(), playbackhandler NULL, ret = -38
02-11 22:59:44.094   965  4416 E AudioALSAPlaybackHandlerNormal: open_audiodsp_preset() Preset file can't be opened
02-11 22:59:44.094   965  4416 E AudioALSAPlaybackHandlerNormal: open_audiodsp() Could not load the preset file, it might be sktv3 algo, return here.
02-11 22:59:44.094   965  4416 E AudioALSAPlaybackHandlerNormal: open() Could not open audioDSP lib
02-11 22:59:44.109   965  3463 E AudioALSAPlaybackHandlerNormal: open_audiodsp_preset() Preset file can't be opened
02-11 22:59:44.109   965  3463 E AudioALSAPlaybackHandlerNormal: open_audiodsp() Could not load the preset file, it might be sktv3 algo, return here.
02-11 22:59:44.109   965  3463 E AudioALSAPlaybackHandlerNormal: open() Could not open audioDSP lib
02-11 22:59:44.167   965  3463 E AudioALSAPlaybackHandlerBase: -getHardwareBufferInfo(), pcm_get_htimestamp fail, ret = -1, pcm_get_error =  flag = 0x8000
02-11 22:59:44.168   965  4416 E AudioALSAPlaybackHandlerBase: -getHardwareBufferInfo(), pcm_get_htimestamp fail, ret = -1, pcm_get_error =  flag = 0x6
02-11 22:59:44.173   965  4416 E AudioALSAPlaybackHandlerBase: -getHardwareBufferInfo(), pcm_get_htimestamp fail, ret = -1, pcm_get_error =  flag = 0x6
02-11 22:59:44.173   965  4416 E AudioALSAPlaybackHandlerBase: -getHardwareBufferInfo(), pcm_get_htimestamp fail, ret = -1, pcm_get_error =  flag = 0x6
02-11 22:59:44.178   965  3463 E AudioALSAPlaybackHandlerBase: -getHardwareBufferInfo(), pcm_get_htimestamp fail, ret = -1, pcm_get_error =  flag = 0x8000
02-11 22:59:44.179   965  4416 E AudioALSAPlaybackHandlerBase: -getHardwareBufferInfo(), pcm_get_htimestamp fail, ret = -1, pcm_get_error =  flag = 0x6
02-11 22:59:44.179   965  4416 E AudioALSAPlaybackHandlerBase: -getHardwareBufferInfo(), pcm_get_htimestamp fail, ret = -1, pcm_get_error =  flag = 0x6
02-11 22:59:44.184   965  4416 E AudioALSAPlaybackHandlerBase: -getHardwareBufferInfo(), pcm_get_htimestamp fail, ret = -1, pcm_get_error =  flag = 0x6
02-11 22:59:44.184   965  4416 E AudioALSAPlaybackHandlerBase: -getHardwareBufferInfo(), pcm_get_htimestamp fail, ret = -1, pcm_get_error =  flag = 0x6
02-11 22:59:44.190   965  4416 E AudioALSAPlaybackHandlerBase: -getHardwareBufferInfo(), pcm_get_htimestamp fail, ret = -1, pcm_get_error =  flag = 0x6
02-11 23:00:25.066   965  4416 E AudioALSAPlaybackHandlerNormal: open_audiodsp_preset() Preset file can't be opened
02-11 23:00:25.066   965  4416 E AudioALSAPlaybackHandlerNormal: open_audiodsp() Could not load the preset file, it might be sktv3 algo, return here.
02-11 23:00:25.066   965  4416 E AudioALSAPlaybackHandlerNormal: open() Could not open audioDSP lib
02-11 23:00:25.077   965  4416 E AudioALSAPlaybackHandlerBase: -getHardwareBufferInfo(), pcm_get_htimestamp fail, ret = -1, pcm_get_error =  flag = 0x6
02-11 23:00:25.082   965  4416 E AudioALSAPlaybackHandlerBase: -getHardwareBufferInfo(), pcm_get_htimestamp fail, ret = -1, pcm_get_error =  flag = 0x6
02-11 23:00:25.085   965  3463 E AudioALSAPlaybackHandlerNormal: open_audiodsp_preset() Preset file can't be opened
02-11 23:00:25.085   965  3463 E AudioALSAPlaybackHandlerNormal: open_audiodsp() Could not load the preset file, it might be sktv3 algo, return here.
02-11 23:00:25.085   965  3463 E AudioALSAPlaybackHandlerNormal: open() Could not open audioDSP lib
02-11 23:00:25.099   965  3463 E AudioALSAPlaybackHandlerBase: -getHardwareBufferInfo(), pcm_get_htimestamp fail, ret = -1, pcm_get_error =  flag = 0x8000
02-11 23:00:25.100   965  3463 E AudioALSAPlaybackHandlerBase: -getHardwareBufferInfo(), pcm_get_htimestamp fail, ret = -1, pcm_get_error =  flag = 0x8000
02-11 23:00:25.102   965  3463 E AudioALSAPlaybackHandlerBase: -getHardwareBufferInfo(), pcm_get_htimestamp fail, ret = -1, pcm_get_error =  flag = 0x8000
02-11 23:00:25.102   965  3463 E AudioALSAPlaybackHandlerBase: -getHardwareBufferInfo(), pcm_get_htimestamp fail, ret = -1, pcm_get_error =  flag = 0x8000
02-11 23:00:25.145   965  4416 E AudioALSAPlaybackHandlerNormal: open_audiodsp_preset() Preset file can't be opened
02-11 23:00:25.145   965  4416 E AudioALSAPlaybackHandlerNormal: open_audiodsp() Could not load the preset file, it might be sktv3 algo, return here.
02-11 23:00:25.145   965  4416 E AudioALSAPlaybackHandlerNormal: open() Could not open audioDSP lib
02-11 23:00:25.154   965  3463 E AudioALSAPlaybackHandlerNormal: open_audiodsp_preset() Preset file can't be opened
02-11 23:00:25.154   965  3463 E AudioALSAPlaybackHandlerNormal: open_audiodsp() Could not load the preset file, it might be sktv3 algo, return here.
02-11 23:00:25.154   965  3463 E AudioALSAPlaybackHandlerNormal: open() Could not open audioDSP lib
02-11 23:00:25.208   965  4416 E AudioALSAPlaybackHandlerBase: -getHardwareBufferInfo(), pcm_get_htimestamp fail, ret = -1, pcm_get_error =  flag = 0x6
02-11 23:00:25.213   965  4416 E AudioALSAPlaybackHandlerBase: -getHardwareBufferInfo(), pcm_get_htimestamp fail, ret = -1, pcm_get_error =  flag = 0x6
02-11 23:00:25.228   965  3463 E AudioALSAPlaybackHandlerBase: -getHardwareBufferInfo(), pcm_get_htimestamp fail, ret = -1, pcm_get_error =  flag = 0x8000
02-11 23:00:25.238   965  3463 E AudioALSAPlaybackHandlerBase: -getHardwareBufferInfo(), pcm_get_htimestamp fail, ret = -1, pcm_get_error =  flag = 0x8000
02-11 23:00:25.243   965  3463 E AudioALSAPlaybackHandlerBase: -getHardwareBufferInfo(), pcm_get_htimestamp fail, ret = -1, pcm_get_error =  flag = 0x8000
02-11 23:00:25.254   965  3463 E AudioALSAPlaybackHandlerBase: -getHardwareBufferInfo(), pcm_get_htimestamp fail, ret = -1, pcm_get_error =  flag = 0x8000
02-11 23:09:07.345 20965 20965 E webview_servic: Not starting debugger since process cannot load the jdwp agent.
02-11 23:09:08.077   993  1066 I libPowerHal: [perfNotifyAppState] pack:com.google.android.webview, act:com.google.android.webview, state:3, pid:20965, uid:10202, fps:-1
02-11 23:09:08.077   993  1066 I libPowerHal: [perfNotifyAppState] pack:com.google.android.webview, pid:20965, STATE_DEAD
02-11 23:09:17.965  1050  1050 E ClientCache: failed to get buffer, could not retrieve buffer
02-11 23:11:39.965   993  1066 I libPowerHal: [perfLockAcq] idx:0 hdl:112198 hint:1150 pid:1035 duration:2000 lock_user:vperf@1.0-servi => ret_hdl:112198
02-11 23:11:39.965   993  1066 I libPowerHal: 1150: cpu_ctrl set cpu freq: 1800000 -1 2000000 -1
02-11 23:11:39.965   993  1066 I libPowerHal: [PE] 1150 update cmd:1000000, param:0
02-11 23:11:39.965   993  1066 I libPowerHal: [PE] 1150 update cmd:2020000, param:15
02-11 23:13:57.965  1798  1798 E _V_BBKTouchScreenServiceService: packageName:null
02-11 23:13:57.965  1798  1798 E _V_Sensor_NativeNotification: ACTION_BATTERY_CHANGED plugged = 0
02-11 23:14:57.965  1215  1289 E flp     : mnld_screen_monitor_thread: Wake Monitor Restart
02-11 23:15:11.021 29502 29657 E nightwatch-target: /proc/zoneinfo open: errno=13
02-11 23:15:11.022 29502 29657 E nightwatch-target: sysmeminfo parse failed
02-11 23:15:11.531 29502 29657 E nightwatch-target: /proc/zoneinfo open: errno=13
02-11 23:15:11.532 29502 29657 E nightwatch-target: sysmeminfo parse failed
02-11 23:15:12.548 29502 29657 E nightwatch-target: /proc/zoneinfo open: errno=13
02-11 23:15:12.548 29502 29657 E nightwatch-target: sysmeminfo parse failed
02-11 23:15:13.564 29502 29657 E nightwatch-target: /proc/zoneinfo open: errno=13
02-11 23:15:13.564 29502 29657 E nightwatch-target: sysmeminfo parse failed
02-11 23:15:14.581 29502 29657 E nightwatch-target: /proc/zoneinfo open: errno=13
02-11 23:15:14.581 29502 29657 E nightwatch-target: sysmeminfo parse failed
02-11 23:15:15.596 29502 29657 E nightwatch-target: /proc/zoneinfo open: errno=13
02-11 23:15:15.596 29502 29657 E nightwatch-target: sysmeminfo parse failed
02-11 23:15:15.965   955  1198 E netd    : QUERY_RESOLV_NETID command.uid:10229, nid:0
02-11 23:15:16.612 29502 29657 E nightwatch-target: /proc/zoneinfo open: errno=13
02-11 23:15:16.612 29502 29657 E nightwatch-target: sysmeminfo parse failed
02-11 23:15:17.629 29502 29657 E nightwatch-target: /proc/zoneinfo open: errno=13
02-11 23:15:17.629 29502 29657 E nightwatch-target: sysmeminfo parse failed
02-11 23:15:18.645 29502 29657 E nightwatch-target: /proc/zoneinfo open: errno=13
02-11 23:15:18.645 29502 29657 E nightwatch-target: sysmeminfo parse failed
02-11 23:15:19.664 29502 29657 E nightwatch-target: /proc/zoneinfo open: errno=13
02-11 23:15:19.664 29502 29657 E nightwatch-target: sysmeminfo parse failed
02-11 23:15:20.680 29502 29657 E nightwatch-target: /proc/zoneinfo open: errno=13
02-11 23:15:20.680 29502 29657 E nightwatch-target: sysmeminfo parse failed
02-11 23:15:37.965   993  1066 I libPowerHal: [perfLockAcq] idx:1 hdl:112265 hint:11 pid:993 duration:30000 lock_user:mtkpower@1.0-se => ret_hdl:112265
02-11 23:19:16.965  1041  1387 D APM_AudioPolicyManager: listAudioPorts mAvailableOutputDevices 0x80000004 , 0x80000040 , 0x80000080 , 0x80000100 , 0x80002000 , 0x90000000
02-11 23:19:19.965   475   475 D lowmemorykiller: thrashing: 0% thrashing_limit: 30%
02-11 23:19:19.965   475   475 I lowmemorykiller: due to cratical level, kill detect
02-11 23:19:19.965   475   475 D lowmemorykiller: Not killing for critical level 2 pressure event polling check
02-11 23:19:20.597   965  4416 D _V_vafx_muteframedetect: AudioHwOut session 6, curMuteFrame 0 ms, totalMuteFrame 6168458 ms, normalFrame 8191824 ms
02-11 23:21:13.965  1333  1333 E wificond: Failed to get NL80211_STA_INFO_AIRTIME_LINK_METRIC as txretrytimes
02-11 23:21:48.164 24774  9457 E fb4a.msys: E[N rtchannel]RTChannel_rt_request_timeout_handler(1559)=>Failed to get a response within the timeframe. token:a6c3aa7a-4965-451e-9ad9-4fc582b20e9f, category:mcd-sync-data-task-category, requestId:39139
02-11 23:21:48.183 24774  9456 E fb4a.msys: E[S sync]_createResponseError(194)=>Network Response a6c3aa7a-4965-451e-9ad9-4fc582b20e9f contains sync error Error Domain=rtchannel Code=10001 - Underlying error (null): Error Domain=rtchannel Code=10001
02-11 23:22:44.965   993  1022 I mtkpower@impl: [setMode] type:5, enabled:1
02-11 23:28:02.965 30841 30841 E msgr.FbUserSessionLithoUtil: Cannot find user session in tree props
02-11 23:28:02.965 30841 30841 E msgr.FbUserSessionLithoUtil: Cannot find user session in tree props
02-11 23:28:18.801  1798 12436 E ActivityManager:   20% 965/android.hardware.audio.service.mediatek: 16% user + 4% kernel
02-11 23:28:18.965  1798  1825 D WindowManager: canReceiveKeys: false.
02-11 23:28:18.965  1798  1825 D WindowManager: canReceiveKeys: false.
02-11 23:28:18.965  1798  1825 D WindowManager: canReceiveKeys: false.
02-11 23:28:18.965   475   475 D lowmemorykiller: thrashing: 3% thrashing_limit: 30%
02-11 23:28:18.965  1798  1825 D _V_BarAnimController: updateRecentsAnimInputConsumer show=false
02-11 23:28:19.190   965  4416 D _V_vafx_muteframedetect: AudioHwOut session 6, curMuteFrame 5 ms, totalMuteFrame 6171210 ms, normalFrame 8727664 ms
02-11 23:28:20.759  2247  3037 I BLASTBufferQueue: releaseBufferCallbackThunk bufferId:9650791527739 framenumber:1 blastBufferQueue is dead
02-11 23:29:14.965   993  1066 I libPowerHal: 1155: cpu_ctrl set cpu freq: -1 -1 -1 -1
02-11 23:29:59.799  1050  1881 E BufferQueueDebug: [PopupWindow:7c965bf#0](this:0xb40000746f47f2b8,id:-1,api:0,p:-1,c:-1) id info cannot be read from 'PopupWindow:7c965bf#0'
02-11 23:30:26.965 24774  9456 E fb4a.msys: E[S sync]_createResponseError(194)=>Network Response 90b103da-76ee-4b02-99c0-6e66742bb483 contains sync error Error Domain=rtchannel Code=10001 - Underlying error (null): Error Domain=rtchannel Code=10001
02-11 23:31:17.965   983  1036 E android.hardware.sensors@2.0-service.multihal-mediatek: MEMSIC_SetAccData: 0.045612 0.077143 0.976531
02-11 23:31:17.965   983  1036 E android.hardware.sensors@2.0-service.multihal-mediatek: MEMSIC_Getgyro: accur 3, -0.003692 0.003354 0.003092 
02-11 23:31:24.965  1035 18851 I mtkpower_client: perf_lock_rel, hdl:112685, tid:18851
02-11 23:33:02.995  1333  1333 E wificond: vivo add tx_good 169659 tx_bad 0 rx_good 224427 tx_retry 6566 tx_retry_times 0
02-11 23:35:00.965 24774 25273 E BufferQueueProducer: BQDUMP- BufferQueue mMaxAcquiredBufferCount=1 mMaxDequeuedBufferCount=32
02-11 23:35:00.965 24774 25273 E BufferQueueProducer: BQDUMP  mDequeueBufferCannotBlock=0 mAsyncMode=0
02-11 23:35:00.965 24774 25273 E BufferQueueProducer: BQDUMP  mQueueBufferCanDrop=1 mLegacyBufferDrop=1
02-11 23:35:00.965 24774 25273 E BufferQueueProducer: BQDUMP  default-size=[720x720] default-format=1 BQDUMP  transform-hint=00 frame-counter=10
02-11 23:35:00.965 24774 25273 E BufferQueueProducer: BQDUMP  mTransformHintInUse=00 mAutoPrerotation=0
02-11 23:35:00.965 24774 25273 E BufferQueueProducer: BQDUMPFIFO(1):
02-11 23:35:00.965 24774 25273 E BufferQueueProducer: BQDUMP(mConsumerName=SurfaceTexture-0-24774-9, mConnectedApi=3, mConsumerUsageBits=256, mId=60c600000043, producer=[24774:com.facebook.katana], consumer=[24774:com.facebook.katana])
02-11 23:35:00.965 24774 25273 E BufferQueueProducer: BQDUMP  10:0xb400007d3742cc90 crop=[0,0,640,640] xform=0x00 time=136490.4174 scale=SCALE_TO_WINDOW
02-11 23:35:00.965 24774 25273 E BufferQueueProducer: BQDUMPSlots:
02-11 23:35:00.965 24774 25273 E BufferQueueProducer: BQDUMP  [00:0xb400007d374327b0] state=DEQUEUED 0xb400007d56f1e9d0 frame=1 [ 640x 640: 640,1000]
02-11 23:35:00.965 24774 25273 E BufferQueueProducer: BQDUMP  [01:0xb400007d374e5eb0] state=DEQUEUED 0xb400007d56f8f990 frame=3 [ 640x 640: 640,1000]
02-11 23:35:00.965 24774 25273 E BufferQueueProducer: BQDUMP  [02:0xb400007d374a4750] state=DEQUEUED 0xb400007d56f05750 frame=0 [ 640x 640: 640,1000]
02-11 23:35:00.965 24774 25273 E BufferQueueProducer: BQDUMP  [03:0xb400007d3742f2d0] state=DEQUEUED 0xb400007d5701c250 frame=2 [ 640x 640: 640,1000]
02-11 23:35:00.965 24774 25273 E BufferQueueProducer: BQDUMP  [04:0xb40
02-11 23:35:00.965 24774 25273 E BufferQueueProducer: Slots:
02-11 23:35:00.965 24774 25273 E BufferQueueProducer: BQDUMP  [00:0xb400007d374327b0] state=DEQUEUED 0xb400007d56f1e9d0 frame=1 [ 640x 640: 640,1000]
02-11 23:35:00.965 24774 25273 E BufferQueueProducer: BQDUMP  [01:0xb400007d374e5eb0] state=DEQUEUED 0xb400007d56f8f990 frame=3 [ 640x 640: 640,1000]
02-11 23:35:00.965 24774 25273 E BufferQueueProducer: BQDUMP  [02:0xb400007d374a4750] state=DEQUEUED 0xb400007d56f05750 frame=0 [ 640x 640: 640,1000]
02-11 23:35:00.965 24774 25273 E BufferQueueProducer: BQDUMP  [03:0xb400007d3742f2d0] state=DEQUEUED 0xb400007d5701c250 frame=2 [ 640x 640: 640,1000]
02-11 23:35:00.965 24774 25273 E BufferQueueProducer: BQDUMP  [04:0xb400007d374462b0] state=DEQUEUED 0xb400007d57014d10 frame=4 [ 640x 640: 640,1000]
02-11 23:35:00.965 24774 25273 E BufferQueueProducer: BQDUMP  [05:0xb400007d37578850] state=DEQUEUED 0xb400007d57031950 frame=5 [ 640x 640: 640,1000]
02-11 23:35:00.965 24774 25273 E BufferQueueProducer: BQDUMP  [06:0xb400007d37434610] state=DEQUEUED 0xb400007d56fddb10 frame=6 [ 640x 640: 640,1000]
02-11 23:35:00.965 24774 25273 E BufferQueueProducer: BQDUMP  [07:0xb400007d375df2d0] state=DEQUEUED 0xb400007d56f7ea50 frame=7 [ 640x 640: 640,1000]
02-11 23:35:00.965 24774 25273 E BufferQueueProducer: BQDUMP  [08:0xb400007d374fcb30] state=DEQUEUED 0xb400007d56df8110 frame=8 [ 640x 640: 640,1000]
02-11 23:35:00.965 24774 25273 E BufferQueueProducer: BQDUMP >[09:0xb400007d374bec10] state=ACQUIRED 0xb400007d56f7fa10 frame=9 [ 640x 640: 640,1000]
02-11 23:35:00.965 24774 25273 E BufferQueueProducer: BQDUMP  [10:0xb400007d3742cc90] state=QUEUED   0xb400007
02-11 23:35:14.767   965  4416 E AudioALSAPlaybackHandlerBase: -getHardwareBufferInfo(), pcm_get_htimestamp fail, ret = -1, pcm_get_error =  flag = 0x6
02-11 23:35:14.773   965  4416 E AudioALSAPlaybackHandlerBase: -getHardwareBufferInfo(), pcm_get_htimestamp fail, ret = -1, pcm_get_error =  flag = 0x6
02-11 23:35:14.775   965  4416 E AudioALSAPlaybackHandlerBase: -getHardwareBufferInfo(), pcm_get_htimestamp fail, ret = -1, pcm_get_error =  flag = 0x6
02-11 23:35:14.780   965  4416 E AudioALSAPlaybackHandlerBase: -getHardwareBufferInfo(), pcm_get_htimestamp fail, ret = -1, pcm_get_error =  flag = 0x6
02-11 23:36:17.142   993  1066 I libPowerHal: [perfLockAcq] idx:1 hdl:112965 hint:1157 pid:1035 duration:80 lock_user:vperf@1.0-servi => ret_hdl:112965
02-11 23:36:17.223   993  1066 I mtkpower@impl: [powerd_req] TIMER_MSG_PERF_LOCK_TIMEOUT hdl:112965
02-11 23:36:17.223   993  1066 I libPowerHal: [perfLockRel] hdl:112965, idx:1
02-11 23:36:17.242  1035 23889 I mtkpower_client: perf_lock_rel, hdl:112965, tid:23889
02-11 23:36:17.243   993  1066 I libPowerHal: [perfLockRel] hdl:112965, idx:-1
02-11 23:36:34.514 24774 25273 E BufferQueueProducer: BQDUMP  29:0xb400007d373f5850 crop=[0,0,590,960] xform=0x00 time=136583.9659 scale=SCALE_TO_WINDOW
02-11 23:36:41.116 24774 25273 E BufferQueueProducer: BQDUMP  [02:0xb400007d373c7bf0] state=DEQUEUED 0xb400007d57059650 frame=437 [ 392x 640: 400,1000]
02-11 23:36:41.116 24774 25273 E BufferQueueProducer: BQDUMP  [02:0xb400007d373c7bf0] state=DEQUEUED 0xb400007d57059650 frame=437 [ 392x 640: 400,1000]
02-11 23:36:41.150 24774 25273 E BufferQueueProducer: BQDUMP  [02:0xb400007d373c7bf0] state=DEQUEUED 0xb400007d57059650 frame=437 [ 392x 640: 400,1000]
02-11 23:36:41.150 24774 25273 E BufferQueueProducer: BQDUMP  [02:0xb400007d373c7bf0] state=DEQUEUED 0xb400007d57059650 frame=437 [ 392x 640: 400,1000]
02-11 23:36:41.213 24774 25273 E BufferQueueProducer: BQDUMP  [02:0xb400007d373c7bf0] state=DEQUEUED 0xb400007d57059650 frame=437 [ 392x 640: 400,1000]
02-11 23:36:41.213 24774 25273 E BufferQueueProducer: BQDUMP  [02:0xb400007d373c7bf0] state=DEQUEUED 0xb400007d57059650 frame=437 [ 392x 640: 400,1000]
02-11 23:36:41.244 24774 25273 E BufferQueueProducer: BQDUMP  [02:0xb400007d373c7bf0] state=DEQUEUED 0xb400007d57059650 frame=437 [ 392x 640: 400,1000]
02-11 23:36:41.245 24774 25273 E BufferQueueProducer: BQDUMP  [02:0xb400007d373c7bf0] state=DEQUEUED 0xb400007d57059650 frame=437 [ 392x 640: 400,1000]
02-11 23:36:41.278 24774 25273 E BufferQueueProducer: BQDUMP  [02:0xb400007d373c7bf0] state=DEQUEUED 0xb400007d57059650 frame=437 [ 392x 640: 400,1000]
02-11 23:36:41.278 24774 25273 E BufferQueueProducer: BQDUMP  [02:0xb400007d373c7bf0] state=DEQUEUED 0xb400007d57059650 frame=437 [ 392x 640: 400,1000]
02-11 23:36:41.314 24774 25273 E BufferQueueProducer: BQDUMP  [02:0xb400007d373c7bf0] state=DEQUEUED 0xb400007d57059650 frame=437 [ 392x 640: 400,1000]
02-11 23:36:41.314 24774 25273 E BufferQueueProducer: BQDUMP  [02:0xb400007d373c7bf0] state=DEQUEUED 0xb400007d57059650 frame=437 [ 392x 640: 400,1000]
02-11 23:36:41.381 24774 25273 E BufferQueueProducer: BQDUMP  [02:0xb400007d373c7bf0] state=DEQUEUED 0xb400007d57059650 frame=437 [ 392x 640: 400,1000]
02-11 23:36:41.381 24774 25273 E BufferQueueProducer: BQDUMP  [02:0xb400007d373c7bf0] state=DEQUEUED 0xb400007d57059650 frame=437 [ 392x 640: 400,1000]
02-11 23:36:41.415 24774 25273 E BufferQueueProducer: BQDUMP  [02:0xb400007d373c7bf0] state=DEQUEUED 0xb400007d57059650 frame=437 [ 392x 640: 400,1000]
02-11 23:36:41.416 24774 25273 E BufferQueueProducer: BQDUMP  [02:0xb400007d373c7bf0] state=DEQUEUED 0xb400007d57059650 frame=437 [ 392x 640: 400,1000]
02-11 23:36:41.450 24774 25273 E BufferQueueProducer: BQDUMP  [02:0xb400007d373c7bf0] state=DEQUEUED 0xb400007d57059650 frame=437 [ 392x 640: 400,1000]
02-11 23:36:41.450 24774 25273 E BufferQueueProducer: BQDUMP  [02:0xb400007d373c7bf0] state=DEQUEUED 0xb400007d57059650 frame=437 [ 392x 640: 400,1000]
02-11 23:36:41.486 24774 25273 E BufferQueueProducer: BQDUMP  [02:0xb400007d373c7bf0] state=DEQUEUED 0xb400007d57059650 frame=437 [ 392x 640: 400,1000]
02-11 23:36:41.486 24774 25273 E BufferQueueProducer: BQDUMP  [02:0xb400007d373c7bf0] state=DEQUEUED 0xb400007d57059650 frame=437 [ 392x 640: 400,1000]
02-11 23:36:41.521 24774 25273 E BufferQueueProducer: BQDUMP  [02:0xb400007d373c7bf0] state=DEQUEUED 0xb400007d57059650 frame=437 [ 392x 640: 400,1000]
02-11 23:36:41.521 24774 25273 E BufferQueueProducer: BQDUMP  [02:0xb400007d373c7bf0] state=DEQUEUED 0xb400007d57059650 frame=437 [ 392x 640: 400,1000]
02-11 23:36:41.579 24774 25273 E BufferQueueProducer: BQDUMP  [02:0xb400007d373c7bf0] state=DEQUEUED 0xb400007d57059650 frame=437 [ 392x 640: 400,1000]
02-11 23:36:41.579 24774 25273 E BufferQueueProducer: BQDUMP  [02:0xb400007d373c7bf0] state=DEQUEUED 0xb400007d57059650 frame=437 [ 392x 640: 400,1000]
02-11 23:36:41.614 24774 25273 E BufferQueueProducer: BQDUMP  [02:0xb400007d373c7bf0] state=DEQUEUED 0xb400007d57059650 frame=437 [ 392x 640: 400,1000]
02-11 23:36:42.050 24774 25273 E BufferQueueProducer: BQDUMP  [02:0xb400007d373c7bf0] state=DEQUEUED 0xb400007d57059650 frame=437 [ 392x 640: 400,1000]
02-11 23:36:42.050 24774 25273 E BufferQueueProducer: BQDUMP  [02:0xb400007d373c7bf0] state=DEQUEUED 0xb400007d57059650 frame=437 [ 392x 640: 400,1000]
02-11 23:36:42.085 24774 25273 E BufferQueueProducer: BQDUMP  [02:0xb400007d373c7bf0] state=QUEUED   0xb400007d57059650 frame=468 [ 392x 640: 400,1000]
02-11 23:36:42.085 24774 25273 E BufferQueueProducer: BQDUMP  [02:0xb400007d373c7bf0] state=QUEUED   0xb400007d57059650 frame=468 [ 392x 640: 400,1000]
02-11 23:36:42.119 24774 25273 E BufferQueueProducer: BQDUMP >[02:0xb400007d373c7bf0] state=ACQUIRED 0xb400007d57059650 frame=468 [ 392x 640: 400,1000]
02-11 23:36:42.120 24774 25273 E BufferQueueProducer: BQDUMP >[02:0xb400007d373c7bf0] state=ACQUIRED 0xb400007d57059650 frame=468 [ 392x 640: 400,1000]
02-11 23:36:42.156 24774 25273 E BufferQueueProducer: BQDUMP  [02:0xb400007d373c7bf0] state=DEQUEUED 0xb400007d57059650 frame=468 [ 392x 640: 400,1000]
02-11 23:36:42.156 24774 25273 E BufferQueueProducer: BQDUMP  [02:0xb400007d373c7bf0] state=DEQUEUED 0xb400007d57059650 frame=468 [ 392x 640: 400,1000]
02-11 23:36:42.180 24774 25273 E BufferQueueProducer: BQDUMP  [02:0xb400007d373c7bf0] state=DEQUEUED 0xb400007d57059650 frame=468 [ 392x 640: 400,1000]
02-11 23:36:42.180 24774 25273 E BufferQueueProducer: BQDUMP  [02:0xb400007d373c7bf0] state=DEQUEUED 0xb400007d57059650 frame=468 [ 392x 640: 400,1000]
02-11 23:36:42.215 24774 25273 E BufferQueueProducer: BQDUMP  [02:0xb400007d373c7bf0] state=DEQUEUED 0xb400007d57059650 frame=468 [ 392x 640: 400,1000]
02-11 23:36:42.215 24774 25273 E BufferQueueProducer: BQDUMP  [02:0xb400007d373c7bf0] state=DEQUEUED 0xb400007d57059650 frame=468 [ 392x 640: 400,1000]
02-11 23:36:42.284 24774 25273 E BufferQueueProducer: BQDUMP  [02:0xb400007d373c7bf0] state=DEQUEUED 0xb400007d57059650 frame=468 [ 392x 640: 400,1000]
02-11 23:36:42.284 24774 25273 E BufferQueueProducer: BQDUMP  [02:0xb400007d373c7bf0] state=DEQUEUED 0xb400007d57059650 frame=468 [ 392x 640: 400,1000]
02-11 23:36:42.319 24774 25273 E BufferQueueProducer: BQDUMP  [02:0xb400007d373c7bf0] state=DEQUEUED 0xb400007d57059650 frame=468 [ 392x 640: 400,1000]
02-11 23:36:42.319 24774 25273 E BufferQueueProducer: BQDUMP  [02:0xb400007d373c7bf0] state=DEQUEUED 0xb400007d57059650 frame=468 [ 392x 640: 400,1000]
02-11 23:36:42.353 24774 25273 E BufferQueueProducer: BQDUMP  [02:0xb400007d373c7bf0] state=DEQUEUED 0xb400007d57059650 frame=468 [ 392x 640: 400,1000]
02-11 23:36:42.353 24774 25273 E BufferQueueProducer: BQDUMP  [02:0xb400007d373c7bf0] state=DEQUEUED 0xb400007d57059650 frame=468 [ 392x 640: 400,1000]
02-11 23:36:42.388 24774 25273 E BufferQueueProducer: BQDUMP  [02:0xb400007d373c7bf0] state=DEQUEUED 0xb400007d57059650 frame=468 [ 392x 640: 400,1000]
02-11 23:36:42.388 24774 25273 E BufferQueueProducer: BQDUMP  [02:0xb400007d373c7bf0] state=DEQUEUED 0xb400007d57059650 frame=468 [ 392x 640: 400,1000]
02-11 23:36:42.411 24774 25273 E BufferQueueProducer: BQDUMP  [02:0xb400007d373c7bf0] state=DEQUEUED 0xb400007d57059650 frame=468 [ 392x 640: 400,1000]
02-11 23:36:42.411 24774 25273 E BufferQueueProducer: BQDUMP  [02:0xb400007d373c7bf0] state=DEQUEUED 0xb400007d57059650 frame=468 [ 392x 640: 400,1000]
02-11 23:36:42.423 24774 25273 E BufferQueueProducer: BQDUMP  [02:0xb400007d373c7bf0] state=DEQUEUED 0xb400007d57059650 frame=468 [ 392x 640: 400,1000]
02-11 23:36:42.423 24774 25273 E BufferQueueProducer: BQDUMP  [02:0xb400007d373c7bf0] state=DEQUEUED 0xb400007d57059650 frame=468 [ 392x 640: 400,1000]
02-11 23:36:42.512 24774 25273 E BufferQueueProducer: BQDUMP  [02:0xb400007d373c7bf0] state=DEQUEUED 0xb400007d57059650 frame=468 [ 392x 640: 400,1000]
02-11 23:36:42.513 24774 25273 E BufferQueueProducer: BQDUMP  [02:0xb400007d373c7bf0] state=DEQUEUED 0xb400007d57059650 frame=468 [ 392x 640: 400,1000]
02-11 23:36:42.547 24774 25273 E BufferQueueProducer: BQDUMP  [02:0xb400007d373c7bf0] state=DEQUEUED 0xb400007d57059650 frame=468 [ 392x 640: 400,1000]
02-11 23:36:42.547 24774 25273 E BufferQueueProducer: BQDUMP  [02:0xb400007d373c7bf0] state=DEQUEUED 0xb400007d57059650 frame=468 [ 392x 640: 400,1000]
02-11 23:36:42.581 24774 25273 E BufferQueueProducer: BQDUMP  [02:0xb400007d373c7bf0] state=DEQUEUED 0xb400007d57059650 frame=468 [ 392x 640: 400,1000]
02-11 23:36:42.581 24774 25273 E BufferQueueProducer: BQDUMP  [02:0xb400007d373c7bf0] state=DEQUEUED 0xb400007d57059650 frame=468 [ 392x 640: 400,1000]
02-11 23:36:42.648 24774 25273 E BufferQueueProducer: BQDUMP  [02:0xb400007d373c7bf0] state=DEQUEUED 0xb400007d57059650 frame=468 [ 392x 640: 400,1000]
02-11 23:36:42.648 24774 25273 E BufferQueueProducer: BQDUMP  [02:0xb400007d373c7bf0] state=DEQUEUED 0xb400007d57059650 frame=468 [ 392x 640: 400,1000]
02-11 23:36:42.682 24774 25273 E BufferQueueProducer: BQDUMP  [02:0xb400007d373c7bf0] state=DEQUEUED 0xb400007d57059650 frame=468 [ 392x 640: 400,1000]
02-11 23:36:43.013 24774 25273 E BufferQueueProducer: BQDUMP  [02:0xb400007d373c7bf0] state=DEQUEUED 0xb400007d57059650 frame=468 [ 392x 640: 400,1000]
02-11 23:36:43.013 24774 25273 E BufferQueueProducer: BQDUMP  [02:0xb400007d373c7bf0] state=DEQUEUED 0xb400007d57059650 frame=468 [ 392x 640: 400,1000]
02-11 23:36:43.048 24774 25273 E BufferQueueProducer: BQDUMP  [02:0xb400007d373c7bf0] state=DEQUEUED 0xb400007d57059650 frame=468 [ 392x 640: 400,1000]
02-11 23:36:43.048 24774 25273 E BufferQueueProducer: BQDUMP  [02:0xb400007d373c7bf0] state=DEQUEUED 0xb400007d57059650 frame=468 [ 392x 640: 400,1000]
02-11 23:36:43.082 24774 25273 E BufferQueueProducer: BQDUMP  [02:0xb400007d373c7bf0] state=DEQUEUED 0xb400007d57059650 frame=468 [ 392x 640: 400,1000]
02-11 23:36:43.082 24774 25273 E BufferQueueProducer: BQDUMP  [02:0xb400007d373c7bf0] state=DEQUEUED 0xb400007d57059650 frame=468 [ 392x 640: 400,1000]
02-11 23:36:43.116 24774 25273 E BufferQueueProducer: BQDUMP  [02:0xb400007d373c7bf0] state=QUEUED   0xb400007d57059650 frame=499 [ 392x 640: 400,1000]
02-11 23:36:43.116 24774 25273 E BufferQueueProducer: BQDUMP  [02:0xb400007d373c7bf0] state=QUEUED   0xb400007d57059650 frame=499 [ 392x 640: 400,1000]
02-11 23:36:43.152 24774 25273 E BufferQueueProducer: BQDUMP >[02:0xb400007d373c7bf0] state=ACQUIRED 0xb400007d57059650 frame=499 [ 392x 640: 400,1000]
02-11 23:36:43.152 24774 25273 E BufferQueueProducer: BQDUMP >[02:0xb400007d373c7bf0] state=ACQUIRED 0xb400007d57059650 frame=499 [ 392x 640: 400,1000]
02-11 23:36:43.176 24774 25273 E BufferQueueProducer: BQDUMP  [02:0xb400007d373c7bf0] state=DEQUEUED 0xb400007d57059650 frame=499 [ 392x 640: 400,1000]
02-11 23:36:43.176 24774 25273 E BufferQueueProducer: BQDUMP  [02:0xb400007d373c7bf0] state=DEQUEUED 0xb400007d57059650 frame=499 [ 392x 640: 400,1000]
02-11 23:36:43.188 24774 25273 E BufferQueueProducer: BQDUMP  [02:0xb400007d373c7bf0] state=DEQUEUED 0xb400007d57059650 frame=499 [ 392x 640: 400,1000]
02-11 23:36:43.188 24774 25273 E BufferQueueProducer: BQDUMP  [02:0xb400007d373c7bf0] state=DEQUEUED 0xb400007d57059650 frame=499 [ 392x 640: 400,1000]
02-11 23:36:43.222 24774 25273 E BufferQueueProducer: BQDUMP  [02:0xb400007d373c7bf0] state=DEQUEUED 0xb400007d57059650 frame=499 [ 392x 640: 400,1000]
02-11 23:36:43.222 24774 25273 E BufferQueueProducer: BQDUMP  [02:0xb400007d373c7bf0] state=DEQUEUED 0xb400007d57059650 frame=499 [ 392x 640: 400,1000]
02-11 23:36:43.246 24774 25273 E BufferQueueProducer: BQDUMP  [02:0xb400007d373c7bf0] state=DEQUEUED 0xb400007d57059650 frame=499 [ 392x 640: 400,1000]
02-11 23:36:43.246 24774 25273 E BufferQueueProducer: BQDUMP  [02:0xb400007d373c7bf0] state=DEQUEUED 0xb400007d57059650 frame=499 [ 392x 640: 400,1000]
02-11 23:36:43.346 24774 25273 E BufferQueueProducer: BQDUMP  [02:0xb400007d373c7bf0] state=DEQUEUED 0xb400007d57059650 frame=499 [ 392x 640: 400,1000]
02-11 23:36:43.347 24774 25273 E BufferQueueProducer: BQDUMP  [02:0xb400007d373c7bf0] state=DEQUEUED 0xb400007d57059650 frame=499 [ 392x 640: 400,1000]
02-11 23:36:43.381 24774 25273 E BufferQueueProducer: BQDUMP  [02:0xb400007d373c7bf0] state=DEQUEUED 0xb400007d57059650 frame=499 [ 392x 640: 400,1000]
02-11 23:36:43.381 24774 25273 E BufferQueueProducer: BQDUMP  [02:0xb400007d373c7bf0] state=DEQUEUED 0xb400007d57059650 frame=499 [ 392x 640: 400,1000]
02-11 23:36:43.481 24774 25273 E BufferQueueProducer: BQDUMP  [02:0xb400007d373c7bf0] state=DEQUEUED 0xb400007d57059650 frame=499 [ 392x 640: 400,1000]
02-11 23:36:43.481 24774 25273 E BufferQueueProducer: BQDUMP  [02:0xb400007d373c7bf0] state=DEQUEUED 0xb400007d57059650 frame=499 [ 392x 640: 400,1000]
02-11 23:36:43.516 24774 25273 E BufferQueueProducer: BQDUMP  [02:0xb400007d373c7bf0] state=DEQUEUED 0xb400007d57059650 frame=499 [ 392x 640: 400,1000]
02-11 23:36:43.516 24774 25273 E BufferQueueProducer: BQDUMP  [02:0xb400007d373c7bf0] state=DEQUEUED 0xb400007d57059650 frame=499 [ 392x 640: 400,1000]
02-11 23:36:43.551 24774 25273 E BufferQueueProducer: BQDUMP  [02:0xb400007d373c7bf0] state=DEQUEUED 0xb400007d57059650 frame=499 [ 392x 640: 400,1000]
02-11 23:36:43.551 24774 25273 E BufferQueueProducer: BQDUMP  [02:0xb400007d373c7bf0] state=DEQUEUED 0xb400007d57059650 frame=499 [ 392x 640: 400,1000]
02-11 23:36:43.585 24774 25273 E BufferQueueProducer: BQDUMP  [02:0xb400007d373c7bf0] state=DEQUEUED 0xb400007d57059650 frame=499 [ 392x 640: 400,1000]
02-11 23:36:43.586 24774 25273 E BufferQueueProducer: BQDUMP  [02:0xb400007d373c7bf0] state=DEQUEUED 0xb400007d57059650 frame=499 [ 392x 640: 400,1000]
02-11 23:36:43.621 24774 25273 E BufferQueueProducer: BQDUMP  [02:0xb400007d373c7bf0] state=DEQUEUED 0xb400007d57059650 frame=499 [ 392x 640: 400,1000]
02-11 23:36:43.621 24774 25273 E BufferQueueProducer: BQDUMP  [02:0xb400007d373c7bf0] state=DEQUEUED 0xb400007d57059650 frame=499 [ 392x 640: 400,1000]
02-11 23:36:43.644 24774 25273 E BufferQueueProducer: BQDUMP  [02:0xb400007d373c7bf0] state=DEQUEUED 0xb400007d57059650 frame=499 [ 392x 640: 400,1000]
02-11 23:36:44.019 24774 25273 E BufferQueueProducer: BQDUMP  [02:0xb400007d373c7bf0] state=DEQUEUED 0xb400007d57059650 frame=499 [ 392x 640: 400,1000]
02-11 23:36:44.019 24774 25273 E BufferQueueProducer: BQDUMP  [02:0xb400007d373c7bf0] state=DEQUEUED 0xb400007d57059650 frame=499 [ 392x 640: 400,1000]
02-11 23:36:44.055 24774 25273 E BufferQueueProducer: BQDUMP  [02:0xb400007d373c7bf0] state=DEQUEUED 0xb400007d57059650 frame=499 [ 392x 640: 400,1000]
02-11 23:36:44.055 24774 25273 E BufferQueueProducer: BQDUMP  [02:0xb400007d373c7bf0] state=DEQUEUED 0xb400007d57059650 frame=499 [ 392x 640: 400,1000]
02-11 23:36:44.089 24774 25273 E BufferQueueProducer: BQDUMP  [02:0xb400007d373c7bf0] state=DEQUEUED 0xb400007d57059650 frame=499 [ 392x 640: 400,1000]
02-11 23:36:44.089 24774 25273 E BufferQueueProducer: BQDUMP  [02:0xb400007d373c7bf0] state=DEQUEUED 0xb400007d57059650 frame=499 [ 392x 640: 400,1000]
02-11 23:36:44.112 24774 25273 E BufferQueueProducer: BQDUMP  [02:0xb400007d373c7bf0] state=DEQUEUED 0xb400007d57059650 frame=499 [ 392x 640: 400,1000]
02-11 23:36:44.112 24774 25273 E BufferQueueProducer: BQDUMP  [02:0xb400007d373c7bf0] state=DEQUEUED 0xb400007d57059650 frame=499 [ 392x 640: 400,1000]
02-11 23:36:44.157 24774 25273 E BufferQueueProducer: BQDUMP >[02:0xb400007d373c7bf0] state=ACQUIRED 0xb400007d57059650 frame=530 [ 392x 640: 400,1000]
02-11 23:36:44.157 24774 25273 E BufferQueueProducer: BQDUMP >[02:0xb400007d373c7bf0] state=ACQUIRED 0xb400007d57059650 frame=530 [ 392x 640: 400,1000]
02-11 23:36:44.213 24774 25273 E BufferQueueProducer: BQDUMP  [02:0xb400007d373c7bf0] state=DEQUEUED 0xb400007d57059650 frame=530 [ 392x 640: 400,1000]
02-11 23:36:44.213 24774 25273 E BufferQueueProducer: BQDUMP  [02:0xb400007d373c7bf0] state=DEQUEUED 0xb400007d57059650 frame=530 [ 392x 640: 400,1000]
02-11 23:36:44.248 24774 25273 E BufferQueueProducer: BQDUMP  [02:0xb400007d373c7bf0] state=DEQUEUED 0xb400007d57059650 frame=530 [ 392x 640: 400,1000]
02-11 23:36:44.248 24774 25273 E BufferQueueProducer: BQDUMP  [02:0xb400007d373c7bf0] state=DEQUEUED 0xb400007d57059650 frame=530 [ 392x 640: 400,1000]
02-11 23:36:44.317 24774 25273 E BufferQueueProducer: BQDUMP  [02:0xb400007d373c7bf0] state=DEQUEUED 0xb400007d57059650 frame=530 [ 392x 640: 400,1000]
02-11 23:36:44.317 24774 25273 E BufferQueueProducer: BQDUMP  [02:0xb400007d373c7bf0] state=DEQUEUED 0xb400007d57059650 frame=530 [ 392x 640: 400,1000]
02-11 23:36:44.351 24774 25273 E BufferQueueProducer: BQDUMP  [02:0xb400007d373c7bf0] state=DEQUEUED 0xb400007d57059650 frame=530 [ 392x 640: 400,1000]
02-11 23:36:44.351 24774 25273 E BufferQueueProducer: BQDUMP  [02:0xb400007d373c7bf0] state=DEQUEUED 0xb400007d57059650 frame=530 [ 392x 640: 400,1000]
02-11 23:36:44.419 24774 25273 E BufferQueueProducer: BQDUMP  [02:0xb400007d373c7bf0] state=DEQUEUED 0xb400007d57059650 frame=530 [ 392x 640: 400,1000]
02-11 23:36:44.419 24774 25273 E BufferQueueProducer: BQDUMP  [02:0xb400007d373c7bf0] state=DEQUEUED 0xb400007d57059650 frame=530 [ 392x 640: 400,1000]
02-11 23:36:44.453 24774 25273 E BufferQueueProducer: BQDUMP  [02:0xb400007d373c7bf0] state=DEQUEUED 0xb400007d57059650 frame=530 [ 392x 640: 400,1000]
02-11 23:36:44.454 24774 25273 E BufferQueueProducer: BQDUMP  [02:0xb400007d373c7bf0] state=DEQUEUED 0xb400007d57059650 frame=530 [ 392x 640: 400,1000]
02-11 23:36:44.488 24774 25273 E BufferQueueProducer: BQDUMP  [02:0xb400007d373c7bf0] state=DEQUEUED 0xb400007d57059650 frame=530 [ 392x 640: 400,1000]
02-11 23:36:44.488 24774 25273 E BufferQueueProducer: BQDUMP  [02:0xb400007d373c7bf0] state=DEQUEUED 0xb400007d57059650 frame=530 [ 392x 640: 400,1000]
02-11 23:36:44.512 24774 25273 E BufferQueueProducer: BQDUMP  [02:0xb400007d373c7bf0] state=DEQUEUED 0xb400007d57059650 frame=530 [ 392x 640: 400,1000]
02-11 23:36:44.512 24774 25273 E BufferQueueProducer: BQDUMP  [02:0xb400007d373c7bf0] state=DEQUEUED 0xb400007d57059650 frame=530 [ 392x 640: 400,1000]
02-11 23:36:44.524 24774 25273 E BufferQueueProducer: BQDUMP  [02:0xb400007d373c7bf0] state=DEQUEUED 0xb400007d57059650 frame=530 [ 392x 640: 400,1000]
02-11 23:36:44.525 24774 25273 E BufferQueueProducer: BQDUMP  [02:0xb400007d373c7bf0] state=DEQUEUED 0xb400007d57059650 frame=530 [ 392x 640: 400,1000]
02-11 23:36:44.614 24774 25273 E BufferQueueProducer: BQDUMP  [02:0xb400007d373c7bf0] state=DEQUEUED 0xb400007d57059650 frame=530 [ 392x 640: 400,1000]
02-11 23:36:44.614 24774 25273 E BufferQueueProducer: BQDUMP  [02:0xb400007d373c7bf0] state=DEQUEUED 0xb400007d57059650 frame=530 [ 392x 640: 400,1000]
02-11 23:36:44.648 24774 25273 E BufferQueueProducer: BQDUMP  [02:0xb400007d373c7bf0] state=DEQUEUED 0xb400007d57059650 frame=530 [ 392x 640: 400,1000]
02-11 23:36:44.648 24774 25273 E BufferQueueProducer: BQDUMP  [02:0xb400007d373c7bf0] state=DEQUEUED 0xb400007d57059650 frame=530 [ 392x 640: 400,1000]
02-11 23:36:44.716 24774 25273 E BufferQueueProducer: BQDUMP  [02:0xb400007d373c7bf0] state=DEQUEUED 0xb400007d57059650 frame=530 [ 392x 640: 400,1000]
02-11 23:36:45.116 24774 25273 E BufferQueueProducer: BQDUMP  [02:0xb400007d373c7bf0] state=DEQUEUED 0xb400007d57059650 frame=530 [ 392x 640: 400,1000]
02-11 23:36:45.116 24774 25273 E BufferQueueProducer: BQDUMP  [02:0xb400007d373c7bf0] state=DEQUEUED 0xb400007d57059650 frame=530 [ 392x 640: 400,1000]
02-11 23:36:45.150 24774 25273 E BufferQueueProducer: BQDUMP  [02:0xb400007d373c7bf0] state=DEQUEUED 0xb400007d57059650 frame=530 [ 392x 640: 400,1000]
02-11 23:36:45.150 24774 25273 E BufferQueueProducer: BQDUMP  [02:0xb400007d373c7bf0] state=DEQUEUED 0xb400007d57059650 frame=530 [ 392x 640: 400,1000]
02-11 23:36:45.186 24774 25273 E BufferQueueProducer: BQDUMP  [02:0xb400007d373c7bf0] state=QUEUED   0xb400007d57059650 frame=561 [ 392x 640: 400,1000]
02-11 23:36:45.186 24774 25273 E BufferQueueProducer: BQDUMP  [02:0xb400007d373c7bf0] state=QUEUED   0xb400007d57059650 frame=561 [ 392x 640: 400,1000]
02-11 23:36:45.222 24774 25273 E BufferQueueProducer: BQDUMP >[02:0xb400007d373c7bf0] state=ACQUIRED 0xb400007d57059650 frame=561 [ 392x 640: 400,1000]
02-11 23:36:45.222 24774 25273 E BufferQueueProducer: BQDUMP >[02:0xb400007d373c7bf0] state=ACQUIRED 0xb400007d57059650 frame=561 [ 392x 640: 400,1000]
02-11 23:36:45.256 24774 25273 E BufferQueueProducer: BQDUMP  [02:0xb400007d373c7bf0] state=DEQUEUED 0xb400007d57059650 frame=561 [ 392x 640: 400,1000]
02-11 23:36:45.256 24774 25273 E BufferQueueProducer: BQDUMP  [02:0xb400007d373c7bf0] state=DEQUEUED 0xb400007d57059650 frame=561 [ 392x 640: 400,1000]
02-11 23:36:45.280 24774 25273 E BufferQueueProducer: BQDUMP  [02:0xb400007d373c7bf0] state=DEQUEUED 0xb400007d57059650 frame=561 [ 392x 640: 400,1000]
02-11 23:36:45.280 24774 25273 E BufferQueueProducer: BQDUMP  [02:0xb400007d373c7bf0] state=DEQUEUED 0xb400007d57059650 frame=561 [ 392x 640: 400,1000]
02-11 23:36:45.325 24774 25273 E BufferQueueProducer: BQDUMP  [02:0xb400007d373c7bf0] state=DEQUEUED 0xb400007d57059650 frame=561 [ 392x 640: 400,1000]
02-11 23:36:45.325 24774 25273 E BufferQueueProducer: BQDUMP  [02:0xb400007d373c7bf0] state=DEQUEUED 0xb400007d57059650 frame=561 [ 392x 640: 400,1000]
02-11 23:36:45.349 24774 25273 E BufferQueueProducer: BQDUMP  [02:0xb400007d373c7bf0] state=DEQUEUED 0xb400007d57059650 frame=561 [ 392x 640: 400,1000]
02-11 23:36:45.349 24774 25273 E BufferQueueProducer: BQDUMP  [02:0xb400007d373c7bf0] state=DEQUEUED 0xb400007d57059650 frame=561 [ 392x 640: 400,1000]
02-11 23:36:45.392 24774 25273 E BufferQueueProducer: BQDUMP  [02:0xb400007d373c7bf0] state=DEQUEUED 0xb400007d57059650 frame=561 [ 392x 640: 400,1000]
02-11 23:36:45.392 24774 25273 E BufferQueueProducer: BQDUMP  [02:0xb400007d373c7bf0] state=DEQUEUED 0xb400007d57059650 frame=561 [ 392x 640: 400,1000]
02-11 23:36:45.456 24774 25273 E BufferQueueProducer: BQDUMP  [02:0xb400007d373c7bf0] state=DEQUEUED 0xb400007d57059650 frame=561 [ 392x 640: 400,1000]
02-11 23:36:45.456 24774 25273 E BufferQueueProducer: BQDUMP  [02:0xb400007d373c7bf0] state=DEQUEUED 0xb400007d57059650 frame=561 [ 392x 640: 400,1000]
02-11 23:36:45.482 24774 25273 E BufferQueueProducer: BQDUMP  [02:0xb400007d373c7bf0] state=DEQUEUED 0xb400007d57059650 frame=561 [ 392x 640: 400,1000]
02-11 23:36:45.482 24774 25273 E BufferQueueProducer: BQDUMP  [02:0xb400007d373c7bf0] state=DEQUEUED 0xb400007d57059650 frame=561 [ 392x 640: 400,1000]
02-11 23:36:45.553 24774 25273 E BufferQueueProducer: BQDUMP  [02:0xb400007d373c7bf0] state=DEQUEUED 0xb400007d57059650 frame=561 [ 392x 640: 400,1000]
02-11 23:36:45.553 24774 25273 E BufferQueueProducer: BQDUMP  [02:0xb400007d373c7bf0] state=DEQUEUED 0xb400007d57059650 frame=561 [ 392x 640: 400,1000]
02-11 23:36:45.591 24774 25273 E BufferQueueProducer: BQDUMP  [02:0xb400007d373c7bf0] state=DEQUEUED 0xb400007d57059650 frame=561 [ 392x 640: 400,1000]
02-11 23:36:45.591 24774 25273 E BufferQueueProducer: BQDUMP  [02:0xb400007d373c7bf0] state=DEQUEUED 0xb400007d57059650 frame=561 [ 392x 640: 400,1000]
02-11 23:36:45.617 24774 25273 E BufferQueueProducer: BQDUMP  [02:0xb400007d373c7bf0] state=DEQUEUED 0xb400007d57059650 frame=561 [ 392x 640: 400,1000]
02-11 23:36:45.617 24774 25273 E BufferQueueProducer: BQDUMP  [02:0xb400007d373c7bf0] state=DEQUEUED 0xb400007d57059650 frame=561 [ 392x 640: 400,1000]
02-11 23:36:45.655 24774 25273 E BufferQueueProducer: BQDUMP  [02:0xb400007d373c7bf0] state=DEQUEUED 0xb400007d57059650 frame=561 [ 392x 640: 400,1000]
02-11 23:36:45.656 24774 25273 E BufferQueueProducer: BQDUMP  [02:0xb400007d373c7bf0] state=DEQUEUED 0xb400007d57059650 frame=561 [ 392x 640: 400,1000]
02-11 23:36:45.722 24774 25273 E BufferQueueProducer: BQDUMP  [02:0xb400007d373c7bf0] state=DEQUEUED 0xb400007d57059650 frame=561 [ 392x 640: 400,1000]
02-11 23:36:45.723 24774 25273 E BufferQueueProducer: BQDUMP  [02:0xb400007d373c7bf0] state=DEQUEUED 0xb400007d57059650 frame=561 [ 392x 640: 400,1000]
02-11 23:36:45.749 24774 25273 E BufferQueueProducer: BQDUMP  [02:0xb400007d373c7bf0] state=DEQUEUED 0xb400007d57059650 frame=561 [ 392x 640: 400,1000]
02-11 23:36:46.016 24774 25273 E BufferQueueProducer: BQDUMP  [02:0xb400007d373c7bf0] state=DEQUEUED 0xb400007d57059650 frame=561 [ 392x 640: 400,1000]
02-11 23:36:46.016 24774 25273 E BufferQueueProducer: BQDUMP  [02:0xb400007d373c7bf0] state=DEQUEUED 0xb400007d57059650 frame=561 [ 392x 640: 400,1000]
02-11 23:36:46.056 24774 25273 E BufferQueueProducer: BQDUMP  [02:0xb400007d373c7bf0] state=DEQUEUED 0xb400007d57059650 frame=561 [ 392x 640: 400,1000]
02-11 23:36:46.056 24774 25273 E BufferQueueProducer: BQDUMP  [02:0xb400007d373c7bf0] state=DEQUEUED 0xb400007d57059650 frame=561 [ 392x 640: 400,1000]
02-11 23:36:46.120 24774 25273 E BufferQueueProducer: BQDUMP  [02:0xb400007d373c7bf0] state=DEQUEUED 0xb400007d57059650 frame=561 [ 392x 640: 400,1000]
02-11 23:36:46.121 24774 25273 E BufferQueueProducer: BQDUMP  [02:0xb400007d373c7bf0] state=DEQUEUED 0xb400007d57059650 frame=561 [ 392x 640: 400,1000]
02-11 23:36:46.148 24774 25273 E BufferQueueProducer: BQDUMP  [02:0xb400007d373c7bf0] state=DEQUEUED 0xb400007d57059650 frame=561 [ 392x 640: 400,1000]
02-11 23:36:46.149 24774 25273 E BufferQueueProducer: BQDUMP  [02:0xb400007d373c7bf0] state=DEQUEUED 0xb400007d57059650 frame=561 [ 392x 640: 400,1000]
02-11 23:36:46.186 24774 25273 E BufferQueueProducer: BQDUMP  [02:0xb400007d373c7bf0] state=DEQUEUED 0xb400007d57059650 frame=561 [ 392x 640: 400,1000]
02-11 23:36:46.186 24774 25273 E BufferQueueProducer: BQDUMP  [02:0xb400007d373c7bf0] state=DEQUEUED 0xb400007d57059650 frame=561 [ 392x 640: 400,1000]
02-11 23:36:46.228 24774 25273 E BufferQueueProducer: BQDUMP >[02:0xb400007d373c7bf0] state=ACQUIRED 0xb400007d57059650 frame=592 [ 392x 640: 400,1000]
02-11 23:36:46.228 24774 25273 E BufferQueueProducer: BQDUMP >[02:0xb400007d373c7bf0] state=ACQUIRED 0xb400007d57059650 frame=592 [ 392x 640: 400,1000]
02-11 23:36:46.254 24774 25273 E BufferQueueProducer: BQDUMP >[02:0xb400007d373c7bf0] state=ACQUIRED 0xb400007d57059650 frame=592 [ 392x 640: 400,1000]
02-11 23:36:46.254 24774 25273 E BufferQueueProducer: BQDUMP >[02:0xb400007d373c7bf0] state=ACQUIRED 0xb400007d57059650 frame=592 [ 392x 640: 400,1000]
02-11 23:37:38.028 24774 25273 E BufferQueueProducer: BQDUMP  [02:0xb400007d3736a170] state=DEQUEUED 0xb400007d57114f90 frame=1965 [ 392x 640: 400,1000]
02-11 23:37:38.028 24774 25273 E BufferQueueProducer: BQDUMP  [02:0xb400007d3736a170] state=DEQUEUED 0xb400007d57114f90 frame=1965 [ 392x 640: 400,1000]
02-11 23:37:38.085 24774 25273 E BufferQueueProducer: BQDUMP  [02:0xb400007d3736a170] state=DEQUEUED 0xb400007d57114f90 frame=1965 [ 392x 640: 400,1000]
02-11 23:37:38.085 24774 25273 E BufferQueueProducer: BQDUMP  [02:0xb400007d3736a170] state=DEQUEUED 0xb400007d57114f90 frame=1965 [ 392x 640: 400,1000]
02-11 23:37:38.119 24774 25273 E BufferQueueProducer: BQDUMP  [02:0xb400007d3736a170] state=DEQUEUED 0xb400007d57114f90 frame=1965 [ 392x 640: 400,1000]
02-11 23:37:38.119 24774 25273 E BufferQueueProducer: BQDUMP  [02:0xb400007d3736a170] state=DEQUEUED 0xb400007d57114f90 frame=1965 [ 392x 640: 400,1000]
02-11 23:37:38.188 24774 25273 E BufferQueueProducer: BQDUMP  [02:0xb400007d3736a170] state=DEQUEUED 0xb400007d57114f90 frame=1965 [ 392x 640: 400,1000]
02-11 23:37:38.188 24774 25273 E BufferQueueProducer: BQDUMP  [02:0xb400007d3736a170] state=DEQUEUED 0xb400007d57114f90 frame=1965 [ 392x 640: 400,1000]
02-11 23:37:38.212 24774 25273 E BufferQueueProducer: BQDUMP  [02:0xb400007d3736a170] state=DEQUEUED 0xb400007d57114f90 frame=1965 [ 392x 640: 400,1000]
02-11 23:37:38.212 24774 25273 E BufferQueueProducer: BQDUMP  [02:0xb400007d3736a170] state=DEQUEUED 0xb400007d57114f90 frame=1965 [ 392x 640: 400,1000]
02-11 23:37:38.312 24774 25273 E BufferQueueProducer: BQDUMP  [02:0xb400007d3736a170] state=DEQUEUED 0xb400007d57114f90 frame=1965 [ 392x 640: 400,1000]
02-11 23:37:38.312 24774 25273 E BufferQueueProducer: BQDUMP  [02:0xb400007d3736a170] state=DEQUEUED 0xb400007d57114f90 frame=1965 [ 392x 640: 400,1000]
02-11 23:37:38.346 24774 25273 E BufferQueueProducer: BQDUMP  [02:0xb400007d3736a170] state=DEQUEUED 0xb400007d57114f90 frame=1965 [ 392x 640: 400,1000]
02-11 23:37:38.347 24774 25273 E BufferQueueProducer: BQDUMP  [02:0xb400007d3736a170] state=DEQUEUED 0xb400007d57114f90 frame=1965 [ 392x 640: 400,1000]
02-11 23:37:38.413 24774 25273 E BufferQueueProducer: BQDUMP  [02:0xb400007d3736a170] state=DEQUEUED 0xb400007d57114f90 frame=1965 [ 392x 640: 400,1000]
02-11 23:37:38.414 24774 25273 E BufferQueueProducer: BQDUMP  [02:0xb400007d3736a170] state=DEQUEUED 0xb400007d57114f90 frame=1965 [ 392x 640: 400,1000]
02-11 23:37:38.448 24774 25273 E BufferQueueProducer: BQDUMP  [02:0xb400007d3736a170] state=DEQUEUED 0xb400007d57114f90 frame=1965 [ 392x 640: 400,1000]
02-11 23:37:38.449 24774 25273 E BufferQueueProducer: BQDUMP  [02:0xb400007d3736a170] state=DEQUEUED 0xb400007d57114f90 frame=1965 [ 392x 640: 400,1000]
02-11 23:37:38.484 24774 25273 E BufferQueueProducer: BQDUMP  [02:0xb400007d3736a170] state=DEQUEUED 0xb400007d57114f90 frame=1965 [ 392x 640: 400,1000]
02-11 23:37:38.484 24774 25273 E BufferQueueProducer: BQDUMP  [02:0xb400007d3736a170] state=DEQUEUED 0xb400007d57114f90 frame=1965 [ 392x 640: 400,1000]
02-11 23:37:38.520 24774 25273 E BufferQueueProducer: BQDUMP  [02:0xb400007d3736a170] state=DEQUEUED 0xb400007d57114f90 frame=1965 [ 392x 640: 400,1000]
