02-12 00:45:40.909  3188 19656 E NetworkScheduler.ATC: Called cancelTask for already completed task com.google.android.gms/.measurement.PackageMeasurementTaskService{u=0 tag="Measurement.PackageMeasurementTaskService.UPLOAD_TASK_TAG" trigger=window{start=2592s,end=5185s,earliest=-3193s,latest=-600s} requirements=[NET_CONNECTED] attributes=[PERSISTED] scheduled=-5785s last_run=-219s exec_window_multiplier=1.0000 jid=N/A status=ACTIVE retries=0 client_lib=GMS_TASK_SCHEDULER-230313000} :1 [CONTEXT service_id=218 ]
02-12 00:46:29.664   983  1036 E android.hardware.sensors@2.0-service.multihal-mediatek: MEMSIC_SetAccData: -0.220816 0.896531 -0.446327
02-12 00:46:49.044   983  1036 E android.hardware.sensors@2.0-service.multihal-mediatek: MEMSIC_SetMagData: accur 3, 25.679815 8.909965 -33.326996
02-12 00:47:24.965  1333  1333 E wificond: vivo add tx_good 220746 tx_bad 0 rx_good 389031 tx_retry 7531 tx_retry_times 0
02-12 00:48:30.348  1035  1035 I mtkpower_client: ret_hdl:114965
02-12 00:48:30.348   993  1066 I libPowerHal: [perfLockAcq] idx:0 hdl:114965 hint:-1 pid:1035 duration:500 lock_user:vperf@1.0-servi => ret_hdl:114965
02-12 00:48:30.850   993  1066 I mtkpower@impl: [powerd_req] TIMER_MSG_PERF_LOCK_TIMEOUT hdl:114965
02-12 00:48:30.850   993  1066 I libPowerHal: [perfLockRel] hdl:114965, idx:0
02-12 00:48:30.869  1035 23095 I mtkpower_client: perf_lock_rel, hdl:114965, tid:23095
02-12 00:48:30.870   993  1066 I libPowerHal: [perfLockRel] hdl:114965, idx:-1
02-12 00:48:32.965   993  1066 I libPowerHal: [perfLockRel] hdl:114975, idx:2
02-12 00:49:33.857   965  4416 D _V_vafx_muteframedetect: AudioHwOut session 6, curMuteFrame 0 ms, totalMuteFrame 6187370 ms, normalFrame 13586058 ms
02-12 00:49:44.965   993  1066 I libPowerHal: 1157: cpu_ctrl set cpu freq: 1000000 -1 1000000 -1
02-12 00:49:49.396  1035  1035 I mtkpower_client: perf_lock_acq, hdl:114965, dur:500, num:24, tid:1035
02-12 00:49:52.965  1050  1050 E ClientCache: failed to get buffer, could not retrieve buffer
02-12 00:50:44.071  1798 25965 E lra_vibrator_VibratorController.jni: jni+++ vibratorOn sucess
02-12 00:50:44.077  1798 25965 E lra_vibrator_VibratorController.jni: jni+++ vibratorOff sucess
02-12 00:53:04.965   538   544 E android.system.suspend@1.0-service: Error opening kernel wakelock stats for: wakeup16: Permission denied
02-12 00:53:04.965   538   544 E android.system.suspend@1.0-service: Error opening kernel wakelock stats for: wakeup0: Permission denied
02-12 01:21:42.434   965  4416 D _V_vafx_muteframedetect: AudioHwOut session 6, curMuteFrame 0 ms, totalMuteFrame 6190832 ms, normalFrame 15511173 ms
02-12 01:22:34.702   965  4416 E AudioALSAPlaybackHandlerBase: -getHardwareBufferInfo(), pcm_get_htimestamp fail, ret = -1, pcm_get_error =  flag = 0x6
02-12 01:22:34.704   965  4416 E AudioALSAPlaybackHandlerBase: -getHardwareBufferInfo(), pcm_get_htimestamp fail, ret = -1, pcm_get_error =  flag = 0x6
02-12 01:22:34.709   965  4416 E AudioALSAPlaybackHandlerBase: -getHardwareBufferInfo(), pcm_get_htimestamp fail, ret = -1, pcm_get_error =  flag = 0x6
02-12 01:24:25.965   993  1066 I libPowerHal: [PE] MTKPOWER_HINT_APP_TOUCH update cmd:3408600 param:1
02-12 01:26:53.965  1020  1020 E _V_VivoSensorTest: bbk_em_sensor_main finish type:0x201
02-12 01:26:53.965  1798  2110 E VivoSensorTest: vivo_sensor_factory_test system start
02-12 01:26:53.965  1798  2109 E VivoSensorTest: vivo_sensor_factory_test system start
02-12 01:26:53.965  1020  1020 E VivoSensorTest: VivoSensorTest bbk_em_sensor_main: ID 0x20f arg1 25 arg2 811 arg3 0
02-12 01:26:53.965  1020  1020 E _V_VivoSensorTest: bbk_em_sensor_main start type:0x20f
02-12 01:34:56.965   955  1198 E netd    : QUERY_RESOLV_NETID command.uid:10409, nid:0
02-12 01:45:57.965   993  1066 I libPowerHal: [perfLockRel] hdl:115781, idx:1
02-12 01:46:37.965   993  1066 I libPowerHal: [perfLockAcq] idx:3 hdl:115882 hint:1173 pid:1035 duration:0 lock_user:vperf@1.0-servi => ret_hdl:115882
02-12 01:46:38.965  1035  1035 I mtkpower_client: perf_lock_rel, hdl:115887, tid:1035
02-12 01:47:28.691   993  1066 I libPowerHal: [perfLockAcq] idx:1 hdl:115965 hint:11 pid:993 duration:30000 lock_user:mtkpower@1.0-se => ret_hdl:115965
02-12 01:47:29.140   993  1066 I libPowerHal: [perfLockRel] hdl:115965, idx:1
02-12 01:47:55.965  1333  1333 E wificond: vivo add tx_good 260851 tx_bad 0 rx_good 445694 tx_retry 9069 tx_retry_times 0
02-12 01:50:32.784   965  4416 E AudioALSAPlaybackHandlerNormal: open_audiodsp_preset() Preset file can't be opened
02-12 01:50:32.785   965  4416 E AudioALSAPlaybackHandlerNormal: open_audiodsp() Could not load the preset file, it might be sktv3 algo, return here.
02-12 01:50:32.785   965  4416 E AudioALSAPlaybackHandlerNormal: open() Could not open audioDSP lib
02-12 01:50:32.802   965 16466 E AudioALSAPlaybackHandlerNormal: open_audiodsp_preset() Preset file can't be opened
02-12 01:50:32.802   965 16466 E AudioALSAPlaybackHandlerNormal: open_audiodsp() Could not load the preset file, it might be sktv3 algo, return here.
02-12 01:50:32.802   965 16466 E AudioALSAPlaybackHandlerNormal: open() Could not open audioDSP lib
02-12 01:51:12.891   965 16466 D _V_vafx_muteframedetect: AudioHwOut session 8, curMuteFrame 41088 ms, totalMuteFrame 2892288 ms, normalFrame 1425834 ms
02-12 01:51:12.965  2760  3652 W SQLiteLog: (28) double-quoted string literal: "8962100771252686595"
02-12 01:51:12.965  2760  3652 W SQLiteLog: (28) double-quoted string literal: "89620140007292536849"
02-12 01:51:15.932   965  4416 E AudioALSAPlaybackHandlerNormal: open_audiodsp_preset() Preset file can't be opened
02-12 01:51:15.932   965  4416 E AudioALSAPlaybackHandlerNormal: open_audiodsp() Could not load the preset file, it might be sktv3 algo, return here.
02-12 01:51:15.933   965  4416 E AudioALSAPlaybackHandlerNormal: open() Could not open audioDSP lib
02-12 01:51:42.199 15965 15965 E com.bbk.update: Not starting debugger since process cannot load the jdwp agent.
02-12 01:51:42.831 15965 15999 E VgcSdkManager: VgcSdkManager init versionName:1.0.0.2
02-12 01:51:42.988 15965 16019 E _V_SecurityKey: com.bbk.updater: check collect data permisson: PERMISSION_DENIED
02-12 01:51:42.988 15965 16028 E _V_SecurityKey: com.bbk.updater: check collect data permisson: PERMISSION_DENIED
02-12 01:51:42.990 15965 16028 E _V_SecurityKey: com.bbk.updater: check collect data permisson: PERMISSION_DENIED
02-12 01:51:42.995 15965 16019 E _V_SecurityKey: com.bbk.updater: check collect data permisson: PERMISSION_DENIED
02-12 01:51:43.000 15965 16019 E _V_SecurityKey: com.bbk.updater: check collect data permisson: PERMISSION_DENIED
02-12 01:51:43.005 15965 16019 E _V_SecurityKey: com.bbk.updater: check collect data permisson: PERMISSION_DENIED
02-12 01:51:43.010 15965 16019 E _V_SecurityKey: com.bbk.updater: check collect data permisson: PERMISSION_DENIED
02-12 01:51:43.014 15965 16019 E _V_SecurityKey: com.bbk.updater: check collect data permisson: PERMISSION_DENIED
02-12 01:51:43.019 15965 16019 E _V_SecurityKey: com.bbk.updater: check collect data permisson: PERMISSION_DENIED
02-12 01:51:43.023 15965 16019 E _V_SecurityKey: com.bbk.updater: check collect data permisson: PERMISSION_DENIED
02-12 01:51:43.026 15965 16019 E _V_SecurityKey: com.bbk.updater: check collect data permisson: PERMISSION_DENIED
02-12 01:51:43.309 15965 16028 E _V_SecurityKey: com.bbk.updater: check collect data permisson: PERMISSION_DENIED
02-12 01:51:43.347 15965 15965 E _V_SecurityKey: com.bbk.updater: check collect data permisson: PERMISSION_DENIED
02-12 01:51:43.348 15965 15965 E _V_SecurityKey: com.bbk.updater: check collect data permisson: PERMISSION_DENIED
02-12 01:51:43.348 15965 15965 E _V_SecurityKey: com.bbk.updater: check collect data permisson: PERMISSION_DENIED
02-12 01:51:43.349 15965 15965 E _V_SecurityKey: com.bbk.updater: check collect data permisson: PERMISSION_DENIED
02-12 01:51:43.349 15965 15965 E _V_SecurityKey: com.bbk.updater: check collect data permisson: PERMISSION_DENIED
02-12 01:51:43.350 15965 15965 E _V_SecurityKey: com.bbk.updater: check collect data permisson: PERMISSION_DENIED
02-12 01:51:43.350 15965 15965 E _V_SecurityKey: com.bbk.updater: check collect data permisson: PERMISSION_DENIED
02-12 01:51:43.351 15965 15965 E _V_SecurityKey: com.bbk.updater: check collect data permisson: PERMISSION_DENIED
02-12 01:51:43.351 15965 15965 E _V_SecurityKey: com.bbk.updater: check collect data permisson: PERMISSION_DENIED
02-12 01:51:43.352 15965 15965 E _V_SecurityKey: com.bbk.updater: check collect data permisson: PERMISSION_DENIED
02-12 01:51:43.352 15965 15965 E _V_SecurityKey: com.bbk.updater: check collect data permisson: PERMISSION_DENIED
02-12 01:51:43.352 15965 15965 E _V_SecurityKey: com.bbk.updater: check collect data permisson: PERMISSION_DENIED
02-12 01:51:43.353 15965 15965 E _V_SecurityKey: com.bbk.updater: check collect data permisson: PERMISSION_DENIED
02-12 01:51:43.354 15965 15965 E _V_SecurityKey: com.bbk.updater: check collect data permisson: PERMISSION_DENIED
02-12 01:51:43.355 15965 15965 E _V_SecurityKey: com.bbk.updater: check collect data permisson: PERMISSION_DENIED
02-12 01:51:43.356 15965 15965 E _V_SecurityKey: com.bbk.updater: check collect data permisson: PERMISSION_DENIED
02-12 01:51:43.357 15965 15965 E _V_SecurityKey: com.bbk.updater: check collect data permisson: PERMISSION_DENIED
02-12 01:51:43.357 15965 15965 E _V_SecurityKey: com.bbk.updater: check collect data permisson: PERMISSION_DENIED
02-12 01:51:43.359 15965 15965 E _V_SecurityKey: com.bbk.updater: check collect data permisson: PERMISSION_DENIED
02-12 01:51:43.360 15965 15965 E _V_SecurityKey: com.bbk.updater: check collect data permisson: PERMISSION_DENIED
02-12 01:51:43.361 15965 15965 E _V_SecurityKey: com.bbk.updater: check collect data permisson: PERMISSION_DENIED
02-12 01:51:43.362 15965 15965 E _V_SecurityKey: com.bbk.updater: check collect data permisson: PERMISSION_DENIED
02-12 01:51:43.363 15965 15965 E _V_SecurityKey: com.bbk.updater: check collect data permisson: PERMISSION_DENIED
02-12 01:51:43.364 15965 15965 E _V_SecurityKey: com.bbk.updater: check collect data permisson: PERMISSION_DENIED
02-12 01:51:43.365 15965 15965 E _V_SecurityKey: com.bbk.updater: check collect data permisson: PERMISSION_DENIED
02-12 01:51:43.365 15965 15965 E _V_SecurityKey: com.bbk.updater: check collect data permisson: PERMISSION_DENIED
02-12 01:51:43.366 15965 15965 E _V_SecurityKey: com.bbk.updater: check collect data permisson: PERMISSION_DENIED
02-12 01:51:43.367 15965 15965 E _V_SecurityKey: com.bbk.updater: check collect data permisson: PERMISSION_DENIED
02-12 01:51:43.368 15965 15965 E _V_SecurityKey: com.bbk.updater: check collect data permisson: PERMISSION_DENIED
02-12 01:51:43.369 15965 15965 E _V_SecurityKey: com.bbk.updater: check collect data permisson: PERMISSION_DENIED
02-12 01:51:43.369 15965 15965 E _V_SecurityKey: com.bbk.updater: check collect data permisson: PERMISSION_DENIED
02-12 01:51:43.370 15965 15965 E _V_SecurityKey: com.bbk.updater: check collect data permisson: PERMISSION_DENIED
02-12 01:51:43.371 15965 15965 E _V_SecurityKey: com.bbk.updater: check collect data permisson: PERMISSION_DENIED
02-12 01:51:43.372 15965 15965 E _V_SecurityKey: com.bbk.updater: check collect data permisson: PERMISSION_DENIED
02-12 01:51:43.373 15965 15965 E _V_SecurityKey: com.bbk.updater: check collect data permisson: PERMISSION_DENIED
02-12 01:51:43.374 15965 15965 E _V_SecurityKey: com.bbk.updater: check collect data permisson: PERMISSION_DENIED
02-12 01:51:43.375 15965 15965 E _V_SecurityKey: com.bbk.updater: check collect data permisson: PERMISSION_DENIED
02-12 01:51:43.376 15965 15965 E _V_SecurityKey: com.bbk.updater: check collect data permisson: PERMISSION_DENIED
02-12 01:51:43.377 15965 15965 E _V_SecurityKey: com.bbk.updater: check collect data permisson: PERMISSION_DENIED
02-12 01:51:43.377 15965 15965 E _V_SecurityKey: com.bbk.updater: check collect data permisson: PERMISSION_DENIED
02-12 01:51:43.378 15965 15965 E _V_SecurityKey: com.bbk.updater: check collect data permisson: PERMISSION_DENIED
02-12 01:51:43.378 15965 15965 E _V_SecurityKey: com.bbk.updater: check collect data permisson: PERMISSION_DENIED
02-12 01:51:45.915 15965 15965 E VivoPush.AidlManager: (15965)In connect, bind core service time out
02-12 01:51:50.965 28786 28853 E GPUAUX  : [AUX]GuiExtAuxCheckAuxPath:663: Null anb
02-12 01:52:02.036   965  4416 D _V_vafx_muteframedetect: AudioHwOut session 6, curMuteFrame 88853 ms, totalMuteFrame 6279776 ms, normalFrame 15564192 ms
02-12 01:52:03.024   965 16466 D _V_vafx_muteframedetect: AudioHwOut session 8, curMuteFrame 91221 ms, totalMuteFrame 2942421 ms, normalFrame 1425834 ms
02-12 01:52:03.965   972  1336 I hwcomposer: [DEV] DispDevice::frameConfig isHBM:0 hbm_en:0  
02-12 01:52:04.041   965  4416 D _V_vafx_muteframedetect: AudioHwOut session 6, curMuteFrame 90858 ms, totalMuteFrame 6281781 ms, normalFrame 15564192 ms
02-12 01:52:05.029   965 16466 D _V_vafx_muteframedetect: AudioHwOut session 8, curMuteFrame 93226 ms, totalMuteFrame 2944426 ms, normalFrame 1425834 ms
02-12 01:52:06.046   965  4416 D _V_vafx_muteframedetect: AudioHwOut session 6, curMuteFrame 92864 ms, totalMuteFrame 6283786 ms, normalFrame 15564192 ms
02-12 01:52:07.035   965 16466 D _V_vafx_muteframedetect: AudioHwOut session 8, curMuteFrame 95232 ms, totalMuteFrame 2946432 ms, normalFrame 1425834 ms
02-12 01:52:08.052   965  4416 D _V_vafx_muteframedetect: AudioHwOut session 6, curMuteFrame 94869 ms, totalMuteFrame 6285792 ms, normalFrame 15564192 ms
02-12 01:52:09.040   965 16466 D _V_vafx_muteframedetect: AudioHwOut session 8, curMuteFrame 97237 ms, totalMuteFrame 2948437 ms, normalFrame 1425834 ms
02-12 01:52:10.057   965  4416 D _V_vafx_muteframedetect: AudioHwOut session 6, curMuteFrame 96874 ms, totalMuteFrame 6287797 ms, normalFrame 15564192 ms
02-12 01:52:10.965 28786 28853 E GPUAUX  : [AUX]GuiExtAuxCheckAuxPath:663: Null anb
02-12 01:52:11.045   965 16466 D _V_vafx_muteframedetect: AudioHwOut session 8, curMuteFrame 99242 ms, totalMuteFrame 2950442 ms, normalFrame 1425834 ms
02-12 01:52:11.965 28786 28853 E GPUAUX  : [AUX]GuiExtAuxCheckAuxPath:663: Null anb
02-12 01:52:12.063   965  4416 D _V_vafx_muteframedetect: AudioHwOut session 6, curMuteFrame 98880 ms, totalMuteFrame 6289802 ms, normalFrame 15564192 ms
02-12 01:52:13.051   965 16466 D _V_vafx_muteframedetect: AudioHwOut session 8, curMuteFrame 101248 ms, totalMuteFrame 2952448 ms, normalFrame 1425834 ms
02-12 01:52:13.187   475   475 I lowmemorykiller: Kill 'com.bbk.updater' (15965), uid 10154, oom_score_adj 915 to free 77304kB rss, 29412kB swap; reason: device is in direct reclaim and low on memory
02-12 01:52:13.209   956   956 I Zygote  : Process 15965 exited due to signal 9 (Killed)
02-12 01:52:13.210  1798  1845 I libprocessgroup: Successfully killed process cgroup uid 10154 pid 15965 in 0ms
02-12 01:52:13.210  1798  1845 I libprocessgroup: Successfully killed process cgroup uid 10154 pid 15965 in 0ms
02-12 01:52:13.210  1798  2711 I ActivityManager: Process com.bbk.updater (pid 15965) has died: cch+15 CEM 
02-12 01:52:13.211   993  1066 I libPowerHal: [perfNotifyAppState] pack:com.bbk.updater, act:com.bbk.updater, state:3, pid:15965, uid:10154, fps:-1
02-12 01:52:13.211   993  1066 I libPowerHal: [perfNotifyAppState] pack:com.bbk.updater, pid:15965, STATE_DEAD
02-12 01:52:13.211   993  1066 D RilUtility: notify_rild_crash_pid_set certPid:-1, crash:15965, scn:0x0
02-12 01:52:13.213  1798  1822 D _V_VivoAudioPlaybackPolicy: recordProcessDiedEvent() pid:15965,uid:10154,pkgName:com.bbk.updater
02-12 01:52:13.213  1798  2120 D _V_VivoAudioPlaybackPolicy: handlerPlaybackPolicyProcessDiedEvent() pid:15965,uid:10154,died:true
02-12 01:52:13.233  1798  1822 D _V_VivoLocationNotify: onProcessDied: pid=15965, uid=10154
02-12 01:52:13.234  1798  1822 D _V_VivoAudioPlaybackPolicy: recordNotificationEvent() pid:15965,uid:10154,enque:false,post:false,hasNotify:false,pkgName:onProcessDied
02-12 01:52:13.234  1798  1822 D _V_gamevibrator: onProcessDied pid:15965, uid:10154
02-12 01:52:13.235  2615  2652 D _V_Updater/UpdaterDaemonService: onProcessDied  pid:15965  last mRemoteUpdaterPid:3091
02-12 01:52:13.237  2353  7124 I _V_UsageAppManager: deleteDiedAppList_getPid()=15965
02-12 01:52:13.237  1110  1187 D _V_VivoMusicWidgetMix/MainApplication: onProcessDied pid = 15965, uid = 10154, pkg = com.bbk.updater
02-12 01:52:13.238  4790  4790 I _V_GameCube-GameDaemonService: process died packageName = com.bbk.updater; pid = 15965;  containsKey = false
02-12 01:52:13.245  1798  2120 D _V_VivoAudioPlaybackPolicy: handlerPlaybackPolicyNotificationShownEvent() pid:15965,uid:10154,shown:false
02-12 01:52:13.245  1798  2120 D _V_VivoAudioPlaybackPolicy: updateAudioPolicyAppState() pid:15965,uid:10154
02-12 01:52:14.068   965  4416 D _V_vafx_muteframedetect: AudioHwOut session 6, curMuteFrame 100885 ms, totalMuteFrame 6291808 ms, normalFrame 15564192 ms
