02-11 16:44:05.496  1333  1333 E wificond: vivo add tx_good 21029 tx_bad 0 rx_good 19655 tx_retry 3198 tx_retry_times 0
02-11 16:44:08.519  1333  1333 E wificond: vivo add tx_good 21032 tx_bad 0 rx_good 19655 tx_retry 3198 tx_retry_times 0
02-11 16:44:11.551  1333  1333 E wificond: vivo add tx_good 21056 tx_bad 0 rx_good 19656 tx_retry 3209 tx_retry_times 0
02-11 16:44:14.571  1333  1333 E wificond: vivo add tx_good 21076 tx_bad 0 rx_good 19657 tx_retry 3209 tx_retry_times 0
02-11 16:45:05.965  1333  1333 E wificond: Failed to get NL80211_STA_INFO_AIRTIME_LINK_METRIC as txretrytimes
02-11 16:45:05.965  1333  1333 E wificond: vivo add tx_good 21779 tx_bad 0 rx_good 20187 tx_retry 3275 tx_retry_times 0
02-11 16:49:56.273  1333  1333 E wificond: vivo add tx_good 29965 tx_bad 0 rx_good 27270 tx_retry 4972 tx_retry_times 0
02-11 16:54:06.249  1798  1798 E NotificationListeners: java.lang.IllegalArgumentException: Service not registered: com.android.server.notification.ManagedServices$1@9659351
02-11 16:54:58.965  1333  1333 E wificond: Failed to get NL80211_STA_INFO_AIRTIME_LINK_METRIC as txretrytimes
02-11 16:54:58.965  1333  1333 E wificond: vivo add tx_good 30947 tx_bad 0 rx_good 28172 tx_retry 5228 tx_retry_times 0
02-11 17:09:11.965  1798 14421 D _V_VivoPowerManagerService: button light 0 111 trun off
02-11 17:10:33.965  1333  1333 E wificond: Failed to get NL80211_STA_INFO_AIRTIME_LINK_METRIC as txretrytimes
02-11 17:10:33.965  1333  1333 E wificond: vivo add tx_good 42439 tx_bad 0 rx_good 42172 tx_retry 7523 tx_retry_times 0
02-11 17:27:06.965  1798  1798 E _V_BBKTouchScreenServiceService: packageName:null
02-11 17:27:06.965  1798  1798 E _V_Sensor_NativeNotification: ACTION_BATTERY_CHANGED plugged = 1
02-11 17:27:06.965  1798  1798 E _V_Sensor_NativeNotification: mTimePeriod is null
02-11 17:33:52.872  1333  1333 E wificond: vivo add tx_good 9564 tx_bad 0 rx_good 8965 tx_retry 1419 tx_retry_times 0
02-11 17:39:55.329  1333  1333 E wificond: vivo add tx_good 18600 tx_bad 0 rx_good 19654 tx_retry 4444 tx_retry_times 0
02-11 17:56:05.965  1798  1817 E _V_RichTapVibratorService: getExtension == null
02-11 17:56:48.676  1333  1333 E wificond: vivo add tx_good 28965 tx_bad 0 rx_good 30050 tx_retry 7464 tx_retry_times 0
02-11 18:14:51.485  1333  1333 E wificond: vivo add tx_good 39337 tx_bad 0 rx_good 41351 tx_retry 9652 tx_retry_times 0
02-11 18:15:42.892  1333  1333 E wificond: vivo add tx_good 39651 tx_bad 0 rx_good 41663 tx_retry 9780 tx_retry_times 0
02-11 18:15:45.915  1333  1333 E wificond: vivo add tx_good 39656 tx_bad 0 rx_good 41669 tx_retry 9780 tx_retry_times 0
02-11 19:13:38.675  1333  1333 E wificond: vivo add tx_good 47855 tx_bad 0 rx_good 49651 tx_retry 11657 tx_retry_times 0
02-11 19:18:01.652  1333  1333 E wificond: vivo add tx_good 55081 tx_bad 0 rx_good 61778 tx_retry 12965 tx_retry_times 0
02-11 19:22:08.602  1333  1333 E wificond: vivo add tx_good 59650 tx_bad 0 rx_good 66974 tx_retry 13600 tx_retry_times 0
02-11 19:22:11.636  1333  1333 E wificond: vivo add tx_good 59652 tx_bad 0 rx_good 66977 tx_retry 13602 tx_retry_times 0
02-11 19:22:14.657  1333  1333 E wificond: vivo add tx_good 59652 tx_bad 0 rx_good 66977 tx_retry 13602 tx_retry_times 0
02-11 19:22:17.676  1333  1333 E wificond: vivo add tx_good 59656 tx_bad 0 rx_good 66983 tx_retry 13602 tx_retry_times 0
02-11 19:22:20.712  1333  1333 E wificond: vivo add tx_good 59657 tx_bad 0 rx_good 66984 tx_retry 13606 tx_retry_times 0
02-11 19:22:23.738  1333  1333 E wificond: vivo add tx_good 59658 tx_bad 0 rx_good 66985 tx_retry 13606 tx_retry_times 0
02-11 19:33:49.965  1798  1798 E _V_BBKTouchScreenServiceService: packageName:null
02-11 19:33:49.965  1798  1798 E _V_Sensor_NativeNotification: ACTION_BATTERY_CHANGED plugged = 0
02-11 19:37:21.965  1798  1798 E _V_BBKTouchScreenServiceService: packageName:null
02-11 19:41:43.965  1798  1798 E _V_BBKTouchScreenServiceService: packageName:null
02-11 19:41:43.965  1798  1798 E _V_Sensor_NativeNotification: ACTION_BATTERY_CHANGED plugged = 1
02-11 19:48:04.965  1798  1798 E _V_Sensor_NativeNotification: ACTION_BATTERY_CHANGED plugged = 1
02-11 19:48:04.965  1798  1798 E _V_Sensor_NativeNotification: mTimePeriod is null
02-11 19:48:11.965  1798  1798 E _V_BBKTouchScreenServiceService: packageName:null
02-11 19:50:32.965  1798  1798 E _V_RichTapVibratorService: getExtension == null
02-11 19:51:24.965  1798  1798 E _V_BBKTouchScreenServiceService: packageName:null
02-11 19:52:32.965  1798  1798 E _V_BBKTouchScreenServiceService: packageName:null
02-11 19:52:32.965  1798  1798 E _V_Sensor_NativeNotification: ACTION_BATTERY_CHANGED plugged = 0
02-11 19:53:55.965  1798  1798 E _V_BBKTouchScreenServiceService: packageName:null
02-11 19:53:55.965  1798  1798 E _V_Sensor_NativeNotification: ACTION_BATTERY_CHANGED plugged = 0
02-11 19:56:37.965  1798  1798 E _V_BBKTouchScreenServiceService: packageName:null
02-11 19:57:44.644  1333  1333 E wificond: vivo add tx_good 2740 tx_bad 0 rx_good 2965 tx_retry 20 tx_retry_times 0
02-11 19:59:55.965  1798  1798 E _V_BBKTouchScreenServiceService: packageName:null
02-11 19:59:55.965  1798  1798 E _V_Sensor_NativeNotification: ACTION_BATTERY_CHANGED plugged = 1
02-11 19:59:55.965  1798  1798 E _V_Sensor_NativeNotification: mTimePeriod is null
02-11 20:00:00.965  1798  1798 E _V_BBKTouchScreenServiceService: packageName:null
02-11 20:00:00.965  1798  1798 E _V_Sensor_NativeNotification: ACTION_BATTERY_CHANGED plugged = 1
02-11 20:02:38.965  1798  1798 E _V_BBKTouchScreenServiceService: packageName:null
02-11 20:02:38.965  1798  1798 E _V_Sensor_NativeNotification: ACTION_BATTERY_CHANGED plugged = 0
02-11 20:04:01.965  1798  1798 E _V_BBKTouchScreenServiceService: packageName:null
02-11 20:04:01.965  1798  1798 E _V_Sensor_NativeNotification: ACTION_BATTERY_CHANGED plugged = 0
02-11 20:04:05.965  1798  1798 E _V_BBKTouchScreenServiceService: packageName:null
02-11 20:04:05.965  1798  1798 E _V_Sensor_NativeNotification: ACTION_BATTERY_CHANGED plugged = 0
02-11 20:09:22.965  1798  1994 E _V_VivoPowerManagerService: wakeUp(Binder call) uid = 1000 reason = 1 details = android.policy:POWER pkgName = android prox = 5.0 useprox = false
02-11 20:19:27.990  1333  1333 E wificond: vivo add tx_good 32965 tx_bad 0 rx_good 36939 tx_retry 1234 tx_retry_times 0
02-11 20:24:57.131  1333  1333 E wificond: vivo add tx_good 44125 tx_bad 0 rx_good 52965 tx_retry 1556 tx_retry_times 0
02-11 20:36:42.965  1798  4676 E _V_RichTapVibratorService: getExtension == null
02-11 20:50:40.756  1333  1333 E wificond: vivo add tx_good 27357 tx_bad 0 rx_good 39965 tx_retry 368 tx_retry_times 0
02-11 20:58:51.405  1333  1333 E wificond: vivo add tx_good 29653 tx_bad 0 rx_good 42453 tx_retry 430 tx_retry_times 0
02-11 21:06:54.818  1333  1333 E wificond: vivo add tx_good 49655 tx_bad 0 rx_good 72624 tx_retry 1666 tx_retry_times 0
02-11 21:10:50.426  1333  1333 E wificond: vivo add tx_good 59650 tx_bad 0 rx_good 87139 tx_retry 2295 tx_retry_times 0
02-11 21:18:32.853  1333  1333 E wificond: vivo add tx_good 68984 tx_bad 0 rx_good 96511 tx_retry 2924 tx_retry_times 0
02-11 21:18:35.861  1333  1333 E wificond: vivo add tx_good 69093 tx_bad 0 rx_good 96566 tx_retry 2926 tx_retry_times 0
02-11 21:37:31.965  1798  2106 E _V_Sensor_AutoInfoManager: SettingsObserver failed: java.lang.ArithmeticException: divide by zero
02-11 21:38:19.838  1333  1333 E wificond: vivo add tx_good 90037 tx_bad 0 rx_good 115965 tx_retry 4023 tx_retry_times 0
02-11 21:54:14.269  1333  1333 E wificond: vivo add tx_good 112454 tx_bad 0 rx_good 137965 tx_retry 4812 tx_retry_times 0
02-11 21:58:18.835  1333  1333 E wificond: vivo add tx_good 113965 tx_bad 0 rx_good 139558 tx_retry 4869 tx_retry_times 0
02-11 22:01:22.965  1333  1333 E wificond: Failed to get NL80211_STA_INFO_AIRTIME_LINK_METRIC as txretrytimes
02-11 22:01:22.965  1333  1333 E wificond: vivo add tx_good 114787 tx_bad 0 rx_good 140385 tx_retry 4896 tx_retry_times 0
02-11 22:15:55.561  1333  1333 E wificond: vivo add tx_good 117320 tx_bad 0 rx_good 143081 tx_retry 4965 tx_retry_times 0
02-11 22:15:58.575  1333  1333 E wificond: vivo add tx_good 117323 tx_bad 0 rx_good 143082 tx_retry 4965 tx_retry_times 0
02-11 22:25:41.808  1333  1333 E wificond: vivo add tx_good 119657 tx_bad 0 rx_good 145521 tx_retry 5009 tx_retry_times 0
02-11 22:27:07.965 28786 28853 E GPUAUX  : [AUX]GuiExtAuxCheckAuxPath:663: Null anb
02-11 22:27:13.965 28786 28853 E GPUAUX  : [AUX]GuiExtAuxCheckAuxPath:663: Null anb
02-11 22:28:07.965 28786 28853 E GPUAUX  : [AUX]GuiExtAuxCheckAuxPath:663: Null anb
02-11 22:28:08.965 28786 28853 E GPUAUX  : [AUX]GuiExtAuxCheckAuxPath:663: Null anb
02-11 22:28:09.965 28786 28853 E GPUAUX  : [AUX]GuiExtAuxCheckAuxPath:663: Null anb
02-11 22:28:27.965 28786 28853 E GPUAUX  : [AUX]GuiExtAuxCheckAuxPath:663: Null anb
02-11 22:30:18.965  1798  2021 E WifiClientModeImpl[wlan0]: Error! unhandled message{ id=162361 when=-35ms what=131527 arg1=1 target=com.android.wifi.x.com.android.internal.util.StateMachine$SmHandler }
02-11 22:31:07.965 28786 28853 E GPUAUX  : [AUX]GuiExtAuxCheckAuxPath:663: Null anb
02-11 22:31:32.965 28786 28853 E GPUAUX  : [AUX]GuiExtAuxCheckAuxPath:663: Null anb
02-11 22:32:14.965 28786 28853 E GPUAUX  : [AUX]GuiExtAuxCheckAuxPath:663: Null anb
02-11 22:32:55.965 28786 28853 E GPUAUX  : [AUX]GuiExtAuxCheckAuxPath:663: Null anb
02-11 22:33:04.965 28786 28853 E GPUAUX  : [AUX]GuiExtAuxCheckAuxPath:663: Null anb
02-11 22:33:06.965 28786 28853 E GPUAUX  : [AUX]GuiExtAuxCheckAuxPath:663: Null anb
02-11 22:33:54.965 28786 28853 E GPUAUX  : [AUX]GuiExtAuxCheckAuxPath:663: Null anb
02-11 22:34:55.965 28786 28853 E GPUAUX  : [AUX]GuiExtAuxCheckAuxPath:663: Null anb
02-11 22:35:09.851  1333  1333 E wificond: vivo add tx_good 121965 tx_bad 0 rx_good 147936 tx_retry 5043 tx_retry_times 0
02-11 22:35:18.965 28786 28853 E GPUAUX  : [AUX]GuiExtAuxCheckAuxPath:663: Null anb
02-11 22:37:45.965 28786 28853 E GPUAUX  : [AUX]GuiExtAuxCheckAuxPath:663: Null anb
02-11 22:37:57.965 28786 28853 E GPUAUX  : [AUX]GuiExtAuxCheckAuxPath:663: Null anb
02-11 22:37:58.965 28786 28853 E GPUAUX  : [AUX]GuiExtAuxCheckAuxPath:663: Null anb
02-11 22:38:20.965 28786 28853 E GPUAUX  : [AUX]GuiExtAuxCheckAuxPath:663: Null anb
02-11 22:38:55.965 28786 28853 E GPUAUX  : [AUX]GuiExtAuxCheckAuxPath:663: Null anb
02-11 22:41:06.965  1798  1983 W _V_PackageManager: setEnabledSetting  packageName:com.google.android.gms className:com.google.android.gms.nearby.mediums.nearfieldcommunication.NfcAdvertisingService newState:1 userId:0 callingPackage:null callingUid:10186 callingPid:3188
02-11 22:41:07.380  2247  2260 I BLASTBufferQueue: releaseBufferCallbackThunk bufferId:9650791527391 framenumber:17 blastBufferQueue is dead
02-11 22:41:07.402   965  4416 D _V_vafx_muteframedetect: AudioHwOut session 6, curMuteFrame 3002549 ms, totalMuteFrame 6140816 ms, normalFrame 5927765 ms
02-11 22:41:07.693   965  4409 D AudioALSAHardware: +setParameters(): VivoVibrate=stop
02-11 22:41:07.694   965  4409 D AudioALSAHardware: -setParameters(): VivoVibrate=stop
02-11 22:41:07.703   965  4409 W BTAudioHw: adev_set_parameterserror paremeter : : ParamsMap=[key: 'VivoVibrate' value: 'stop'
02-11 22:41:07.703   965  4409 W BTAudioHw: ]
02-11 22:41:09.325   993  1066 I libPowerHal: [perfLockAcq] idx:1 hdl:110965 hint:11 pid:993 duration:30000 lock_user:mtkpower@1.0-se => ret_hdl:110965
02-11 22:41:09.408   965  4416 D _V_vafx_muteframedetect: AudioHwOut session 6, curMuteFrame 3004554 ms, totalMuteFrame 6142821 ms, normalFrame 5927765 ms
02-11 22:41:11.247  2247  3667 I BLASTBufferQueue: releaseBufferCallbackThunk bufferId:9650791527400 framenumber:68 blastBufferQueue is dead
02-11 22:41:11.413   965  4416 D _V_vafx_muteframedetect: AudioHwOut session 6, curMuteFrame 3006560 ms, totalMuteFrame 6144826 ms, normalFrame 5927765 ms
02-11 22:41:11.711   993  1066 I libPowerHal: [perfLockRel] hdl:110965, idx:1
02-11 22:41:13.418   965  4416 D _V_vafx_muteframedetect: AudioHwOut session 6, curMuteFrame 3008565 ms, totalMuteFrame 6146832 ms, normalFrame 5927765 ms
02-11 22:41:13.958   965  4409 D AudioALSAHardware: -getParameters(), return ""
02-11 22:41:13.965  1041 31135 I hash_map_utils: system/bt/osi/src/hash_map_utils.cc:81 hash_map_utils_dump_string_keys_string_values: key: 'AppSharePck' value: ''
02-11 22:41:13.968   965  4409 D AudioALSAHardware: -getParameters(), return ""
02-11 22:41:14.087   965  4409 D AudioALSAHardware: -getParameters(), return ""
02-11 22:41:14.096   965  4409 D AudioALSAHardware: -getParameters(), return ""
02-11 22:41:14.169   965  4409 D AudioALSAHardware: getParameters(), getCustScene = default
02-11 22:41:14.169   965  4409 D AudioALSAHardware: -getParameters(), return "GetAudioCustomScene=default"
02-11 22:41:14.198   965  4409 I AudioALSAStreamOut: updateSourceMetadata(), do nothing source_metadata = 0xe355bab8
02-11 22:41:14.199   965 16466 D _V_vafx_muteframedetect: AudioHwOut session 8, curMuteFrame 1370709 ms, totalMuteFrame 2726784 ms, normalFrame 1196160 ms
02-11 22:41:14.199   965 16466 D AudioALSAStreamOut: write(), flag 0x8, usePolicyDevice: 1, output_devices: 0x4 -> 0x4(policyDevice)
02-11 22:41:14.199   965 16466 D AudioALSAStreamManager: +syncSharedOutDevice(), originDevice/routingSharedOutDevice: 0x4/0x4, mAudioMode: 0
02-11 22:41:14.201   965 16466 D AudioALSAStreamOut: open(), flags 8
02-11 22:41:14.202   965 16466 D AudioALSAStreamManager: +createPlaybackHandler(), mAudioMode = 0, output_devices = 0x4, isMixerOut = 0, isBypassAurisys = 0, flag = 8, isIEMsSource = 0, isIEMsOn = 0
02-11 22:41:14.203   965 16466 D AudioALSAStreamManager: needEnableVoip(), output_devices = 0x4, flags: 0x8, mAvailableOutputFlags: 0x1800e, enable: 0
02-11 22:41:14.204   965 16466 W AudioCustParam: getNumMicSupport(), numMicString 1
02-11 22:41:14.206   965 16466 D AudioALSAPlaybackHandlerNormal: aw_init:  sizeof(p)=4
02-11 22:41:14.217   965 16466 D AudioALSAPlaybackHandlerNormal: aw_init:Awinic dlopen lib success 
02-11 22:41:14.219   965 16466 I AudioALSAPlaybackHandlerNormal: aw_init:awinic already init 
02-11 22:41:14.220   965 16466 I AudioALSAPlaybackHandlerNormal: AudioALSAPlaybackHandlerNormal: Awinic Get Size success !
02-11 22:41:14.221   965 16466 D AudioALSAPlaybackHandlerNormal: AudioALSAPlaybackHandlerNormal: Awinic malloc 406168 bytes
02-11 22:41:14.221   965 16466 D AudioALSAPlaybackHandlerNormal: SetParamsByScenes: custScene(default)
02-11 22:41:14.221   965 16466 I [Awinic]: skt3_v0.1.9.17
02-11 22:41:14.230   965 16466 D [Awinic]: set parameter done!
02-11 22:41:14.230   965 16466 D [Awinic]: init Done !
02-11 22:41:14.230   965 16466 D AudioALSAPlaybackHandlerNormal: AudioALSAPlaybackHandlerNormal: Awinic Init success
02-11 22:41:14.230   965 16466 D [Awinic]:  Set Media info Done !
02-11 22:41:14.230   965 16466 D AudioALSAPlaybackHandlerNormal: AudioALSAPlaybackHandlerNormal: Awinic set mediainfo success
02-11 22:41:14.231   965 16466 D AudioALSAPlaybackHandlerNormal: +open(), flag = 8, source output_devices = 0x4, audio_format = 3, buffer_size = 16384, sample_rate = 48000
02-11 22:41:14.231   965 16466 D AudioALSAPlaybackHandlerNormal: open: BSP.Audio BBK_AUDIO is defined
02-11 22:41:14.231   965 16466 D AudioALSAPlaybackHandlerNormal: open: BSP.Audio AWINIC_SKT_SUPPORT is defined
02-11 22:41:14.232   965 16466 I AudioALSAPlaybackHandlerNormal: open_audiodsp() this -> 0xe6580540 Init lib v125
02-11 22:41:14.234   965 16466 D AudioALSAPlaybackHandlerNormal: open_audiodsp_preset()
02-11 22:41:14.234   965 16466 E AudioALSAPlaybackHandlerNormal: open_audiodsp_preset() Preset file can't be opened
02-11 22:41:14.234   965 16466 E AudioALSAPlaybackHandlerNormal: open_audiodsp() Could not load the preset file, it might be sktv3 algo, return here.
02-11 22:41:14.234   965 16466 E AudioALSAPlaybackHandlerNormal: open() Could not open audioDSP lib
02-11 22:41:14.234   965 16466 D AudioALSAPlaybackHandlerNormal: open: BSP.Audio MTK_AUDIO_KS is defined
02-11 22:41:14.234   965 16466 D AudioALSAPlaybackHandlerNormal: open(), isolated deep buffer keypcmDeepBuffer = Playback_2
02-11 22:41:14.236   965 16466 D AudioALSADeviceParser: compare pcm success = 2, stringpair = Playback_2
02-11 22:41:14.237   965 16466 D AudioALSADeviceConfigManager: ApplyDeviceTurnonSequenceByName() DeviceName = PLAYBACK2_TO_ADDA_DL descriptor->DeviceStatusCounte = 0
02-11 22:41:14.242   965 16466 D AudioALSAPlaybackHandlerNormal: open: BSP.Audio PLAYBACK_USE_24BITS_ONLY.
02-11 22:41:14.242   965 16466 D AudioUtility: chooseTargetSampleRate() hiFiState 0 isDeviceSupportHiFi 1 sampleRate 48000 targetSampleRate 48000
02-11 22:41:14.242   965 16466 D AudioALSAPlaybackHandlerNormal: open: BSP.Audio MTK_HIFIAUDIO_SUPPORT is defined
02-11 22:41:14.242   965 16466 D AudioALSAPlaybackHandlerBase: transferAudioFormatToPcmFormat(), audio_format(0x4) => pcm_format(0x3)
02-11 22:41:14.242   965 16466 D AudioALSAPlaybackHandlerNormal: open(), flag = 8, mConfig: channels = 2, sample_rate(target) = 48000, period_size = 2048, period_count = 2, format = 3, avail_min = 2048, start_threshold = 0
02-11 22:41:14.250   965 16466 D AudioALSAPlaybackHandlerBase: openPcmDriverWithFlag(), pcm device = 2 flag = 0x8 mPcm = 0xe6b861d0
02-11 22:41:14.250   965 16466 D AudioALSAPlaybackHandlerNormal: open: BSP.Audio MTK_AURISYS_FRAMEWORK_SUPPORT is defined
02-11 22:41:14.250   965 16466 D AudioALSAPlaybackHandlerBase: CreateAurisysLibManager, ph type: 10, voip: 0, mAurisysScenario: 0
02-11 22:41:14.251   965 16466 D aurisys_utility: input dev: 0x80000010, fmt = 0x3, fs: 48000, max fs: 48000, ch: 1, max ch: 1, ch maks: 0x3, hw_info_mask: 0x0; output dev: 0x4, fmt = 0x3, fs: 48000, max fs: 48000, ch: 2, max ch: 2, ch maks: 0x3, hw_info_mask: 0x0; task_scene: 2, audio_mode: 0, stream_type: 3, output_flags: 0x8, input_source: 0, input_flags: 0x0; network_info: 0, enhancement_feature_mask: 0x0
02-11 22:41:14.251   965 16466 D AudioUtility: setupCustomInfoStr(), custom_info = "SetAudioCustomScene=default;", (scene = default, vol_level = -1, bt_codec = -1)
02-11 22:41:14.251   965 16466 D aurisys_utility: lib, working fs: 48000, fmt: 0x3, frame = 0, b_interleave = 1, num_ul_ref_buf_array = 0, num_dl_ref_buf_array = 0
02-11 22:41:14.251   965 16466 D aurisys_utility: dl in[type:2], ch: 2, ch_mask: 0x3, buf fs: 48000, buf content fs: 48000, fmt: 0x3; dl out[type:3], ch: 2, ch_mask: 0x3, buf fs: 48000, buf content fs: 48000, fmt: 0x3
02-11 22:41:14.252   965 16466 D android.hardware.audio.service.mediatek: get_custom_info_value(), cusom_info = SetAudioCustomScene=default;, key= SetAudioCustomScene, ret = 0, ptr = 0xe2dfbe58, value_str = default, max_value_str_leng = 20
02-11 22:41:14.253   965 16466 D AudioCompFltCustParam: audioHierarchicalParamEnable [1]
02-11 22:41:14.253   965 16466 D AudioCompFltCustParam: getPlaybackPostProcessParameterFromXML Type/Name [1]/[PlaybackHCF]
02-11 22:41:14.253   965 16466 D AudioCompFltCustParam: Caller wants to load Scene,default,
02-11 22:41:14.253   965 16466 D AudioCompFltCustParam: Scene [default] not found, use default scene
02-11 22:41:14.254   965 16466 D AudioCompFltCustParam: Load from scene Scene,Default,Profile,Headset
02-11 22:41:14.254   965 16466 D aurisys_lib_handler: aurisys_arsi_parsing_param_file(), gProductInfo "platform=MT6768,device=2110,model=V2110", file_path "/vendor/etc/PD2138F_EX_SM/audio_param", enhancement_mode 0, param_buf_size 2528, data_size 2528, custom_info SetAudioCustomScene=default;
02-11 22:41:14.256   965 16466 D aurisys_lib_handler: aurisys_arsi_create_handler(), lib_name mtk_bessound, 0xe5f857d0, memory_size 72624, arsi_handler 0xe817b450, retval 0x0
02-11 22:41:14.256   965 16466 D aurisys_lib_handler: aurisys_arsi_create_handler(), arsi_query_process_unit_bytes, ul 0, dl 4096, retval 0
02-11 22:41:14.256   965 16466 D aurisys_lib_manager: DL Lib, lib_name mtk_bessound, 0xe5f857d0, sample_rate: 48000 => 48000, num_channels: 2 => 2, audio_format: 0x3 => 0x3, interleave: 1 => 1, frame: 0 => 0
02-11 22:41:14.256   965 16466 D aurisys_lib_manager: DL out, sample_rate: 48000 => 48000, num_channels: 2 => 2, audio_format: 0x3 => 0x4, interleave: 1 => 1, frame: 0 => 0
02-11 22:41:14.258   965 16466 D AudioALSAVAFXManagerV2: T 10 F 0x4 Dev 0x4 CM 0xc CN 2 SR 48000 BS 32768
02-11 22:41:14.258   965 16466 W _V_AudioALSAVAFXManagerV2: initVAFXCtrl mVAFXSPCtrlHandler[1] Unsupport handler
02-11 22:41:14.258   965 16466 D AudioALSAVAFXManagerV2: T 10 F 0x4 Dev 0x4 CM 0xc CN 2 SR 48000 BS 32768
02-11 22:41:14.262   965 16466 V sbs_log : agc_init
02-11 22:41:14.263   965 16466 V sbs_log : agc_init
02-11 22:41:14.263   965 16466 V sbs_log : agc_set_param
02-11 22:41:14.263   965 16466 V sbs_log : agc_set_param
02-11 22:41:14.263   965 16466 D vafxea_wrapper: vafx_earadapt_init: chn 2, sr 48000, fmt 2, vfx 0xe514c970
02-11 22:41:14.264   965 16466 D vafxea_wrapper: vafx_earadapt_update_apply: 0, sr 48000
02-11 22:41:14.264   965 16466 D vafxea_wrapper: vafx_earadapt_update_apply: 44k params invalid, fill bypass
02-11 22:41:14.264   965 16466 D vafxea_wrapper: vafx_earadapt_params_sync: 3
02-11 22:41:14.264   965 16466 D AudioALSAHardwareResourceManager: +startOutputDevice(), new_devices = 0x4, mOutputDevices = 0x4, mStartOutputDevicesCount = 1 SampleRate = 48000
02-11 22:41:14.264   965 16466 D AudioALSAPlaybackHandlerNormal: open: BSP.Audio AWINIC_MEC_SUPPORT || AWINIC_EFFECT_SUPPORT is defined
02-11 22:41:14.264   965 16466 D AudioALSAPlaybackHandlerNormal: open: set Awinic audio_format 24_BIT
02-11 22:41:14.264   965 16466 D [Awinic]:  Set Media info Done !
02-11 22:41:14.264   965 16466 D AudioALSAPlaybackHandlerNormal: -open()
02-11 22:41:14.264   965 16466 D AudioALSAPlaybackHandlerNormal: setScreenState(), flag = 8, rate = 2048, mInterrupt = 0.042667, mode = 1, sample_rate(target) = 48000, buffer_size = 16384, channel = 2, format = 4, reduceInterruptSize = 1024
02-11 22:41:15.250   965  4409 D AudioALSAHardware: +setParameters(): VivoVibrate=stop
02-11 22:41:15.251   965  4409 D AudioALSAHardware: -setParameters(): VivoVibrate=stop
02-11 22:41:15.252   965  4409 W BTAudioHw: adev_set_parameterserror paremeter : : ParamsMap=[key: 'VivoVibrate' value: 'stop'
02-11 22:41:15.252   965  4409 W BTAudioHw: ]
02-11 22:41:15.424   965  4416 D _V_vafx_muteframedetect: AudioHwOut session 6, curMuteFrame 3010570 ms, totalMuteFrame 6148837 ms, normalFrame 5927765 ms
02-11 22:41:15.459   965  4409 D AudioALSAStreamOut: +setParameters(): flag 6, volumeDevice=4;volumeIndex=1;volumeStreamType=3
02-11 22:41:15.459   965  4409 D AudioMTKGainController: setNormalVolume(), mSceneIndex = 0, stream 3, devices 0x4, index 1, mode 0x0, gainDevice 0x1
02-11 22:41:15.459   965  4409 D AudioALSAStreamManager: setVolumeIndex() stream= 3, device= 4, index= 1
02-11 22:41:15.460   965  4409 I AudioALSAStreamOut: updateSourceMetadata(), do nothing source_metadata = 0xe355bab8
02-11 22:41:15.463   965  4409 I AudioALSAStreamOut: updateSourceMetadata(), do nothing source_metadata = 0xe355bab8
02-11 22:41:15.664   965  4409 D AudioALSAStreamOut: +setParameters(): flag 6, volumeDevice=4;volumeIndex=2;volumeStreamType=3
02-11 22:41:15.664   965  4409 D AudioMTKGainController: setNormalVolume(), mSceneIndex = 0, stream 3, devices 0x4, index 2, mode 0x0, gainDevice 0x1
02-11 22:41:15.665   965  4409 D AudioALSAStreamManager: setVolumeIndex() stream= 3, device= 4, index= 2
02-11 22:41:15.665   965  4409 I AudioALSAStreamOut: updateSourceMetadata(), do nothing source_metadata = 0xe355bab8
02-11 22:41:15.676   965  4409 I AudioALSAStreamOut: updateSourceMetadata(), do nothing source_metadata = 0xe355bab8
02-11 22:41:15.712   965  4409 D AudioALSAStreamOut: +setParameters(): flag 6, volumeDevice=4;volumeIndex=3;volumeStreamType=3
02-11 22:41:15.712   965  4409 D AudioMTKGainController: setNormalVolume(), mSceneIndex = 0, stream 3, devices 0x4, index 3, mode 0x0, gainDevice 0x1
02-11 22:41:15.712   965  4409 D AudioALSAStreamManager: setVolumeIndex() stream= 3, device= 4, index= 3
02-11 22:41:15.712   965  4409 I AudioALSAStreamOut: updateSourceMetadata(), do nothing source_metadata = 0xe355bab8
02-11 22:41:15.719   965  4409 I AudioALSAStreamOut: updateSourceMetadata(), do nothing source_metadata = 0xe355bab8
02-11 22:41:15.760   965  4409 D AudioALSAStreamOut: +setParameters(): flag 6, volumeDevice=4;volumeIndex=4;volumeStreamType=3
02-11 22:41:15.760   965  4409 D AudioMTKGainController: setNormalVolume(), mSceneIndex = 0, stream 3, devices 0x4, index 4, mode 0x0, gainDevice 0x1
02-11 22:41:15.760   965  4409 D AudioALSAStreamManager: setVolumeIndex() stream= 3, device= 4, index= 4
02-11 22:41:15.761   965  3298 I AudioALSAStreamOut: updateSourceMetadata(), do nothing source_metadata = 0xe365cab8
02-11 22:41:15.804   965  3298 I AudioALSAStreamOut: updateSourceMetadata(), do nothing source_metadata = 0xe365cab8
02-11 22:41:15.808   965  3298 D AudioALSAStreamOut: +setParameters(): flag 6, volumeDevice=4;volumeIndex=5;volumeStreamType=3
02-11 22:41:15.808   965  3298 D AudioMTKGainController: setNormalVolume(), mSceneIndex = 0, stream 3, devices 0x4, index 5, mode 0x0, gainDevice 0x1
02-11 22:41:15.808   965  3298 D AudioALSAStreamManager: setVolumeIndex() stream= 3, device= 4, index= 5
02-11 22:41:15.808   965  4409 I AudioALSAStreamOut: updateSourceMetadata(), do nothing source_metadata = 0xe355bab8
02-11 22:41:34.703   965 16466 E AudioALSAPlaybackHandlerNormal: open_audiodsp_preset() Preset file can't be opened
02-11 22:41:34.703   965 16466 E AudioALSAPlaybackHandlerNormal: open_audiodsp() Could not load the preset file, it might be sktv3 algo, return here.
02-11 22:41:34.703   965 16466 E AudioALSAPlaybackHandlerNormal: open() Could not open audioDSP lib
02-11 22:41:55.965   983  1036 E _V_Situation: processEvent, handle:93, flush_action:0 data:1
02-11 22:41:55.965   983  1036 E power   : ISystemSuspend::getService() failed.
02-11 22:43:27.965  3188 28213 E _V_SensorManager: unregisterListenerImpl listener=com.google.android.location.collectionlib.SensorScanner$SensorEventListenerAdapter@458bbcfsensor=NULL num: 1
02-11 22:44:51.965  1798  2893 E _V_RichTapVibratorService: getExtension == null
02-11 22:47:09.965   993  1066 E UxUtility: notifyAppState error = NULL
02-11 22:47:41.096   965 16466 E AudioALSAPlaybackHandlerNormal: open_audiodsp_preset() Preset file can't be opened
02-11 22:47:41.097   965 16466 E AudioALSAPlaybackHandlerNormal: open_audiodsp() Could not load the preset file, it might be sktv3 algo, return here.
02-11 22:47:41.097   965 16466 E AudioALSAPlaybackHandlerNormal: open() Could not open audioDSP lib
02-11 22:48:33.535   965  4416 E AudioALSAPlaybackHandlerNormal: open_audiodsp_preset() Preset file can't be opened
02-11 22:48:33.535   965  4416 E AudioALSAPlaybackHandlerNormal: open_audiodsp() Could not load the preset file, it might be sktv3 algo, return here.
02-11 22:48:33.535   965  4416 E AudioALSAPlaybackHandlerNormal: open() Could not open audioDSP lib
02-11 22:48:33.652   965  4416 E AudioALSAPlaybackHandlerBase: -getHardwareBufferInfo(), pcm_get_htimestamp fail, ret = -1, pcm_get_error =  flag = 0x6
02-11 22:48:33.658   965  4416 E AudioALSAPlaybackHandlerBase: -getHardwareBufferInfo(), pcm_get_htimestamp fail, ret = -1, pcm_get_error =  flag = 0x6
02-11 22:48:35.383   965 16466 E AudioALSAPlaybackHandlerNormal: open_audiodsp_preset() Preset file can't be opened
02-11 22:48:35.384   965 16466 E AudioALSAPlaybackHandlerNormal: open_audiodsp() Could not load the preset file, it might be sktv3 algo, return here.
02-11 22:48:35.384   965 16466 E AudioALSAPlaybackHandlerNormal: open() Could not open audioDSP lib
02-11 22:48:35.618  1333  1333 E wificond: vivo add tx_good 125827 tx_bad 0 rx_good 151965 tx_retry 5132 tx_retry_times 0
02-11 22:48:41.549   965 16466 E AudioALSAPlaybackHandlerNormal: open_audiodsp_preset() Preset file can't be opened
02-11 22:48:41.549   965 16466 E AudioALSAPlaybackHandlerNormal: open_audiodsp() Could not load the preset file, it might be sktv3 algo, return here.
02-11 22:48:41.549   965 16466 E AudioALSAPlaybackHandlerNormal: open() Could not open audioDSP lib
02-11 22:48:46.650   965  4416 E AudioALSAPlaybackHandlerNormal: open_audiodsp_preset() Preset file can't be opened
02-11 22:48:46.650   965  4416 E AudioALSAPlaybackHandlerNormal: open_audiodsp() Could not load the preset file, it might be sktv3 algo, return here.
02-11 22:48:46.650   965  4416 E AudioALSAPlaybackHandlerNormal: open() Could not open audioDSP lib
02-11 22:48:46.664   965  4416 E AudioALSAPlaybackHandlerBase: -getHardwareBufferInfo(), pcm_get_htimestamp fail, ret = -1, pcm_get_error =  flag = 0x6
02-11 22:48:46.665   965 16466 E AudioALSAPlaybackHandlerNormal: open_audiodsp_preset() Preset file can't be opened
02-11 22:48:46.665   965 16466 E AudioALSAPlaybackHandlerNormal: open_audiodsp() Could not load the preset file, it might be sktv3 algo, return here.
02-11 22:48:46.665   965 16466 E AudioALSAPlaybackHandlerNormal: open() Could not open audioDSP lib
02-11 22:48:46.669   965  4416 E AudioALSAPlaybackHandlerBase: -getHardwareBufferInfo(), pcm_get_htimestamp fail, ret = -1, pcm_get_error =  flag = 0x6
02-11 22:48:46.977   965  3463 E AudioALSAPlaybackHandlerNormal: open_audiodsp_preset() Preset file can't be opened
02-11 22:48:46.977   965  3463 E AudioALSAPlaybackHandlerNormal: open_audiodsp() Could not load the preset file, it might be sktv3 algo, return here.
02-11 22:48:46.977   965  3463 E AudioALSAPlaybackHandlerNormal: open() Could not open audioDSP lib
02-11 22:48:47.010   965  3463 E AudioALSAPlaybackHandlerBase: -getHardwareBufferInfo(), pcm_get_htimestamp fail, ret = -1, pcm_get_error =  flag = 0x8000
02-11 22:48:47.020   965  3463 E AudioALSAPlaybackHandlerBase: -getHardwareBufferInfo(), pcm_get_htimestamp fail, ret = -1, pcm_get_error =  flag = 0x8000
02-11 22:49:04.788   965  1100 E AudioALSAStreamOut: setVolume(), playbackhandler NULL, ret = -38
02-11 22:49:04.800   965  3298 E AudioALSAStreamOut: setVolume(), playbackhandler NULL, ret = -38
02-11 22:49:04.826   965  4416 E AudioALSAPlaybackHandlerNormal: open_audiodsp_preset() Preset file can't be opened
02-11 22:49:04.826   965  4416 E AudioALSAPlaybackHandlerNormal: open_audiodsp() Could not load the preset file, it might be sktv3 algo, return here.
02-11 22:49:04.826   965  4416 E AudioALSAPlaybackHandlerNormal: open() Could not open audioDSP lib
02-11 22:49:04.856   965  3463 E AudioALSAPlaybackHandlerNormal: open_audiodsp_preset() Preset file can't be opened
02-11 22:49:04.856   965  3463 E AudioALSAPlaybackHandlerNormal: open_audiodsp() Could not load the preset file, it might be sktv3 algo, return here.
02-11 22:49:04.856   965  3463 E AudioALSAPlaybackHandlerNormal: open() Could not open audioDSP lib
02-11 22:49:04.904   965  3463 E AudioALSAPlaybackHandlerBase: -getHardwareBufferInfo(), pcm_get_htimestamp fail, ret = -1, pcm_get_error =  flag = 0x8000
02-11 22:49:04.908   965  4416 E AudioALSAPlaybackHandlerBase: -getHardwareBufferInfo(), pcm_get_htimestamp fail, ret = -1, pcm_get_error =  flag = 0x6
02-11 22:49:04.913   965  4416 E AudioALSAPlaybackHandlerBase: -getHardwareBufferInfo(), pcm_get_htimestamp fail, ret = -1, pcm_get_error =  flag = 0x6
02-11 22:49:04.914   965  4416 E AudioALSAPlaybackHandlerBase: -getHardwareBufferInfo(), pcm_get_htimestamp fail, ret = -1, pcm_get_error =  flag = 0x6
02-11 22:49:04.915   965  3463 E AudioALSAPlaybackHandlerBase: -getHardwareBufferInfo(), pcm_get_htimestamp fail, ret = -1, pcm_get_error =  flag = 0x8000
02-11 22:49:04.919   965  4416 E AudioALSAPlaybackHandlerBase: -getHardwareBufferInfo(), pcm_get_htimestamp fail, ret = -1, pcm_get_error =  flag = 0x6
02-11 22:49:04.920   965  4416 E AudioALSAPlaybackHandlerBase: -getHardwareBufferInfo(), pcm_get_htimestamp fail, ret = -1, pcm_get_error =  flag = 0x6
02-11 22:49:04.925   965  4416 E AudioALSAPlaybackHandlerBase: -getHardwareBufferInfo(), pcm_get_htimestamp fail, ret = -1, pcm_get_error =  flag = 0x6
02-11 22:49:04.925   965  4416 E AudioALSAPlaybackHandlerBase: -getHardwareBufferInfo(), pcm_get_htimestamp fail, ret = -1, pcm_get_error =  flag = 0x6
02-11 22:49:04.930   965  4416 E AudioALSAPlaybackHandlerBase: -getHardwareBufferInfo(), pcm_get_htimestamp fail, ret = -1, pcm_get_error =  flag = 0x6
02-11 22:50:05.965   955  1198 E netd    : QUERY_RESOLV_NETID command.uid:10490, nid:0
02-11 22:50:16.256   965 16466 E AudioALSAPlaybackHandlerNormal: open_audiodsp_preset() Preset file can't be opened
02-11 22:50:16.256   965 16466 E AudioALSAPlaybackHandlerNormal: open_audiodsp() Could not load the preset file, it might be sktv3 algo, return here.
02-11 22:50:16.256   965 16466 E AudioALSAPlaybackHandlerNormal: open() Could not open audioDSP lib
02-11 22:50:21.613  1041  1387 D APM_AudioPolicyManager: startOutput() output 21, stream 3, session 29657
02-11 22:51:21.965   538   544 E android.system.suspend@1.0-service: Error opening kernel wakelock stats for: wakeup6: Permission denied
02-11 22:51:21.965   538   544 E android.system.suspend@1.0-service: Error opening kernel wakelock stats for: wakeup11: Permission denied
02-11 22:51:40.965  2615  2749 E _V_ProxCoverNoticeService: watch view is null, no need to update minimum
02-11 22:51:59.965   993  1022 I mtkpower@impl: [setMode] type:5, enabled:1
02-11 22:51:59.965   993  1066 I libPowerHal: [perfLockAcq] idx:1 hdl:111424 hint:11 pid:993 duration:30000 lock_user:mtkpower@1.0-se => ret_hdl:111424
02-11 22:51:59.965   993  1066 I libPowerHal: [PE] LAUNCH update cmd:1000000, param:0
02-11 22:51:59.965   993  1066 I libPowerHal: [PE] LAUNCH update cmd:1408300, param:100
02-11 22:52:06.965   983  1036 E _V_Situation: processEvent, handle:93, flush_action:0 data:2
02-11 22:52:58.171 32157  9658 E cr_CookieManager: Not setting cookie with null value for URL: https://m.dana.id/wallet/api/alipayplus.mobilewallet.product.mobilerecharge.load.json?ctoken=LiDW_Kiwp_VyV0D2
02-11 22:55:08.965  1798 13150 E lra_vibrator_VibratorController.jni: jni+++ vibratorOn sucess
02-11 22:55:21.168   965  4416 E AudioALSAPlaybackHandlerBase: -getHardwareBufferInfo(), pcm_get_htimestamp fail, ret = -1, pcm_get_error =  flag = 0x6
02-11 22:55:21.208   965  4416 E AudioALSAPlaybackHandlerBase: -getHardwareBufferInfo(), pcm_get_htimestamp fail, ret = -1, pcm_get_error =  flag = 0x6
02-11 22:55:21.213   965  4416 E AudioALSAPlaybackHandlerBase: -getHardwareBufferInfo(), pcm_get_htimestamp fail, ret = -1, pcm_get_error =  flag = 0x6
02-11 22:55:21.214   965  4416 E AudioALSAPlaybackHandlerBase: -getHardwareBufferInfo(), pcm_get_htimestamp fail, ret = -1, pcm_get_error =  flag = 0x6
02-11 22:55:21.219   965  4416 E AudioALSAPlaybackHandlerBase: -getHardwareBufferInfo(), pcm_get_htimestamp fail, ret = -1, pcm_get_error =  flag = 0x6
02-11 22:55:21.220   965  4416 E AudioALSAPlaybackHandlerBase: -getHardwareBufferInfo(), pcm_get_htimestamp fail, ret = -1, pcm_get_error =  flag = 0x6
02-11 22:55:21.225   965  4416 E AudioALSAPlaybackHandlerBase: -getHardwareBufferInfo(), pcm_get_htimestamp fail, ret = -1, pcm_get_error =  flag = 0x6
02-11 22:55:21.225   965  4416 E AudioALSAPlaybackHandlerBase: -getHardwareBufferInfo(), pcm_get_htimestamp fail, ret = -1, pcm_get_error =  flag = 0x6
02-11 22:55:21.230   965  4416 E AudioALSAPlaybackHandlerBase: -getHardwareBufferInfo(), pcm_get_htimestamp fail, ret = -1, pcm_get_error =  flag = 0x6
02-11 22:55:21.231   965  4416 E AudioALSAPlaybackHandlerBase: -getHardwareBufferInfo(), pcm_get_htimestamp fail, ret = -1, pcm_get_error =  flag = 0x6
02-11 22:55:21.236   965  4416 E AudioALSAPlaybackHandlerBase: -getHardwareBufferInfo(), pcm_get_htimestamp fail, ret = -1, pcm_get_error =  flag = 0x6
02-11 22:55:21.236   965  4416 E AudioALSAPlaybackHandlerBase: -getHardwareBufferInfo(), pcm_get_htimestamp fail, ret = -1, pcm_get_error =  flag = 0x6
02-11 22:55:21.242   965  4416 E AudioALSAPlaybackHandlerBase: -getHardwareBufferInfo(), pcm_get_htimestamp fail, ret = -1, pcm_get_error =  flag = 0x6
02-11 22:55:21.242   965  4416 E AudioALSAPlaybackHandlerBase: -getHardwareBufferInfo(), pcm_get_htimestamp fail, ret = -1, pcm_get_error =  flag = 0x6
02-11 22:55:21.248   965  4416 E AudioALSAPlaybackHandlerBase: -getHardwareBufferInfo(), pcm_get_htimestamp fail, ret = -1, pcm_get_error =  flag = 0x6
02-11 22:56:03.945   965 16466 E AudioALSAPlaybackHandlerNormal: open_audiodsp_preset() Preset file can't be opened
02-11 22:56:03.945   965 16466 E AudioALSAPlaybackHandlerNormal: open_audiodsp() Could not load the preset file, it might be sktv3 algo, return here.
02-11 22:56:03.945   965 16466 E AudioALSAPlaybackHandlerNormal: open() Could not open audioDSP lib
02-11 22:56:04.012   965 16466 E AudioALSAPlaybackHandlerBase: -getHardwareBufferInfo(), pcm_get_htimestamp fail, ret = -1, pcm_get_error =  flag = 0x8
02-11 22:56:17.670   965 16466 E AudioALSAPlaybackHandlerNormal: open_audiodsp_preset() Preset file can't be opened
02-11 22:56:17.670   965 16466 E AudioALSAPlaybackHandlerNormal: open_audiodsp() Could not load the preset file, it might be sktv3 algo, return here.
02-11 22:56:17.670   965 16466 E AudioALSAPlaybackHandlerNormal: open() Could not open audioDSP lib
02-11 22:56:19.537   965 16466 E AudioALSAPlaybackHandlerNormal: open_audiodsp_preset() Preset file can't be opened
02-11 22:56:19.537   965 16466 E AudioALSAPlaybackHandlerNormal: open_audiodsp() Could not load the preset file, it might be sktv3 algo, return here.
02-11 22:56:19.537   965 16466 E AudioALSAPlaybackHandlerNormal: open() Could not open audioDSP lib
02-11 22:56:19.586   965 16466 E AudioALSAPlaybackHandlerBase: -getHardwareBufferInfo(), pcm_get_htimestamp fail, ret = -1, pcm_get_error =  flag = 0x8
02-11 22:56:21.512 11873 13983 E BufferQueueProducer: BQDUMP  17:0xb400007d36e34d30 crop=[0,0,640,360] xform=0x00 time=134170.9656 scale=SCALE_TO_WINDOW
02-11 22:57:00.879   965 16466 E AudioALSAPlaybackHandlerNormal: open_audiodsp_preset() Preset file can't be opened
02-11 22:57:00.879   965 16466 E AudioALSAPlaybackHandlerNormal: open_audiodsp() Could not load the preset file, it might be sktv3 algo, return here.
02-11 22:57:00.879   965 16466 E AudioALSAPlaybackHandlerNormal: open() Could not open audioDSP lib
02-11 22:57:08.722   965 16466 E AudioALSAPlaybackHandlerNormal: open_audiodsp_preset() Preset file can't be opened
02-11 22:57:08.722   965 16466 E AudioALSAPlaybackHandlerNormal: open_audiodsp() Could not load the preset file, it might be sktv3 algo, return here.
02-11 22:57:08.722   965 16466 E AudioALSAPlaybackHandlerNormal: open() Could not open audioDSP lib
02-11 22:57:18.504 11873 13983 E BufferQueueProducer: BQDUMP  15:0xb400007d36e7fc70 crop=[0,0,640,360] xform=0x00 time=134227.9653 scale=SCALE_TO_WINDOW
02-11 22:57:18.521 11873 13983 E BufferQueueProducer: BQDUMP  15:0xb400007d36e7fc70 crop=[0,0,640,360] xform=0x00 time=134227.9653 scale=SCALE_TO_WINDOW
02-11 22:57:27.856   965  4416 E AudioALSAPlaybackHandlerNormal: open_audiodsp_preset() Preset file can't be opened
02-11 22:57:27.856   965  4416 E AudioALSAPlaybackHandlerNormal: open_audiodsp() Could not load the preset file, it might be sktv3 algo, return here.
02-11 22:57:27.856   965  4416 E AudioALSAPlaybackHandlerNormal: open() Could not open audioDSP lib
02-11 22:57:27.865   965  4416 E AudioALSAPlaybackHandlerBase: -getHardwareBufferInfo(), pcm_get_htimestamp fail, ret = -1, pcm_get_error =  flag = 0x6
02-11 22:57:27.871   965  4416 E AudioALSAPlaybackHandlerBase: -getHardwareBufferInfo(), pcm_get_htimestamp fail, ret = -1, pcm_get_error =  flag = 0x6
02-11 22:57:27.872   965 16466 E AudioALSAPlaybackHandlerNormal: open_audiodsp_preset() Preset file can't be opened
02-11 22:57:27.872   965 16466 E AudioALSAPlaybackHandlerNormal: open_audiodsp() Could not load the preset file, it might be sktv3 algo, return here.
02-11 22:57:27.872   965 16466 E AudioALSAPlaybackHandlerNormal: open() Could not open audioDSP lib
02-11 22:57:27.889   965  3463 E AudioALSAPlaybackHandlerNormal: open_audiodsp_preset() Preset file can't be opened
02-11 22:57:27.889   965  3463 E AudioALSAPlaybackHandlerNormal: open_audiodsp() Could not load the preset file, it might be sktv3 algo, return here.
02-11 22:57:27.889   965  3463 E AudioALSAPlaybackHandlerNormal: open() Could not open audioDSP lib
02-11 22:57:27.917   965  3463 E AudioALSAPlaybackHandlerBase: -getHardwareBufferInfo(), pcm_get_htimestamp fail, ret = -1, pcm_get_error =  flag = 0x8000
02-11 22:57:27.928   965  3463 E AudioALSAPlaybackHandlerBase: -getHardwareBufferInfo(), pcm_get_htimestamp fail, ret = -1, pcm_get_error =  flag = 0x8000
02-11 22:57:27.930   965  3463 E AudioALSAPlaybackHandlerBase: -getHardwareBufferInfo(), pcm_get_htimestamp fail, ret = -1, pcm_get_error =  flag = 0x8000
02-11 22:57:27.941   965  3463 E AudioALSAPlaybackHandlerBase: -getHardwareBufferInfo(), pcm_get_htimestamp fail, ret = -1, pcm_get_error =  flag = 0x8000
02-11 22:57:28.853   965  4416 E AudioALSAPlaybackHandlerNormal: open_audiodsp_preset() Preset file can't be opened
02-11 22:57:28.853   965  4416 E AudioALSAPlaybackHandlerNormal: open_audiodsp() Could not load the preset file, it might be sktv3 algo, return here.
02-11 22:57:28.853   965  4416 E AudioALSAPlaybackHandlerNormal: open() Could not open audioDSP lib
02-11 22:57:28.868   965 16466 E AudioALSAPlaybackHandlerNormal: open_audiodsp_preset() Preset file can't be opened
02-11 22:57:28.868   965 16466 E AudioALSAPlaybackHandlerNormal: open_audiodsp() Could not load the preset file, it might be sktv3 algo, return here.
02-11 22:57:28.868   965 16466 E AudioALSAPlaybackHandlerNormal: open() Could not open audioDSP lib
02-11 22:57:28.902   965  4416 E AudioALSAPlaybackHandlerBase: -getHardwareBufferInfo(), pcm_get_htimestamp fail, ret = -1, pcm_get_error =  flag = 0x6
02-11 22:57:28.903   965  4416 E AudioALSAPlaybackHandlerBase: -getHardwareBufferInfo(), pcm_get_htimestamp fail, ret = -1, pcm_get_error =  flag = 0x6
02-11 22:57:29.611   965  4416 E AudioALSAPlaybackHandlerNormal: open_audiodsp_preset() Preset file can't be opened
02-11 22:57:29.611   965  4416 E AudioALSAPlaybackHandlerNormal: open_audiodsp() Could not load the preset file, it might be sktv3 algo, return here.
02-11 22:57:29.611   965  4416 E AudioALSAPlaybackHandlerNormal: open() Could not open audioDSP lib
02-11 22:57:38.029 11873 13983 E BufferQueueProducer: BQDUMP >[02:0xb400007d36e73c10] state=ACQUIRED 0xb400007d56f26990 frame=965 [ 640x 360: 640,1000]
02-11 22:57:38.030 11873 13983 E BufferQueueProducer: BQDUMP >[02:0xb400007d36e73c10] state=ACQUIRED 0xb400007d56f26990 frame=965 [ 640x 360: 640,1000]
02-11 22:57:38.062 11873 13983 E BufferQueueProducer: BQDUMP  [02:0xb400007d36e73c10] state=DEQUEUED 0xb400007d56f26990 frame=965 [ 640x 360: 640,1000]
02-11 22:57:38.062 11873 13983 E BufferQueueProducer: BQDUMP  [02:0xb400007d36e73c10] state=DEQUEUED 0xb400007d56f26990 frame=965 [ 640x 360: 640,1000]
02-11 22:57:38.094 11873 13983 E BufferQueueProducer: BQDUMP  [02:0xb400007d36e73c10] state=DEQUEUED 0xb400007d56f26990 frame=965 [ 640x 360: 640,1000]
02-11 22:57:38.094 11873 13983 E BufferQueueProducer: BQDUMP  [02:0xb400007d36e73c10] state=DEQUEUED 0xb400007d56f26990 frame=965 [ 640x 360: 640,1000]
02-11 22:57:38.127 11873 13983 E BufferQueueProducer: BQDUMP  [02:0xb400007d36e73c10] state=DEQUEUED 0xb400007d56f26990 frame=965 [ 640x 360: 640,1000]
02-11 22:57:38.127 11873 13983 E BufferQueueProducer: BQDUMP  [02:0xb400007d36e73c10] state=DEQUEUED 0xb400007d56f26990 frame=965 [ 640x 360: 640,1000]
02-11 22:57:38.160 11873 13983 E BufferQueueProducer: BQDUMP  [02:0xb400007d36e73c10] state=DEQUEUED 0xb400007d56f26990 frame=965 [ 640x 360: 640,1000]
02-11 22:57:38.160 11873 13983 E BufferQueueProducer: BQDUMP  [02:0xb400007d36e73c10] state=DEQUEUED 0xb400007d56f26990 frame=965 [ 640x 360: 640,1000]
02-11 22:57:38.193 11873 13983 E BufferQueueProducer: BQDUMP  [02:0xb400007d36e73c10] state=DEQUEUED 0xb400007d56f26990 frame=965 [ 640x 360: 640,1000]
02-11 22:57:38.193 11873 13983 E BufferQueueProducer: BQDUMP  [02:0xb400007d36e73c10] state=DEQUEUED 0xb400007d56f26990 frame=965 [ 640x 360: 640,1000]
02-11 22:57:38.225 11873 13983 E BufferQueueProducer: BQDUMP  [02:0xb400007d36e73c10] state=DEQUEUED 0xb400007d56f26990 frame=965 [ 640x 360: 640,1000]
02-11 22:57:38.226 11873 13983 E BufferQueueProducer: BQDUMP  [02:0xb400007d36e73c10] state=DEQUEUED 0xb400007d56f26990 frame=965 [ 640x 360: 640,1000]
02-11 22:57:38.258 11873 13983 E BufferQueueProducer: BQDUMP  [02:0xb400007d36e73c10] state=DEQUEUED 0xb400007d56f26990 frame=965 [ 640x 360: 640,1000]
02-11 22:57:38.258 11873 13983 E BufferQueueProducer: BQDUMP  [02:0xb400007d36e73c10] state=DEQUEUED 0xb400007d56f26990 frame=965 [ 640x 360: 640,1000]
02-11 22:57:38.291 11873 13983 E BufferQueueProducer: BQDUMP  [02:0xb400007d36e73c10] state=DEQUEUED 0xb400007d56f26990 frame=965 [ 640x 360: 640,1000]
02-11 22:57:38.291 11873 13983 E BufferQueueProducer: BQDUMP  [02:0xb400007d36e73c10] state=DEQUEUED 0xb400007d56f26990 frame=965 [ 640x 360: 640,1000]
02-11 22:57:38.324 11873 13983 E BufferQueueProducer: BQDUMP  [02:0xb400007d36e73c10] state=DEQUEUED 0xb400007d56f26990 frame=965 [ 640x 360: 640,1000]
02-11 22:57:38.324 11873 13983 E BufferQueueProducer: BQDUMP  [02:0xb400007d36e73c10] state=DEQUEUED 0xb400007d56f26990 frame=965 [ 640x 360: 640,1000]
02-11 22:57:38.431 11873 13983 E BufferQueueProducer: BQDUMP  [02:0xb400007d36e73c10] state=DEQUEUED 0xb400007d56f26990 frame=965 [ 640x 360: 640,1000]
02-11 22:57:38.431 11873 13983 E BufferQueueProducer: BQDUMP  [02:0xb400007d36e73c10] state=DEQUEUED 0xb400007d56f26990 frame=965 [ 640x 360: 640,1000]
02-11 22:57:38.453 11873 13983 E BufferQueueProducer: BQDUMP  [02:0xb400007d36e73c10] state=DEQUEUED 0xb400007d56f26990 frame=965 [ 640x 360: 640,1000]
02-11 22:57:38.453 11873 13983 E BufferQueueProducer: BQDUMP  [02:0xb400007d36e73c10] state=DEQUEUED 0xb400007d56f26990 frame=965 [ 640x 360: 640,1000]
02-11 22:57:38.464 11873 13983 E BufferQueueProducer: BQDUMP  [02:0xb400007d36e73c10] state=DEQUEUED 0xb400007d56f26990 frame=965 [ 640x 360: 640,1000]
02-11 22:57:38.464 11873 13983 E BufferQueueProducer: BQDUMP  [02:0xb400007d36e73c10] state=DEQUEUED 0xb400007d56f26990 frame=965 [ 640x 360: 640,1000]
02-11 22:57:38.497 11873 13983 E BufferQueueProducer: BQDUMP  [02:0xb400007d36e73c10] state=DEQUEUED 0xb400007d56f26990 frame=965 [ 640x 360: 640,1000]
02-11 22:57:38.498 11873 13983 E BufferQueueProducer: BQDUMP  [02:0xb400007d36e73c10] state=DEQUEUED 0xb400007d56f26990 frame=965 [ 640x 360: 640,1000]
02-11 22:57:38.530 11873 13983 E BufferQueueProducer: BQDUMP  [02:0xb400007d36e73c10] state=DEQUEUED 0xb400007d56f26990 frame=965 [ 640x 360: 640,1000]
02-11 22:57:38.530 11873 13983 E BufferQueueProducer: BQDUMP  [02:0xb400007d36e73c10] state=DEQUEUED 0xb400007d56f26990 frame=965 [ 640x 360: 640,1000]
02-11 22:57:38.562 11873 13983 E BufferQueueProducer: BQDUMP  [02:0xb400007d36e73c10] state=DEQUEUED 0xb400007d56f26990 frame=965 [ 640x 360: 640,1000]
02-11 22:57:38.562 11873 13983 E BufferQueueProducer: BQDUMP  [02:0xb400007d36e73c10] state=DEQUEUED 0xb400007d56f26990 frame=965 [ 640x 360: 640,1000]
02-11 22:57:38.594 11873 13983 E BufferQueueProducer: BQDUMP  [02:0xb400007d36e73c10] state=DEQUEUED 0xb400007d56f26990 frame=965 [ 640x 360: 640,1000]
02-11 22:57:39.965   955  1198 E netd    : QUERY_RESOLV_NETID command.uid:10381, nid:0
02-11 22:57:54.789 15655 15655 E ndroid.setting: Dex checksum does not match for dex: /system/priv-app/Settings/Settings.apk.Expected: 3026433883, actual: 2319472965
02-11 22:57:56.014  1798  1821 E system_server: Dex checksum does not match for dex: /system/priv-app/Settings/Settings.apk.Expected: 3026433883, actual: 2319472965
02-11 22:57:56.032  1798  1821 E system_server: Dex checksum does not match for dex: /system/priv-app/Settings/Settings.apk.Expected: 3026433883, actual: 2319472965
02-11 22:58:01.272 16094 16094 F app_process: runtime.cc:676]   native: #25 pc 0000000000048a00  /apex/com.android.runtime/lib64/bionic/libc.so (__libc_init+96) (BuildId: 3cf600896578484f9ee24df4f1e36b7d)
02-11 22:58:01.272 16094 16094 F app_process: runtime.cc:676]   native: #22 pc 0000000000048a00  /apex/com.android.runtime/lib64/bionic/libc.so (__libc_init+96) (BuildId: 3cf600896578484f9ee24df4f1e36b7d)
02-11 22:58:02.548 16104 16104 F DEBUG   :       #00 pc 000000000004ff74  /apex/com.android.runtime/lib64/bionic/libc.so (abort+180) (BuildId: 3cf600896578484f9ee24df4f1e36b7d)
02-11 22:58:02.549 16104 16104 F DEBUG   :       #21 pc 0000000000048a00  /apex/com.android.runtime/lib64/bionic/libc.so (__libc_init+96) (BuildId: 3cf600896578484f9ee24df4f1e36b7d)
02-11 22:58:02.965   972  1336 I hwcomposer: [DEV] DispDevice::frameConfig isHBM:0 hbm_en:0  
02-11 22:58:03.248  2802  3000 I _V_NRMS-NORMAL: Memory status= MemTotal=3859340KB,MemAvailable=596508KB,Cached=579424KB,MemFree=54808KB,SwapFree=495568KB BgAppCount = 5 FrozenAppCount=0 expectedNumBgApps=4 expectedMinNumBgApps=3
02-11 22:58:05.532   965  4416 D _V_vafx_muteframedetect: AudioHwOut session 6, curMuteFrame 0 ms, totalMuteFrame 6157168 ms, normalFrame 6928229 ms
02-11 22:58:18.505  1798  1821 E system_server: Dex checksum does not match for dex: /system/priv-app/Settings/Settings.apk.Expected: 3026433883, actual: 2319472965
02-11 22:58:23.141  1798  1821 E system_server: Dex checksum does not match for dex: /system/priv-app/Settings/Settings.apk.Expected: 3026433883, actual: 2319472965
02-11 22:58:28.847  1798  1821 E system_server: Dex checksum does not match for dex: /system/priv-app/Settings/Settings.apk.Expected: 3026433883, actual: 2319472965
02-11 22:58:32.757   965 16466 E AudioALSAPlaybackHandlerNormal: open_audiodsp_preset() Preset file can't be opened
02-11 22:58:32.757   965 16466 E AudioALSAPlaybackHandlerNormal: open_audiodsp() Could not load the preset file, it might be sktv3 algo, return here.
